#
# There is insufficient memory for the Java Runtime Environment to continue.
# Native memory allocation (mmap) failed to map 1065353216 bytes. Error detail: G1 virtual space
# Possible reasons:
#   The system is out of physical RAM or swap space
#   This process is running with CompressedOops enabled, and the Java Heap may be blocking the growth of the native heap
# Possible solutions:
#   Reduce memory load on the system
#   Increase physical memory or swap space
#   Check if swap backing store is full
#   Decrease Java heap size (-Xmx/-Xms)
#   Decrease number of Java threads
#   Decrease Java thread stack sizes (-Xss)
#   Set larger code cache with -XX:ReservedCodeCacheSize=
#   JVM is running with Zero Based Compressed Oops mode in which the Java heap is
#     placed in the first 32GB address space. The Java Heap base address is the
#     maximum limit for the native heap growth. Please use -XX:HeapBaseMinAddress
#     to set the Java Heap base and to place the Java Heap above 32GB virtual address.
# This output file may be truncated or incomplete.
#
#  Out of Memory Error (os_windows.cpp:3714), pid=8228, tid=22340
#
# JRE version: OpenJDK Runtime Environment Corretto-21.0.11.10.1 (21.0.11+10) (build 21.0.11+10-LTS)
# Java VM: OpenJDK 64-Bit Server VM Corretto-21.0.11.10.1 (21.0.11+10-LTS, mixed mode, sharing, tiered, compressed oops, compressed class ptrs, g1 gc, windows-amd64)
# No core dump will be written. Minidumps are not enabled by default on client versions of Windows
#

---------------  S U M M A R Y ------------

Command Line: --add-opens=java.base/java.lang=ALL-UNNAMED --add-opens=java.base/java.lang.invoke=ALL-UNNAMED --add-opens=java.base/java.util=ALL-UNNAMED --add-opens=java.prefs/java.util.prefs=ALL-UNNAMED --add-exports=jdk.compiler/com.sun.tools.javac.api=ALL-UNNAMED --add-exports=jdk.compiler/com.sun.tools.javac.util=ALL-UNNAMED --add-opens=java.base/java.util=ALL-UNNAMED --add-opens=java.prefs/java.util.prefs=ALL-UNNAMED --add-opens=java.base/java.nio.charset=ALL-UNNAMED --add-opens=java.base/java.net=ALL-UNNAMED --add-opens=java.base/java.util.concurrent=ALL-UNNAMED --add-opens=java.base/java.util.concurrent.atomic=ALL-UNNAMED --add-opens=java.xml/javax.xml.namespace=ALL-UNNAMED --add-opens=java.base/java.time=ALL-UNNAMED -Xmx3072M -Dfile.encoding=UTF-8 -Duser.country=MX -Duser.language=es -Duser.variant -javaagent:C:\Users\isaac\.gradle\wrapper\dists\gradle-9.4.1-bin\arn2x92ynaizyzdaamcbpbhtj\gradle-9.4.1\lib\agents\gradle-instrumentation-agent-9.4.1.jar org.gradle.launcher.daemon.bootstrap.GradleDaemon 9.4.1

Host: AMD Ryzen 3 3250U with Radeon Graphics         , 4 cores, 5G,  Windows 11 , 64 bit Build 26100 (10.0.26100.8328)
Time: Sun Jun  7 22:39:06 2026 Hora estándar central (México) elapsed time: 1587.591462 seconds (0d 0h 26m 27s)

---------------  T H R E A D  ---------------

Current thread (0x0000017fc44de940):  VMThread "VM Thread"          [id=22340, stack(0x0000000394500000,0x0000000394600000) (1024K)]

Stack: [0x0000000394500000,0x0000000394600000]
Native frames: (J=compiled Java code, j=interpreted, Vv=VM code, C=native code)
V  [jvm.dll+0x6df899]
V  [jvm.dll+0x8bc52b]
V  [jvm.dll+0x8beaba]
V  [jvm.dll+0x8bf193]
V  [jvm.dll+0x28aa16]
V  [jvm.dll+0x6dc1f5]
V  [jvm.dll+0x6d003a]
V  [jvm.dll+0x3650fe]
V  [jvm.dll+0x36cfcb]
V  [jvm.dll+0x3bea89]
V  [jvm.dll+0x3bed2b]
V  [jvm.dll+0x3392c7]
V  [jvm.dll+0x339357]
V  [jvm.dll+0x37d83c]
V  [jvm.dll+0x37c01e]
V  [jvm.dll+0x338a21]
V  [jvm.dll+0x37b68a]
V  [jvm.dll+0x8c4eef]
V  [jvm.dll+0x8c63d3]
V  [jvm.dll+0x8c6944]
V  [jvm.dll+0x8c6a43]
V  [jvm.dll+0x8672bd]
V  [jvm.dll+0x6de09d]
C  [ucrtbase.dll+0x37b0]
C  [KERNEL32.DLL+0x2e957]
C  [ntdll.dll+0x427c]

VM_Operation (0x0000000397cf7090): G1CollectForAllocation, mode: safepoint, requested by thread 0x000001800d23d9f0


---------------  P R O C E S S  ---------------

Threads class SMR info:
_java_thread_list=0x0000017ff9e72ba0, length=65, elements={
0x0000017fc2129760, 0x0000017fe1bcb7c0, 0x0000017fe1bcc220, 0x0000017fe1bd2d40,
0x0000017fe1bd37a0, 0x0000017fe1bd5510, 0x0000017fe1bd5f70, 0x0000017fe1bedf80,
0x0000017fe1befbc0, 0x0000017fe6260980, 0x0000017fe62818c0, 0x0000017fe709e020,
0x0000017fe79b1560, 0x0000017fe76112f0, 0x0000017fe74525a0, 0x0000017fe7452c30,
0x0000017fe74504d0, 0x0000017fe9a52990, 0x0000017fe9a536b0, 0x0000017fe9a51c70,
0x0000017fe9a515e0, 0x0000017fe9a55780, 0x0000017fe9a54a60, 0x0000017fe9a55e10,
0x000001800dfb8140, 0x000001800619fcb0, 0x000001800619dbe0, 0x00000180061a4b70,
0x00000180061a2410, 0x00000180061a37c0, 0x00000180061a3e50, 0x00000180061a44e0,
0x00000180061a16f0, 0x00000180061a5f20, 0x00000180061a72d0, 0x00000180061a7960,
0x00000180061a65b0, 0x00000180061a6c40, 0x00000180061a5200, 0x00000180061a5890,
0x00000180061ab470, 0x00000180061a1060, 0x00000180061a8d10, 0x0000017feb8f9520,
0x0000017fe74532c0, 0x000001800dfb9b80, 0x000001800dfbb5c0, 0x000001800dfba8a0,
0x000001800dfbc2e0, 0x000001800dfbc970, 0x0000018005b98ad0, 0x000001800d2391c0,
0x000001800d23ccd0, 0x000001800d239850, 0x000001800d23d9f0, 0x000001800d23e080,
0x000001800d232f50, 0x000001800d235020, 0x000001800d233c70, 0x000001800d236a60,
0x000001800d235d40, 0x000001800d2335e0, 0x000001800d23a570, 0x000001800d23ac00,
0x000001800cfe7bb0
}

Java Threads: ( => current thread )
  0x0000017fc2129760 JavaThread "main"                              [_thread_blocked, id=15160, stack(0x0000000393e00000,0x0000000393f00000) (1024K)]
  0x0000017fe1bcb7c0 JavaThread "Reference Handler"          daemon [_thread_blocked, id=23056, stack(0x0000000394600000,0x0000000394700000) (1024K)]
  0x0000017fe1bcc220 JavaThread "Finalizer"                  daemon [_thread_blocked, id=11344, stack(0x0000000394700000,0x0000000394800000) (1024K)]
  0x0000017fe1bd2d40 JavaThread "Signal Dispatcher"          daemon [_thread_blocked, id=16164, stack(0x0000000394800000,0x0000000394900000) (1024K)]
  0x0000017fe1bd37a0 JavaThread "Attach Listener"            daemon [_thread_blocked, id=22484, stack(0x0000000394900000,0x0000000394a00000) (1024K)]
  0x0000017fe1bd5510 JavaThread "Service Thread"             daemon [_thread_blocked, id=22500, stack(0x0000000394a00000,0x0000000394b00000) (1024K)]
  0x0000017fe1bd5f70 JavaThread "Monitor Deflation Thread"   daemon [_thread_blocked, id=15356, stack(0x0000000394b00000,0x0000000394c00000) (1024K)]
  0x0000017fe1bedf80 JavaThread "C2 CompilerThread0"         daemon [_thread_blocked, id=15284, stack(0x0000000394c00000,0x0000000394d00000) (1024K)]
  0x0000017fe1befbc0 JavaThread "C1 CompilerThread0"         daemon [_thread_blocked, id=2728, stack(0x0000000394d00000,0x0000000394e00000) (1024K)]
  0x0000017fe6260980 JavaThread "Common-Cleaner"             daemon [_thread_blocked, id=25432, stack(0x0000000394e00000,0x0000000394f00000) (1024K)]
  0x0000017fe62818c0 JavaThread "Notification Thread"        daemon [_thread_blocked, id=22632, stack(0x0000000394f00000,0x0000000395000000) (1024K)]
  0x0000017fe709e020 JavaThread "Daemon health stats"               [_thread_blocked, id=21744, stack(0x0000000395300000,0x0000000395400000) (1024K)]
  0x0000017fe79b1560 JavaThread "Incoming local TCP Connector on port 62059"        [_thread_in_native, id=15204, stack(0x0000000395400000,0x0000000395500000) (1024K)]
  0x0000017fe76112f0 JavaThread "Daemon periodic checks"            [_thread_blocked, id=3452, stack(0x0000000395500000,0x0000000395600000) (1024K)]
  0x0000017fe74525a0 JavaThread "Cache worker for journal cache (C:\Users\isaac\.gradle\caches\journal-1)"        [_thread_blocked, id=25548, stack(0x0000000395d00000,0x0000000395e00000) (1024K)]
  0x0000017fe7452c30 JavaThread "File lock request listener"        [_thread_in_native, id=15572, stack(0x0000000395e00000,0x0000000395f00000) (1024K)]
  0x0000017fe74504d0 JavaThread "Cache worker for file hash cache (C:\Users\isaac\.gradle\caches\9.4.1\fileHashes)"        [_thread_blocked, id=15100, stack(0x0000000395f00000,0x0000000396000000) (1024K)]
  0x0000017fe9a52990 JavaThread "File watcher server"        daemon [_thread_blocked, id=23660, stack(0x0000000396200000,0x0000000396300000) (1024K)]
  0x0000017fe9a536b0 JavaThread "File watcher consumer"      daemon [_thread_blocked, id=8184, stack(0x0000000396300000,0x0000000396400000) (1024K)]
  0x0000017fe9a51c70 JavaThread "jar transforms"                    [_thread_blocked, id=12496, stack(0x0000000396500000,0x0000000396600000) (1024K)]
  0x0000017fe9a515e0 JavaThread "jar transforms Thread 2"           [_thread_blocked, id=19220, stack(0x0000000396600000,0x0000000396700000) (1024K)]
  0x0000017fe9a55780 JavaThread "jar transforms Thread 3"           [_thread_blocked, id=3376, stack(0x0000000396700000,0x0000000396800000) (1024K)]
  0x0000017fe9a54a60 JavaThread "jar transforms Thread 4"           [_thread_blocked, id=17912, stack(0x0000000396800000,0x0000000396900000) (1024K)]
  0x0000017fe9a55e10 JavaThread "Cache worker for file content cache (C:\Users\isaac\.gradle\caches\9.4.1\fileContent)"        [_thread_blocked, id=24140, stack(0x0000000393c00000,0x0000000393d00000) (1024K)]
  0x000001800dfb8140 JavaThread "Memory manager"                    [_thread_blocked, id=19108, stack(0x0000000397200000,0x0000000397300000) (1024K)]
  0x000001800619fcb0 JavaThread "pool-4-thread-1"                   [_thread_blocked, id=14084, stack(0x0000000397100000,0x0000000397200000) (1024K)]
  0x000001800619dbe0 JavaThread "Daemon Thread 2"                   [_thread_blocked, id=18900, stack(0x0000000393b00000,0x0000000393c00000) (1024K)]
  0x00000180061a4b70 JavaThread "Handler for socket connection from /127.0.0.1:62059 to /127.0.0.1:56289"        [_thread_in_native, id=24728, stack(0x0000000393d00000,0x0000000393e00000) (1024K)]
  0x00000180061a2410 JavaThread "Cancel handler"                    [_thread_blocked, id=19060, stack(0x0000000395600000,0x0000000395700000) (1024K)]
  0x00000180061a37c0 JavaThread "Daemon worker Thread 2"            [_thread_blocked, id=7464, stack(0x0000000395700000,0x0000000395800000) (1024K)]
  0x00000180061a3e50 JavaThread "Asynchronous log dispatcher for DefaultDaemonConnection: socket connection from /127.0.0.1:62059 to /127.0.0.1:56289"        [_thread_blocked, id=22316, stack(0x0000000395800000,0x0000000395900000) (1024K)]
  0x00000180061a44e0 JavaThread "Stdin handler"                     [_thread_blocked, id=8464, stack(0x0000000395900000,0x0000000395a00000) (1024K)]
  0x00000180061a16f0 JavaThread "Daemon client event forwarder"        [_thread_blocked, id=25528, stack(0x0000000395a00000,0x0000000395b00000) (1024K)]
  0x00000180061a5f20 JavaThread "Cache worker for file hash cache (C:\Users\isaac\AndroidStudioProjects\EjemploMoviles\.gradle\9.4.1\fileHashes)"        [_thread_blocked, id=24540, stack(0x0000000395b00000,0x0000000395c00000) (1024K)]
  0x00000180061a72d0 JavaThread "Cache worker for checksums cache (C:\Users\isaac\AndroidStudioProjects\EjemploMoviles\.gradle\9.4.1\checksums)"        [_thread_blocked, id=19152, stack(0x0000000395c00000,0x0000000395d00000) (1024K)]
  0x00000180061a7960 JavaThread "Cache worker for Build Output Cleanup Cache (C:\Users\isaac\AndroidStudioProjects\EjemploMoviles\.gradle\buildOutputCleanup)"        [_thread_blocked, id=25320, stack(0x0000000396000000,0x0000000396100000) (1024K)]
  0x00000180061a65b0 JavaThread "Cache worker for cache directory md-supplier (C:\Users\isaac\.gradle\caches\9.4.1\md-supplier)"        [_thread_blocked, id=24152, stack(0x0000000396100000,0x0000000396200000) (1024K)]
  0x00000180061a6c40 JavaThread "Cache worker for cache directory md-rule (C:\Users\isaac\.gradle\caches\9.4.1\md-rule)"        [_thread_blocked, id=18480, stack(0x0000000396400000,0x0000000396500000) (1024K)]
  0x00000180061a5200 JavaThread "Build operations"                  [_thread_blocked, id=17956, stack(0x0000000396900000,0x0000000396a00000) (1024K)]
  0x00000180061a5890 JavaThread "Build operations Thread 2"         [_thread_blocked, id=16672, stack(0x0000000396a00000,0x0000000396b00000) (1024K)]
  0x00000180061ab470 JavaThread "Build operations Thread 3"         [_thread_blocked, id=15496, stack(0x0000000396b00000,0x0000000396c00000) (1024K)]
  0x00000180061a1060 JavaThread "Build operations Thread 4"         [_thread_blocked, id=13184, stack(0x0000000396c00000,0x0000000396d00000) (1024K)]
  0x00000180061a8d10 JavaThread "Configuration cache report writer"        [_thread_blocked, id=15224, stack(0x0000000396d00000,0x0000000396e00000) (1024K)]
  0x0000017feb8f9520 JavaThread "build event listener"              [_thread_blocked, id=16160, stack(0x0000000396f00000,0x0000000397000000) (1024K)]
  0x0000017fe74532c0 JavaThread "build event listener"              [_thread_blocked, id=14572, stack(0x0000000396e00000,0x0000000396f00000) (1024K)]
  0x000001800dfb9b80 JavaThread "build event listener"              [_thread_blocked, id=22608, stack(0x0000000397000000,0x0000000397100000) (1024K)]
  0x000001800dfbb5c0 JavaThread "pool-8-thread-1"                   [_thread_blocked, id=21244, stack(0x0000000397400000,0x0000000397500000) (1024K)]
  0x000001800dfba8a0 JavaThread "build event listener"              [_thread_blocked, id=24952, stack(0x0000000397500000,0x0000000397600000) (1024K)]
  0x000001800dfbc2e0 JavaThread "Exec process"                      [_thread_blocked, id=25112, stack(0x0000000397300000,0x0000000397400000) (1024K)]
  0x000001800dfbc970 JavaThread "Exec process Thread 2"             [_thread_blocked, id=18572, stack(0x0000000397600000,0x0000000397700000) (1024K)]
  0x0000018005b98ad0 JavaThread "Exec process Thread 3"             [_thread_blocked, id=21156, stack(0x0000000397700000,0x0000000397800000) (1024K)]
  0x000001800d2391c0 JavaThread "included builds"                   [_thread_blocked, id=18276, stack(0x0000000397900000,0x0000000397a00000) (1024K)]
  0x000001800d23ccd0 JavaThread "Execution worker"                  [_thread_blocked, id=6512, stack(0x0000000397a00000,0x0000000397b00000) (1024K)]
  0x000001800d239850 JavaThread "Execution worker Thread 2"         [_thread_blocked, id=21116, stack(0x0000000397b00000,0x0000000397c00000) (1024K)]
  0x000001800d23d9f0 JavaThread "Execution worker Thread 3"         [_thread_blocked, id=12144, stack(0x0000000397c00000,0x0000000397d00000) (1024K)]
  0x000001800d23e080 JavaThread "Cache worker for execution history cache (C:\Users\isaac\AndroidStudioProjects\EjemploMoviles\.gradle\9.4.1\executionHistory)"        [_thread_blocked, id=7548, stack(0x0000000397d00000,0x0000000397e00000) (1024K)]
  0x000001800d232f50 JavaThread "WorkerExecutor Queue"              [_thread_blocked, id=19180, stack(0x0000000397800000,0x0000000397900000) (1024K)]
  0x000001800d235020 JavaThread "WorkerExecutor Queue Thread 2"        [_thread_blocked, id=3220, stack(0x0000000398000000,0x0000000398100000) (1024K)]
  0x000001800d233c70 JavaThread "WorkerExecutor Queue Thread 3"        [_thread_blocked, id=24024, stack(0x0000000397f00000,0x0000000398000000) (1024K)]
  0x000001800d236a60 JavaThread "WorkerExecutor Queue Thread 4"        [_thread_blocked, id=21996, stack(0x0000000398100000,0x0000000398200000) (1024K)]
  0x000001800d235d40 JavaThread "ForkJoinPool-2-worker-1"    daemon [_thread_blocked, id=16220, stack(0x0000000398300000,0x0000000398400000) (1024K)]
  0x000001800d2335e0 JavaThread "ForkJoinPool-2-worker-2"    daemon [_thread_blocked, id=25296, stack(0x0000000398400000,0x0000000398500000) (1024K)]
  0x000001800d23a570 JavaThread "ForkJoinPool-2-worker-3"    daemon [_thread_blocked, id=20096, stack(0x0000000398500000,0x0000000398600000) (1024K)]
  0x000001800d23ac00 JavaThread "ForkJoinPool-2-worker-4"    daemon [_thread_blocked, id=7020, stack(0x0000000398200000,0x0000000398300000) (1024K)]
  0x000001800cfe7bb0 JavaThread "C2 CompilerThread1"         daemon [_thread_blocked, id=23088, stack(0x0000000398600000,0x0000000398700000) (1024K)]
Total: 65

Other Threads:
=>0x0000017fc44de940 VMThread "VM Thread"                           [id=22340, stack(0x0000000394500000,0x0000000394600000) (1024K)]
  0x0000017fe1b9ca10 WatcherThread "VM Periodic Task Thread"        [id=5084, stack(0x0000000394400000,0x0000000394500000) (1024K)]
  0x0000017fc4471480 WorkerThread "GC Thread#0"                     [id=13620, stack(0x0000000393f00000,0x0000000394000000) (1024K)]
  0x0000017fe6657f70 WorkerThread "GC Thread#1"                     [id=18440, stack(0x0000000395100000,0x0000000395200000) (1024K)]
  0x0000017fe661b1c0 WorkerThread "GC Thread#2"                     [id=21872, stack(0x0000000395200000,0x0000000395300000) (1024K)]
  0x0000017fe6db5620 WorkerThread "GC Thread#3"                     [id=11632, stack(0x0000000395000000,0x0000000395100000) (1024K)]
  0x0000017fc447f9a0 ConcurrentGCThread "G1 Main Marker"            [id=5940, stack(0x0000000394000000,0x0000000394100000) (1024K)]
  0x0000017fc44803c0 WorkerThread "G1 Conc#0"                       [id=24616, stack(0x0000000394100000,0x0000000394200000) (1024K)]
  0x0000017fc44c9570 ConcurrentGCThread "G1 Refine#0"               [id=25028, stack(0x0000000394200000,0x0000000394300000) (1024K)]
  0x0000017fc44ca000 ConcurrentGCThread "G1 Service"                [id=22572, stack(0x0000000394300000,0x0000000394400000) (1024K)]
Total: 10

Threads with active compile tasks:
C2 CompilerThread0  1587726 35722       4       com.android.tools.r8.internal.nv::a (4509 bytes)
C2 CompilerThread1  1587726 35696   !   4       com.android.tools.r8.graph.a6::<init> (70 bytes)
Total: 2

VM state: at safepoint (normal execution)

VM Mutex/Monitor currently owned by a thread:  ([mutex/lock_event])
[0x00007ff9e0bc65c0] Threads_lock - owner thread: 0x0000017fc44de940
[0x00007ff9e0bc66c0] Heap_lock - owner thread: 0x000001800d23d9f0

Heap address: 0x0000000740000000, size: 3072 MB, Compressed Oops mode: Zero based, Oop shift amount: 3

CDS archive(s) mapped at: [0x0000017f80000000-0x0000017f80c80000-0x0000017f80c80000), size 13107200, SharedBaseAddress: 0x0000017f80000000, ArchiveRelocationMode: 1.
Compressed class space mapped at: 0x0000017f81000000-0x0000017fc1000000, reserved size: 1073741824
Narrow klass base: 0x0000017f80000000, Narrow klass shift: 0, Narrow klass range: 0x100000000

GC Precious Log:
 CardTable entry size: 512
 Card Set container configuration: InlinePtr #cards 4 size 8 Array Of Cards #cards 16 size 48 Howl #buckets 8 coarsen threshold 3686 Howl Bitmap #cards 512 size 80 coarsen threshold 460 Card regions per heap region 1 cards per card region 4096
 CPUs: 4 total, 4 available
 Memory: 6059M
 Large Page Support: Disabled
 NUMA Support: Disabled
 Compressed Oops: Enabled (Zero based)
 Heap Region Size: 2M
 Heap Min Capacity: 8M
 Heap Initial Capacity: 96M
 Heap Max Capacity: 3G
 Pre-touch: Disabled
 Parallel Workers: 4
 Concurrent Workers: 1
 Concurrent Refinement Workers: 4
 Periodic GC: Disabled

Heap:
 garbage-first heap   total 546816K, used 291621K [0x0000000740000000, 0x0000000800000000)
  region size 2048K, 3 young (6144K), 3 survivors (6144K)
 Metaspace       used 257356K, committed 260864K, reserved 1310720K
  class space    used 32577K, committed 34368K, reserved 1048576K

Heap Regions: E=young(eden), S=young(survivor), O=old, HS=humongous(starts), HC=humongous(continues), CS=collection set, F=free, TAMS=top-at-mark-start, PB=parsable bottom
|   0|0x0000000740000000, 0x0000000740200000, 0x0000000740200000|100%| O|  |TAMS 0x0000000740200000| PB 0x0000000740000000| Untracked 
|   1|0x0000000740200000, 0x0000000740400000, 0x0000000740400000|100%|HS|  |TAMS 0x0000000740400000| PB 0x0000000740200000| Complete 
|   2|0x0000000740400000, 0x0000000740600000, 0x0000000740600000|100%|HC|  |TAMS 0x0000000740600000| PB 0x0000000740400000| Complete 
|   3|0x0000000740600000, 0x0000000740800000, 0x0000000740800000|100%| O|  |TAMS 0x0000000740800000| PB 0x0000000740600000| Untracked 
|   4|0x0000000740800000, 0x0000000740a00000, 0x0000000740a00000|100%| O|  |TAMS 0x0000000740a00000| PB 0x0000000740800000| Untracked 
|   5|0x0000000740a00000, 0x0000000740c00000, 0x0000000740c00000|100%| O|  |TAMS 0x0000000740c00000| PB 0x0000000740a00000| Untracked 
|   6|0x0000000740c00000, 0x0000000740e00000, 0x0000000740e00000|100%|HS|  |TAMS 0x0000000740e00000| PB 0x0000000740c00000| Complete 
|   7|0x0000000740e00000, 0x0000000741000000, 0x0000000741000000|100%| O|  |TAMS 0x0000000741000000| PB 0x0000000740e00000| Untracked 
|   8|0x0000000741000000, 0x0000000741200000, 0x0000000741200000|100%| O|  |TAMS 0x0000000741200000| PB 0x0000000741000000| Untracked 
|   9|0x0000000741200000, 0x0000000741400000, 0x0000000741400000|100%| O|  |TAMS 0x0000000741400000| PB 0x0000000741200000| Untracked 
|  10|0x0000000741400000, 0x0000000741600000, 0x0000000741600000|100%| O|  |TAMS 0x0000000741600000| PB 0x0000000741400000| Untracked 
|  11|0x0000000741600000, 0x0000000741800000, 0x0000000741800000|100%|HS|  |TAMS 0x0000000741800000| PB 0x0000000741600000| Complete 
|  12|0x0000000741800000, 0x0000000741a00000, 0x0000000741a00000|100%|HC|  |TAMS 0x0000000741a00000| PB 0x0000000741800000| Complete 
|  13|0x0000000741a00000, 0x0000000741c00000, 0x0000000741c00000|100%|HC|  |TAMS 0x0000000741c00000| PB 0x0000000741a00000| Complete 
|  14|0x0000000741c00000, 0x0000000741e00000, 0x0000000741e00000|100%| O|  |TAMS 0x0000000741e00000| PB 0x0000000741c00000| Untracked 
|  15|0x0000000741e00000, 0x0000000742000000, 0x0000000742000000|100%| O|  |TAMS 0x0000000742000000| PB 0x0000000741e00000| Untracked 
|  16|0x0000000742000000, 0x0000000742200000, 0x0000000742200000|100%| O|  |TAMS 0x0000000742200000| PB 0x0000000742000000| Untracked 
|  17|0x0000000742200000, 0x0000000742400000, 0x0000000742400000|100%| O|  |TAMS 0x0000000742400000| PB 0x0000000742200000| Untracked 
|  18|0x0000000742400000, 0x0000000742600000, 0x0000000742600000|100%|HS|  |TAMS 0x0000000742600000| PB 0x0000000742400000| Complete 
|  19|0x0000000742600000, 0x0000000742800000, 0x0000000742800000|100%|HS|  |TAMS 0x0000000742800000| PB 0x0000000742600000| Complete 
|  20|0x0000000742800000, 0x0000000742a00000, 0x0000000742a00000|100%|HC|  |TAMS 0x0000000742a00000| PB 0x0000000742800000| Complete 
|  21|0x0000000742a00000, 0x0000000742c00000, 0x0000000742c00000|100%|HC|  |TAMS 0x0000000742c00000| PB 0x0000000742a00000| Complete 
|  22|0x0000000742c00000, 0x0000000742e00000, 0x0000000742e00000|100%|HS|  |TAMS 0x0000000742e00000| PB 0x0000000742c00000| Complete 
|  23|0x0000000742e00000, 0x0000000743000000, 0x0000000743000000|100%| O|  |TAMS 0x0000000743000000| PB 0x0000000742e00000| Untracked 
|  24|0x0000000743000000, 0x0000000743200000, 0x0000000743200000|100%| O|  |TAMS 0x0000000743200000| PB 0x0000000743000000| Untracked 
|  25|0x0000000743200000, 0x0000000743400000, 0x0000000743400000|100%| O|  |TAMS 0x0000000743400000| PB 0x0000000743200000| Untracked 
|  26|0x0000000743400000, 0x0000000743600000, 0x0000000743600000|100%| O|  |TAMS 0x0000000743600000| PB 0x0000000743400000| Untracked 
|  27|0x0000000743600000, 0x0000000743800000, 0x0000000743800000|100%| O|  |TAMS 0x0000000743800000| PB 0x0000000743600000| Untracked 
|  28|0x0000000743800000, 0x0000000743a00000, 0x0000000743a00000|100%| O|  |TAMS 0x0000000743a00000| PB 0x0000000743800000| Untracked 
|  29|0x0000000743a00000, 0x0000000743c00000, 0x0000000743c00000|100%| O|  |TAMS 0x0000000743c00000| PB 0x0000000743a00000| Untracked 
|  30|0x0000000743c00000, 0x0000000743e00000, 0x0000000743e00000|100%| O|  |TAMS 0x0000000743e00000| PB 0x0000000743c00000| Untracked 
|  31|0x0000000743e00000, 0x0000000744000000, 0x0000000744000000|100%| O|  |TAMS 0x0000000744000000| PB 0x0000000743e00000| Untracked 
|  32|0x0000000744000000, 0x0000000744200000, 0x0000000744200000|100%| O|  |TAMS 0x0000000744200000| PB 0x0000000744000000| Untracked 
|  33|0x0000000744200000, 0x0000000744400000, 0x0000000744400000|100%| O|  |TAMS 0x0000000744400000| PB 0x0000000744200000| Untracked 
|  34|0x0000000744400000, 0x0000000744600000, 0x0000000744600000|100%| O|  |TAMS 0x0000000744600000| PB 0x0000000744400000| Untracked 
|  35|0x0000000744600000, 0x0000000744800000, 0x0000000744800000|100%| O|  |TAMS 0x0000000744800000| PB 0x0000000744600000| Untracked 
|  36|0x0000000744800000, 0x0000000744a00000, 0x0000000744a00000|100%| O|  |TAMS 0x0000000744a00000| PB 0x0000000744800000| Untracked 
|  37|0x0000000744a00000, 0x0000000744c00000, 0x0000000744c00000|100%| O|  |TAMS 0x0000000744c00000| PB 0x0000000744a00000| Untracked 
|  38|0x0000000744c00000, 0x0000000744e00000, 0x0000000744e00000|100%| O|  |TAMS 0x0000000744e00000| PB 0x0000000744c00000| Untracked 
|  39|0x0000000744e00000, 0x0000000745000000, 0x0000000745000000|100%| O|  |TAMS 0x0000000745000000| PB 0x0000000744e00000| Untracked 
|  40|0x0000000745000000, 0x0000000745200000, 0x0000000745200000|100%|HS|  |TAMS 0x0000000745200000| PB 0x0000000745000000| Complete 
|  41|0x0000000745200000, 0x0000000745400000, 0x0000000745400000|100%| O|  |TAMS 0x0000000745400000| PB 0x0000000745200000| Untracked 
|  42|0x0000000745400000, 0x0000000745600000, 0x0000000745600000|100%| O|  |TAMS 0x0000000745400000| PB 0x0000000745400000| Untracked 
|  43|0x0000000745600000, 0x0000000745800000, 0x0000000745800000|100%| O|  |TAMS 0x0000000745800000| PB 0x0000000745600000| Untracked 
|  44|0x0000000745800000, 0x0000000745a00000, 0x0000000745a00000|100%| O|  |TAMS 0x0000000745a00000| PB 0x0000000745800000| Untracked 
|  45|0x0000000745a00000, 0x0000000745c00000, 0x0000000745c00000|100%| O|  |TAMS 0x0000000745c00000| PB 0x0000000745a00000| Untracked 
|  46|0x0000000745c00000, 0x0000000745e00000, 0x0000000745e00000|100%| O|  |TAMS 0x0000000745e00000| PB 0x0000000745c00000| Untracked 
|  47|0x0000000745e00000, 0x0000000746000000, 0x0000000746000000|100%| O|  |TAMS 0x0000000746000000| PB 0x0000000745e00000| Untracked 
|  48|0x0000000746000000, 0x0000000746200000, 0x0000000746200000|100%| O|  |TAMS 0x0000000746200000| PB 0x0000000746000000| Untracked 
|  49|0x0000000746200000, 0x0000000746400000, 0x0000000746400000|100%| O|  |TAMS 0x0000000746400000| PB 0x0000000746200000| Untracked 
|  50|0x0000000746400000, 0x0000000746600000, 0x0000000746600000|100%| O|  |TAMS 0x0000000746600000| PB 0x0000000746400000| Untracked 
|  51|0x0000000746600000, 0x0000000746800000, 0x0000000746800000|100%| O|  |TAMS 0x0000000746800000| PB 0x0000000746600000| Untracked 
|  52|0x0000000746800000, 0x0000000746a00000, 0x0000000746a00000|100%| O|  |TAMS 0x0000000746a00000| PB 0x0000000746800000| Untracked 
|  53|0x0000000746a00000, 0x0000000746c00000, 0x0000000746c00000|100%| O|  |TAMS 0x0000000746c00000| PB 0x0000000746a00000| Untracked 
|  54|0x0000000746c00000, 0x0000000746e00000, 0x0000000746e00000|100%|HS|  |TAMS 0x0000000746e00000| PB 0x0000000746c00000| Complete 
|  55|0x0000000746e00000, 0x0000000747000000, 0x0000000747000000|100%| O|  |TAMS 0x0000000747000000| PB 0x0000000746e00000| Untracked 
|  56|0x0000000747000000, 0x0000000747200000, 0x0000000747200000|100%| O|  |TAMS 0x0000000747200000| PB 0x0000000747000000| Untracked 
|  57|0x0000000747200000, 0x0000000747400000, 0x0000000747400000|100%| O|  |TAMS 0x0000000747400000| PB 0x0000000747200000| Untracked 
|  58|0x0000000747400000, 0x0000000747600000, 0x0000000747600000|100%| O|  |TAMS 0x0000000747600000| PB 0x0000000747400000| Untracked 
|  59|0x0000000747600000, 0x0000000747800000, 0x0000000747800000|100%| O|  |TAMS 0x0000000747800000| PB 0x0000000747600000| Untracked 
|  60|0x0000000747800000, 0x0000000747a00000, 0x0000000747a00000|100%| O|  |TAMS 0x0000000747a00000| PB 0x0000000747800000| Untracked 
|  61|0x0000000747a00000, 0x0000000747c00000, 0x0000000747c00000|100%| O|  |TAMS 0x0000000747c00000| PB 0x0000000747a00000| Untracked 
|  62|0x0000000747c00000, 0x0000000747e00000, 0x0000000747e00000|100%| O|  |TAMS 0x0000000747e00000| PB 0x0000000747c00000| Untracked 
|  63|0x0000000747e00000, 0x0000000748000000, 0x0000000748000000|100%| O|  |TAMS 0x0000000748000000| PB 0x0000000747e00000| Untracked 
|  64|0x0000000748000000, 0x0000000748200000, 0x0000000748200000|100%| O|  |TAMS 0x0000000748200000| PB 0x0000000748000000| Untracked 
|  65|0x0000000748200000, 0x0000000748400000, 0x0000000748400000|100%| O|  |TAMS 0x0000000748400000| PB 0x0000000748200000| Untracked 
|  66|0x0000000748400000, 0x0000000748600000, 0x0000000748600000|100%| O|  |TAMS 0x0000000748600000| PB 0x0000000748400000| Untracked 
|  67|0x0000000748600000, 0x0000000748800000, 0x0000000748800000|100%| O|  |TAMS 0x0000000748800000| PB 0x0000000748600000| Untracked 
|  68|0x0000000748800000, 0x0000000748a00000, 0x0000000748a00000|100%|HS|  |TAMS 0x0000000748a00000| PB 0x0000000748800000| Complete 
|  69|0x0000000748a00000, 0x0000000748c00000, 0x0000000748c00000|100%| O|  |TAMS 0x0000000748c00000| PB 0x0000000748a00000| Untracked 
|  70|0x0000000748c00000, 0x0000000748e00000, 0x0000000748e00000|100%| O|  |TAMS 0x0000000748e00000| PB 0x0000000748c00000| Untracked 
|  71|0x0000000748e00000, 0x0000000749000000, 0x0000000749000000|100%| O|  |TAMS 0x0000000749000000| PB 0x0000000748e00000| Untracked 
|  72|0x0000000749000000, 0x0000000749200000, 0x0000000749200000|100%| O|  |TAMS 0x0000000749200000| PB 0x0000000749000000| Untracked 
|  73|0x0000000749200000, 0x0000000749400000, 0x0000000749400000|100%| O|  |TAMS 0x0000000749400000| PB 0x0000000749200000| Untracked 
|  74|0x0000000749400000, 0x0000000749600000, 0x0000000749600000|100%| O|  |TAMS 0x0000000749600000| PB 0x0000000749400000| Untracked 
|  75|0x0000000749600000, 0x0000000749800000, 0x0000000749800000|100%| O|  |TAMS 0x0000000749800000| PB 0x0000000749600000| Untracked 
|  76|0x0000000749800000, 0x0000000749a00000, 0x0000000749a00000|100%| O|  |TAMS 0x0000000749a00000| PB 0x0000000749800000| Untracked 
|  77|0x0000000749a00000, 0x0000000749c00000, 0x0000000749c00000|100%| O|  |TAMS 0x0000000749c00000| PB 0x0000000749a00000| Untracked 
|  78|0x0000000749c00000, 0x0000000749e00000, 0x0000000749e00000|100%| O|  |TAMS 0x0000000749e00000| PB 0x0000000749c00000| Untracked 
|  79|0x0000000749e00000, 0x000000074a000000, 0x000000074a000000|100%| O|  |TAMS 0x000000074a000000| PB 0x0000000749e00000| Untracked 
|  80|0x000000074a000000, 0x000000074a200000, 0x000000074a200000|100%| O|  |TAMS 0x000000074a200000| PB 0x000000074a000000| Untracked 
|  81|0x000000074a200000, 0x000000074a400000, 0x000000074a400000|100%| O|  |TAMS 0x000000074a400000| PB 0x000000074a200000| Untracked 
|  82|0x000000074a400000, 0x000000074a600000, 0x000000074a600000|100%| O|  |TAMS 0x000000074a600000| PB 0x000000074a400000| Untracked 
|  83|0x000000074a600000, 0x000000074a800000, 0x000000074a800000|100%| O|  |TAMS 0x000000074a800000| PB 0x000000074a600000| Untracked 
|  84|0x000000074a800000, 0x000000074aa00000, 0x000000074aa00000|100%| O|  |TAMS 0x000000074aa00000| PB 0x000000074a800000| Untracked 
|  85|0x000000074aa00000, 0x000000074ac00000, 0x000000074ac00000|100%| O|  |TAMS 0x000000074ac00000| PB 0x000000074aa00000| Untracked 
|  86|0x000000074ac00000, 0x000000074ae00000, 0x000000074ae00000|100%| O|  |TAMS 0x000000074ae00000| PB 0x000000074ac00000| Untracked 
|  87|0x000000074ae00000, 0x000000074b000000, 0x000000074b000000|100%| O|  |TAMS 0x000000074b000000| PB 0x000000074ae00000| Untracked 
|  88|0x000000074b000000, 0x000000074b200000, 0x000000074b200000|100%| O|  |TAMS 0x000000074b200000| PB 0x000000074b000000| Untracked 
|  89|0x000000074b200000, 0x000000074b400000, 0x000000074b400000|100%| O|  |TAMS 0x000000074b400000| PB 0x000000074b200000| Untracked 
|  90|0x000000074b400000, 0x000000074b600000, 0x000000074b600000|100%| O|  |TAMS 0x000000074b600000| PB 0x000000074b400000| Untracked 
|  91|0x000000074b600000, 0x000000074b800000, 0x000000074b800000|100%| O|  |TAMS 0x000000074b800000| PB 0x000000074b600000| Untracked 
|  92|0x000000074b800000, 0x000000074ba00000, 0x000000074ba00000|100%| O|  |TAMS 0x000000074ba00000| PB 0x000000074b800000| Untracked 
|  93|0x000000074ba00000, 0x000000074bc00000, 0x000000074bc00000|100%| O|  |TAMS 0x000000074bc00000| PB 0x000000074ba00000| Untracked 
|  94|0x000000074bc00000, 0x000000074be00000, 0x000000074be00000|100%| O|  |TAMS 0x000000074be00000| PB 0x000000074bc00000| Untracked 
|  95|0x000000074be00000, 0x000000074c000000, 0x000000074c000000|100%| O|  |TAMS 0x000000074c000000| PB 0x000000074be00000| Untracked 
|  96|0x000000074c000000, 0x000000074c200000, 0x000000074c200000|100%| O|  |TAMS 0x000000074c200000| PB 0x000000074c000000| Untracked 
|  97|0x000000074c200000, 0x000000074c400000, 0x000000074c400000|100%| O|  |TAMS 0x000000074c400000| PB 0x000000074c200000| Untracked 
|  98|0x000000074c400000, 0x000000074c600000, 0x000000074c600000|100%| O|  |TAMS 0x000000074c600000| PB 0x000000074c400000| Untracked 
|  99|0x000000074c600000, 0x000000074c800000, 0x000000074c800000|100%| O|  |TAMS 0x000000074c800000| PB 0x000000074c600000| Untracked 
| 100|0x000000074c800000, 0x000000074ca00000, 0x000000074ca00000|100%| O|  |TAMS 0x000000074ca00000| PB 0x000000074c800000| Untracked 
| 101|0x000000074ca00000, 0x000000074cc00000, 0x000000074cc00000|100%| O|  |TAMS 0x000000074cc00000| PB 0x000000074ca00000| Untracked 
| 102|0x000000074cc00000, 0x000000074ce00000, 0x000000074ce00000|100%| O|  |TAMS 0x000000074ce00000| PB 0x000000074cc00000| Untracked 
| 103|0x000000074ce00000, 0x000000074d000000, 0x000000074d000000|100%| O|  |TAMS 0x000000074d000000| PB 0x000000074ce00000| Untracked 
| 104|0x000000074d000000, 0x000000074d200000, 0x000000074d200000|100%| O|  |TAMS 0x000000074d200000| PB 0x000000074d000000| Untracked 
| 105|0x000000074d200000, 0x000000074d400000, 0x000000074d400000|100%| O|  |TAMS 0x000000074d400000| PB 0x000000074d200000| Untracked 
| 106|0x000000074d400000, 0x000000074d600000, 0x000000074d600000|100%| O|  |TAMS 0x000000074d600000| PB 0x000000074d400000| Untracked 
| 107|0x000000074d600000, 0x000000074d800000, 0x000000074d800000|100%| O|  |TAMS 0x000000074d800000| PB 0x000000074d600000| Untracked 
| 108|0x000000074d800000, 0x000000074da00000, 0x000000074da00000|100%| O|  |TAMS 0x000000074da00000| PB 0x000000074d800000| Untracked 
| 109|0x000000074da00000, 0x000000074dc00000, 0x000000074dc00000|100%| O|  |TAMS 0x000000074dc00000| PB 0x000000074da00000| Untracked 
| 110|0x000000074dc00000, 0x000000074de00000, 0x000000074de00000|100%| O|  |TAMS 0x000000074de00000| PB 0x000000074dc00000| Untracked 
| 111|0x000000074de00000, 0x000000074e000000, 0x000000074e000000|100%| O|  |TAMS 0x000000074e000000| PB 0x000000074de00000| Untracked 
| 112|0x000000074e000000, 0x000000074e200000, 0x000000074e200000|100%| O|  |TAMS 0x000000074e200000| PB 0x000000074e000000| Untracked 
| 113|0x000000074e200000, 0x000000074e400000, 0x000000074e400000|100%| O|  |TAMS 0x000000074e400000| PB 0x000000074e200000| Untracked 
| 114|0x000000074e400000, 0x000000074e600000, 0x000000074e600000|100%| O|  |TAMS 0x000000074e600000| PB 0x000000074e400000| Untracked 
| 115|0x000000074e600000, 0x000000074e800000, 0x000000074e800000|100%| O|  |TAMS 0x000000074e800000| PB 0x000000074e600000| Untracked 
| 116|0x000000074e800000, 0x000000074ea00000, 0x000000074ea00000|100%| O|  |TAMS 0x000000074ea00000| PB 0x000000074e800000| Untracked 
| 117|0x000000074ea00000, 0x000000074ec00000, 0x000000074ec00000|100%| O|  |TAMS 0x000000074ec00000| PB 0x000000074ea00000| Untracked 
| 118|0x000000074ec00000, 0x000000074ee00000, 0x000000074ee00000|100%|HS|  |TAMS 0x000000074ee00000| PB 0x000000074ec00000| Complete 
| 119|0x000000074ee00000, 0x000000074f000000, 0x000000074f000000|100%| O|  |TAMS 0x000000074f000000| PB 0x000000074ee00000| Untracked 
| 120|0x000000074f000000, 0x000000074f200000, 0x000000074f200000|100%| O|  |TAMS 0x000000074f200000| PB 0x000000074f000000| Untracked 
| 121|0x000000074f200000, 0x000000074f400000, 0x000000074f400000|100%| O|  |TAMS 0x000000074f400000| PB 0x000000074f200000| Untracked 
| 122|0x000000074f400000, 0x000000074f600000, 0x000000074f600000|100%| O|  |TAMS 0x000000074f600000| PB 0x000000074f400000| Untracked 
| 123|0x000000074f600000, 0x000000074f800000, 0x000000074f800000|100%| O|  |TAMS 0x000000074f800000| PB 0x000000074f600000| Untracked 
| 124|0x000000074f800000, 0x000000074fa00000, 0x000000074fa00000|100%| O|  |TAMS 0x000000074fa00000| PB 0x000000074f800000| Untracked 
| 125|0x000000074fa00000, 0x000000074fc00000, 0x000000074fc00000|100%| O|  |TAMS 0x000000074fc00000| PB 0x000000074fa00000| Untracked 
| 126|0x000000074fc00000, 0x000000074fe00000, 0x000000074fe00000|100%| O|  |TAMS 0x000000074fe00000| PB 0x000000074fc00000| Untracked 
| 127|0x000000074fe00000, 0x0000000750000000, 0x0000000750000000|100%| O|  |TAMS 0x0000000750000000| PB 0x000000074fe00000| Untracked 
| 128|0x0000000750000000, 0x0000000750200000, 0x0000000750200000|100%| O|  |TAMS 0x0000000750200000| PB 0x0000000750000000| Untracked 
| 129|0x0000000750200000, 0x0000000750400000, 0x0000000750400000|100%| O|  |TAMS 0x0000000750400000| PB 0x0000000750200000| Untracked 
| 130|0x0000000750400000, 0x0000000750600000, 0x0000000750600000|100%| O|  |TAMS 0x0000000750600000| PB 0x0000000750400000| Untracked 
| 131|0x0000000750600000, 0x0000000750800000, 0x0000000750800000|100%| O|  |TAMS 0x0000000750800000| PB 0x0000000750600000| Untracked 
| 132|0x0000000750800000, 0x0000000750a00000, 0x0000000750a00000|100%| O|  |TAMS 0x0000000750869768| PB 0x0000000750800000| Untracked 
| 133|0x0000000750a00000, 0x0000000750c00000, 0x0000000750c00000|100%| O|  |TAMS 0x0000000750a00000| PB 0x0000000750a00000| Untracked 
| 134|0x0000000750c00000, 0x0000000750e00000, 0x0000000750e00000|100%| O|  |TAMS 0x0000000750c00000| PB 0x0000000750c00000| Untracked 
| 135|0x0000000750e00000, 0x0000000751000000, 0x0000000751000000|100%| O|  |TAMS 0x0000000750e00000| PB 0x0000000750e00000| Untracked 
| 136|0x0000000751000000, 0x00000007510c9520, 0x0000000751200000| 39%| O|  |TAMS 0x0000000751000000| PB 0x0000000751000000| Untracked 
| 137|0x0000000751200000, 0x0000000751200000, 0x0000000751400000|  0%| F|  |TAMS 0x0000000751200000| PB 0x0000000751200000| Untracked 
| 138|0x0000000751400000, 0x0000000751400000, 0x0000000751600000|  0%| F|  |TAMS 0x0000000751400000| PB 0x0000000751400000| Untracked 
| 139|0x0000000751600000, 0x0000000751600000, 0x0000000751800000|  0%| F|  |TAMS 0x0000000751600000| PB 0x0000000751600000| Untracked 
| 140|0x0000000751800000, 0x0000000751800000, 0x0000000751a00000|  0%| F|  |TAMS 0x0000000751800000| PB 0x0000000751800000| Untracked 
| 141|0x0000000751a00000, 0x0000000751a00000, 0x0000000751c00000|  0%| F|  |TAMS 0x0000000751a00000| PB 0x0000000751a00000| Untracked 
| 142|0x0000000751c00000, 0x0000000751c00000, 0x0000000751e00000|  0%| F|  |TAMS 0x0000000751c00000| PB 0x0000000751c00000| Untracked 
| 143|0x0000000751e00000, 0x0000000751e00000, 0x0000000752000000|  0%| F|  |TAMS 0x0000000751e00000| PB 0x0000000751e00000| Untracked 
| 144|0x0000000752000000, 0x0000000752000000, 0x0000000752200000|  0%| F|  |TAMS 0x0000000752000000| PB 0x0000000752000000| Untracked 
| 145|0x0000000752200000, 0x0000000752200000, 0x0000000752400000|  0%| F|  |TAMS 0x0000000752200000| PB 0x0000000752200000| Untracked 
| 146|0x0000000752400000, 0x0000000752400000, 0x0000000752600000|  0%| F|  |TAMS 0x0000000752400000| PB 0x0000000752400000| Untracked 
| 147|0x0000000752600000, 0x0000000752600000, 0x0000000752800000|  0%| F|  |TAMS 0x0000000752600000| PB 0x0000000752600000| Untracked 
| 148|0x0000000752800000, 0x0000000752800000, 0x0000000752a00000|  0%| F|  |TAMS 0x0000000752800000| PB 0x0000000752800000| Untracked 
| 149|0x0000000752a00000, 0x0000000752a00000, 0x0000000752c00000|  0%| F|  |TAMS 0x0000000752a00000| PB 0x0000000752a00000| Untracked 
| 150|0x0000000752c00000, 0x0000000752c00000, 0x0000000752e00000|  0%| F|  |TAMS 0x0000000752c00000| PB 0x0000000752c00000| Untracked 
| 151|0x0000000752e00000, 0x0000000752e00000, 0x0000000753000000|  0%| F|  |TAMS 0x0000000752e00000| PB 0x0000000752e00000| Untracked 
| 152|0x0000000753000000, 0x0000000753000000, 0x0000000753200000|  0%| F|  |TAMS 0x0000000753000000| PB 0x0000000753000000| Untracked 
| 153|0x0000000753200000, 0x0000000753200000, 0x0000000753400000|  0%| F|  |TAMS 0x0000000753200000| PB 0x0000000753200000| Untracked 
| 154|0x0000000753400000, 0x0000000753400000, 0x0000000753600000|  0%| F|  |TAMS 0x0000000753400000| PB 0x0000000753400000| Untracked 
| 155|0x0000000753600000, 0x0000000753600000, 0x0000000753800000|  0%| F|  |TAMS 0x0000000753600000| PB 0x0000000753600000| Untracked 
| 156|0x0000000753800000, 0x0000000753800000, 0x0000000753a00000|  0%| F|  |TAMS 0x0000000753800000| PB 0x0000000753800000| Untracked 
| 157|0x0000000753a00000, 0x0000000753a00000, 0x0000000753c00000|  0%| F|  |TAMS 0x0000000753a00000| PB 0x0000000753a00000| Untracked 
| 158|0x0000000753c00000, 0x0000000753c00000, 0x0000000753e00000|  0%| F|  |TAMS 0x0000000753c00000| PB 0x0000000753c00000| Untracked 
| 159|0x0000000753e00000, 0x0000000753e00000, 0x0000000754000000|  0%| F|  |TAMS 0x0000000753e00000| PB 0x0000000753e00000| Untracked 
| 160|0x0000000754000000, 0x0000000754000000, 0x0000000754200000|  0%| F|  |TAMS 0x0000000754000000| PB 0x0000000754000000| Untracked 
| 161|0x0000000754200000, 0x0000000754200000, 0x0000000754400000|  0%| F|  |TAMS 0x0000000754200000| PB 0x0000000754200000| Untracked 
| 162|0x0000000754400000, 0x0000000754400000, 0x0000000754600000|  0%| F|  |TAMS 0x0000000754400000| PB 0x0000000754400000| Untracked 
| 163|0x0000000754600000, 0x0000000754600000, 0x0000000754800000|  0%| F|  |TAMS 0x0000000754600000| PB 0x0000000754600000| Untracked 
| 164|0x0000000754800000, 0x0000000754800000, 0x0000000754a00000|  0%| F|  |TAMS 0x0000000754800000| PB 0x0000000754800000| Untracked 
| 165|0x0000000754a00000, 0x0000000754a00000, 0x0000000754c00000|  0%| F|  |TAMS 0x0000000754a00000| PB 0x0000000754a00000| Untracked 
| 166|0x0000000754c00000, 0x0000000754c00000, 0x0000000754e00000|  0%| F|  |TAMS 0x0000000754c00000| PB 0x0000000754c00000| Untracked 
| 167|0x0000000754e00000, 0x0000000754e00000, 0x0000000755000000|  0%| F|  |TAMS 0x0000000754e00000| PB 0x0000000754e00000| Untracked 
| 168|0x0000000755000000, 0x0000000755000000, 0x0000000755200000|  0%| F|  |TAMS 0x0000000755000000| PB 0x0000000755000000| Untracked 
| 169|0x0000000755200000, 0x0000000755200000, 0x0000000755400000|  0%| F|  |TAMS 0x0000000755200000| PB 0x0000000755200000| Untracked 
| 170|0x0000000755400000, 0x0000000755400000, 0x0000000755600000|  0%| F|  |TAMS 0x0000000755400000| PB 0x0000000755400000| Untracked 
| 171|0x0000000755600000, 0x0000000755600000, 0x0000000755800000|  0%| F|  |TAMS 0x0000000755600000| PB 0x0000000755600000| Untracked 
| 172|0x0000000755800000, 0x0000000755800000, 0x0000000755a00000|  0%| F|  |TAMS 0x0000000755800000| PB 0x0000000755800000| Untracked 
| 173|0x0000000755a00000, 0x0000000755a00000, 0x0000000755c00000|  0%| F|  |TAMS 0x0000000755a00000| PB 0x0000000755a00000| Untracked 
| 174|0x0000000755c00000, 0x0000000755c00000, 0x0000000755e00000|  0%| F|  |TAMS 0x0000000755c00000| PB 0x0000000755c00000| Untracked 
| 175|0x0000000755e00000, 0x0000000755e00000, 0x0000000756000000|  0%| F|  |TAMS 0x0000000755e00000| PB 0x0000000755e00000| Untracked 
| 176|0x0000000756000000, 0x0000000756000000, 0x0000000756200000|  0%| F|  |TAMS 0x0000000756000000| PB 0x0000000756000000| Untracked 
| 177|0x0000000756200000, 0x0000000756200000, 0x0000000756400000|  0%| F|  |TAMS 0x0000000756200000| PB 0x0000000756200000| Untracked 
| 178|0x0000000756400000, 0x0000000756400000, 0x0000000756600000|  0%| F|  |TAMS 0x0000000756400000| PB 0x0000000756400000| Untracked 
| 179|0x0000000756600000, 0x0000000756600000, 0x0000000756800000|  0%| F|  |TAMS 0x0000000756600000| PB 0x0000000756600000| Untracked 
| 180|0x0000000756800000, 0x0000000756800000, 0x0000000756a00000|  0%| F|  |TAMS 0x0000000756800000| PB 0x0000000756800000| Untracked 
| 181|0x0000000756a00000, 0x0000000756a00000, 0x0000000756c00000|  0%| F|  |TAMS 0x0000000756a00000| PB 0x0000000756a00000| Untracked 
| 182|0x0000000756c00000, 0x0000000756c00000, 0x0000000756e00000|  0%| F|  |TAMS 0x0000000756c00000| PB 0x0000000756c00000| Untracked 
| 183|0x0000000756e00000, 0x0000000756e00000, 0x0000000757000000|  0%| F|  |TAMS 0x0000000756e00000| PB 0x0000000756e00000| Untracked 
| 184|0x0000000757000000, 0x0000000757000000, 0x0000000757200000|  0%| F|  |TAMS 0x0000000757000000| PB 0x0000000757000000| Untracked 
| 185|0x0000000757200000, 0x0000000757200000, 0x0000000757400000|  0%| F|  |TAMS 0x0000000757200000| PB 0x0000000757200000| Untracked 
| 186|0x0000000757400000, 0x0000000757400000, 0x0000000757600000|  0%| F|  |TAMS 0x0000000757400000| PB 0x0000000757400000| Untracked 
| 187|0x0000000757600000, 0x0000000757600000, 0x0000000757800000|  0%| F|  |TAMS 0x0000000757600000| PB 0x0000000757600000| Untracked 
| 188|0x0000000757800000, 0x0000000757800000, 0x0000000757a00000|  0%| F|  |TAMS 0x0000000757800000| PB 0x0000000757800000| Untracked 
| 189|0x0000000757a00000, 0x0000000757a00000, 0x0000000757c00000|  0%| F|  |TAMS 0x0000000757a00000| PB 0x0000000757a00000| Untracked 
| 190|0x0000000757c00000, 0x0000000757c00000, 0x0000000757e00000|  0%| F|  |TAMS 0x0000000757c00000| PB 0x0000000757c00000| Untracked 
| 191|0x0000000757e00000, 0x0000000757e00000, 0x0000000758000000|  0%| F|  |TAMS 0x0000000757e00000| PB 0x0000000757e00000| Untracked 
| 192|0x0000000758000000, 0x0000000758000000, 0x0000000758200000|  0%| F|  |TAMS 0x0000000758000000| PB 0x0000000758000000| Untracked 
| 193|0x0000000758200000, 0x0000000758200000, 0x0000000758400000|  0%| F|  |TAMS 0x0000000758200000| PB 0x0000000758200000| Untracked 
| 194|0x0000000758400000, 0x0000000758400000, 0x0000000758600000|  0%| F|  |TAMS 0x0000000758400000| PB 0x0000000758400000| Untracked 
| 195|0x0000000758600000, 0x0000000758600000, 0x0000000758800000|  0%| F|  |TAMS 0x0000000758600000| PB 0x0000000758600000| Untracked 
| 196|0x0000000758800000, 0x0000000758800000, 0x0000000758a00000|  0%| F|  |TAMS 0x0000000758800000| PB 0x0000000758800000| Untracked 
| 197|0x0000000758a00000, 0x0000000758a00000, 0x0000000758c00000|  0%| F|  |TAMS 0x0000000758a00000| PB 0x0000000758a00000| Untracked 
| 198|0x0000000758c00000, 0x0000000758c00000, 0x0000000758e00000|  0%| F|  |TAMS 0x0000000758c00000| PB 0x0000000758c00000| Untracked 
| 199|0x0000000758e00000, 0x0000000758e00000, 0x0000000759000000|  0%| F|  |TAMS 0x0000000758e00000| PB 0x0000000758e00000| Untracked 
| 200|0x0000000759000000, 0x0000000759000000, 0x0000000759200000|  0%| F|  |TAMS 0x0000000759000000| PB 0x0000000759000000| Untracked 
| 201|0x0000000759200000, 0x0000000759200000, 0x0000000759400000|  0%| F|  |TAMS 0x0000000759200000| PB 0x0000000759200000| Untracked 
| 202|0x0000000759400000, 0x0000000759400000, 0x0000000759600000|  0%| F|  |TAMS 0x0000000759400000| PB 0x0000000759400000| Untracked 
| 203|0x0000000759600000, 0x0000000759600000, 0x0000000759800000|  0%| F|  |TAMS 0x0000000759600000| PB 0x0000000759600000| Untracked 
| 204|0x0000000759800000, 0x0000000759800000, 0x0000000759a00000|  0%| F|  |TAMS 0x0000000759800000| PB 0x0000000759800000| Untracked 
| 205|0x0000000759a00000, 0x0000000759a00000, 0x0000000759c00000|  0%| F|  |TAMS 0x0000000759a00000| PB 0x0000000759a00000| Untracked 
| 206|0x0000000759c00000, 0x0000000759c00000, 0x0000000759e00000|  0%| F|  |TAMS 0x0000000759c00000| PB 0x0000000759c00000| Untracked 
| 207|0x0000000759e00000, 0x0000000759e00000, 0x000000075a000000|  0%| F|  |TAMS 0x0000000759e00000| PB 0x0000000759e00000| Untracked 
| 208|0x000000075a000000, 0x000000075a000000, 0x000000075a200000|  0%| F|  |TAMS 0x000000075a000000| PB 0x000000075a000000| Untracked 
| 209|0x000000075a200000, 0x000000075a200000, 0x000000075a400000|  0%| F|  |TAMS 0x000000075a200000| PB 0x000000075a200000| Untracked 
| 210|0x000000075a400000, 0x000000075a400000, 0x000000075a600000|  0%| F|  |TAMS 0x000000075a400000| PB 0x000000075a400000| Untracked 
| 211|0x000000075a600000, 0x000000075a600000, 0x000000075a800000|  0%| F|  |TAMS 0x000000075a600000| PB 0x000000075a600000| Untracked 
| 212|0x000000075a800000, 0x000000075a800000, 0x000000075aa00000|  0%| F|  |TAMS 0x000000075a800000| PB 0x000000075a800000| Untracked 
| 213|0x000000075aa00000, 0x000000075aa00000, 0x000000075ac00000|  0%| F|  |TAMS 0x000000075aa00000| PB 0x000000075aa00000| Untracked 
| 214|0x000000075ac00000, 0x000000075ac00000, 0x000000075ae00000|  0%| F|  |TAMS 0x000000075ac00000| PB 0x000000075ac00000| Untracked 
| 215|0x000000075ae00000, 0x000000075ae00000, 0x000000075b000000|  0%| F|  |TAMS 0x000000075ae00000| PB 0x000000075ae00000| Untracked 
| 216|0x000000075b000000, 0x000000075b000000, 0x000000075b200000|  0%| F|  |TAMS 0x000000075b000000| PB 0x000000075b000000| Untracked 
| 217|0x000000075b200000, 0x000000075b200000, 0x000000075b400000|  0%| F|  |TAMS 0x000000075b200000| PB 0x000000075b200000| Untracked 
| 218|0x000000075b400000, 0x000000075b400000, 0x000000075b600000|  0%| F|  |TAMS 0x000000075b400000| PB 0x000000075b400000| Untracked 
| 219|0x000000075b600000, 0x000000075b600000, 0x000000075b800000|  0%| F|  |TAMS 0x000000075b600000| PB 0x000000075b600000| Untracked 
| 220|0x000000075b800000, 0x000000075b800000, 0x000000075ba00000|  0%| F|  |TAMS 0x000000075b800000| PB 0x000000075b800000| Untracked 
| 221|0x000000075ba00000, 0x000000075ba00000, 0x000000075bc00000|  0%| F|  |TAMS 0x000000075ba00000| PB 0x000000075ba00000| Untracked 
| 222|0x000000075bc00000, 0x000000075bc00000, 0x000000075be00000|  0%| F|  |TAMS 0x000000075bc00000| PB 0x000000075bc00000| Untracked 
| 223|0x000000075be00000, 0x000000075be00000, 0x000000075c000000|  0%| F|  |TAMS 0x000000075be00000| PB 0x000000075be00000| Untracked 
| 224|0x000000075c000000, 0x000000075c000000, 0x000000075c200000|  0%| F|  |TAMS 0x000000075c000000| PB 0x000000075c000000| Untracked 
| 225|0x000000075c200000, 0x000000075c200000, 0x000000075c400000|  0%| F|  |TAMS 0x000000075c200000| PB 0x000000075c200000| Untracked 
| 226|0x000000075c400000, 0x000000075c400000, 0x000000075c600000|  0%| F|  |TAMS 0x000000075c400000| PB 0x000000075c400000| Untracked 
| 227|0x000000075c600000, 0x000000075c600000, 0x000000075c800000|  0%| F|  |TAMS 0x000000075c600000| PB 0x000000075c600000| Untracked 
| 228|0x000000075c800000, 0x000000075c800000, 0x000000075ca00000|  0%| F|  |TAMS 0x000000075c800000| PB 0x000000075c800000| Untracked 
| 229|0x000000075ca00000, 0x000000075ca00000, 0x000000075cc00000|  0%| F|  |TAMS 0x000000075ca00000| PB 0x000000075ca00000| Untracked 
| 230|0x000000075cc00000, 0x000000075cc00000, 0x000000075ce00000|  0%| F|  |TAMS 0x000000075cc00000| PB 0x000000075cc00000| Untracked 
| 231|0x000000075ce00000, 0x000000075ce00000, 0x000000075d000000|  0%| F|  |TAMS 0x000000075ce00000| PB 0x000000075ce00000| Untracked 
| 232|0x000000075d000000, 0x000000075d000000, 0x000000075d200000|  0%| F|  |TAMS 0x000000075d000000| PB 0x000000075d000000| Untracked 
| 233|0x000000075d200000, 0x000000075d200000, 0x000000075d400000|  0%| F|  |TAMS 0x000000075d200000| PB 0x000000075d200000| Untracked 
| 234|0x000000075d400000, 0x000000075d400000, 0x000000075d600000|  0%| F|  |TAMS 0x000000075d400000| PB 0x000000075d400000| Untracked 
| 235|0x000000075d600000, 0x000000075d600000, 0x000000075d800000|  0%| F|  |TAMS 0x000000075d600000| PB 0x000000075d600000| Untracked 
| 236|0x000000075d800000, 0x000000075d800000, 0x000000075da00000|  0%| F|  |TAMS 0x000000075d800000| PB 0x000000075d800000| Untracked 
| 237|0x000000075da00000, 0x000000075dc00000, 0x000000075dc00000|100%| S|CS|TAMS 0x000000075da00000| PB 0x000000075da00000| Complete 
| 238|0x000000075dc00000, 0x000000075de00000, 0x000000075de00000|100%| S|CS|TAMS 0x000000075dc00000| PB 0x000000075dc00000| Complete 
| 239|0x000000075de00000, 0x000000075e000000, 0x000000075e000000|100%| S|CS|TAMS 0x000000075de00000| PB 0x000000075de00000| Complete 
| 240|0x000000075e000000, 0x000000075e000000, 0x000000075e200000|  0%| F|  |TAMS 0x000000075e000000| PB 0x000000075e000000| Untracked 
| 241|0x000000075e200000, 0x000000075e200000, 0x000000075e400000|  0%| F|  |TAMS 0x000000075e200000| PB 0x000000075e200000| Untracked 
| 242|0x000000075e400000, 0x000000075e400000, 0x000000075e600000|  0%| F|  |TAMS 0x000000075e400000| PB 0x000000075e400000| Untracked 
| 243|0x000000075e600000, 0x000000075e600000, 0x000000075e800000|  0%| F|  |TAMS 0x000000075e600000| PB 0x000000075e600000| Untracked 
| 244|0x000000075e800000, 0x000000075e800000, 0x000000075ea00000|  0%| F|  |TAMS 0x000000075e800000| PB 0x000000075e800000| Untracked 
| 245|0x000000075ea00000, 0x000000075ea00000, 0x000000075ec00000|  0%| F|  |TAMS 0x000000075ea00000| PB 0x000000075ea00000| Untracked 
|1515|0x00000007fd600000, 0x00000007fd600000, 0x00000007fd800000|  0%| F|  |TAMS 0x00000007fd600000| PB 0x00000007fd600000| Untracked 
|1516|0x00000007fd800000, 0x00000007fd800000, 0x00000007fda00000|  0%| F|  |TAMS 0x00000007fd800000| PB 0x00000007fd800000| Untracked 
|1517|0x00000007fda00000, 0x00000007fda00000, 0x00000007fdc00000|  0%| F|  |TAMS 0x00000007fda00000| PB 0x00000007fda00000| Untracked 
|1518|0x00000007fdc00000, 0x00000007fdc00000, 0x00000007fde00000|  0%| F|  |TAMS 0x00000007fdc00000| PB 0x00000007fdc00000| Untracked 
|1519|0x00000007fde00000, 0x00000007fde00000, 0x00000007fe000000|  0%| F|  |TAMS 0x00000007fde00000| PB 0x00000007fde00000| Untracked 
|1520|0x00000007fe000000, 0x00000007fe000000, 0x00000007fe200000|  0%| F|  |TAMS 0x00000007fe000000| PB 0x00000007fe000000| Untracked 
|1521|0x00000007fe200000, 0x00000007fe200000, 0x00000007fe400000|  0%| F|  |TAMS 0x00000007fe200000| PB 0x00000007fe200000| Untracked 
|1522|0x00000007fe400000, 0x00000007fe400000, 0x00000007fe600000|  0%| F|  |TAMS 0x00000007fe400000| PB 0x00000007fe400000| Untracked 
|1523|0x00000007fe600000, 0x00000007fe600000, 0x00000007fe800000|  0%| F|  |TAMS 0x00000007fe600000| PB 0x00000007fe600000| Untracked 
|1524|0x00000007fe800000, 0x00000007fe800000, 0x00000007fea00000|  0%| F|  |TAMS 0x00000007fe800000| PB 0x00000007fe800000| Untracked 
|1525|0x00000007fea00000, 0x00000007fea00000, 0x00000007fec00000|  0%| F|  |TAMS 0x00000007fea00000| PB 0x00000007fea00000| Untracked 
|1526|0x00000007fec00000, 0x00000007fec00000, 0x00000007fee00000|  0%| F|  |TAMS 0x00000007fec00000| PB 0x00000007fec00000| Untracked 
|1527|0x00000007fee00000, 0x00000007fee00000, 0x00000007ff000000|  0%| F|  |TAMS 0x00000007fee00000| PB 0x00000007fee00000| Untracked 
|1528|0x00000007ff000000, 0x00000007ff000000, 0x00000007ff200000|  0%| F|  |TAMS 0x00000007ff000000| PB 0x00000007ff000000| Untracked 
|1529|0x00000007ff200000, 0x00000007ff200000, 0x00000007ff400000|  0%| F|  |TAMS 0x00000007ff200000| PB 0x00000007ff200000| Untracked 
|1530|0x00000007ff400000, 0x00000007ff400000, 0x00000007ff600000|  0%| F|  |TAMS 0x00000007ff400000| PB 0x00000007ff400000| Untracked 
|1531|0x00000007ff600000, 0x00000007ff600000, 0x00000007ff800000|  0%| F|  |TAMS 0x00000007ff600000| PB 0x00000007ff600000| Untracked 
|1532|0x00000007ff800000, 0x00000007ff800000, 0x00000007ffa00000|  0%| F|  |TAMS 0x00000007ff800000| PB 0x00000007ff800000| Untracked 
|1533|0x00000007ffa00000, 0x00000007ffc00000, 0x00000007ffc00000|100%| O|  |TAMS 0x00000007ffc00000| PB 0x00000007ffa00000| Untracked 
|1534|0x00000007ffc00000, 0x00000007ffe00000, 0x00000007ffe00000|100%| O|  |TAMS 0x00000007ffe00000| PB 0x00000007ffc00000| Untracked 
|1535|0x00000007ffe00000, 0x0000000800000000, 0x0000000800000000|100%| O|  |TAMS 0x0000000800000000| PB 0x00000007ffe00000| Untracked 

Card table byte_map: [0x0000017fdc150000,0x0000017fdc750000] _byte_map_base: 0x0000017fd8750000

Marking Bits: (CMBitMap*) 0x0000017fc4471aa0
 Bits: [0x0000017fdc750000, 0x0000017fdf750000)

Polling page: 0x0000017fc2220000

Metaspace:

Usage:
  Non-class:    219.51 MB used.
      Class:     31.81 MB used.
       Both:    251.32 MB used.

Virtual space:
  Non-class space:      256.00 MB reserved,     221.19 MB ( 86%) committed,  4 nodes.
      Class space:        1.00 GB reserved,      33.56 MB (  3%) committed,  1 nodes.
             Both:        1.25 GB reserved,     254.75 MB ( 20%) committed. 

Chunk freelists:
   Non-Class:  2.70 MB
       Class:  14.29 MB
        Both:  16.99 MB

MaxMetaspaceSize: unlimited
CompressedClassSpaceSize: 1.00 GB
Initial GC threshold: 21.00 MB
Current GC threshold: 414.06 MB
CDS: on
 - commit_granule_bytes: 65536.
 - commit_granule_words: 8192.
 - virtual_space_node_default_size: 8388608.
 - enlarge_chunks_in_place: 1.
 - use_allocation_guard: 0.


Internal statistics:

num_allocs_failed_limit: 6.
num_arena_births: 6728.
num_arena_deaths: 6.
num_vsnodes_births: 5.
num_vsnodes_deaths: 0.
num_space_committed: 4071.
num_space_uncommitted: 0.
num_chunks_returned_to_freelist: 13.
num_chunks_taken_from_freelist: 17974.
num_chunk_merges: 6.
num_chunk_splits: 12212.
num_chunks_enlarged: 8279.
num_inconsistent_stats: 0.

CodeHeap 'non-profiled nmethods': size=120000Kb used=15258Kb max_used=19830Kb free=104741Kb
 bounds [0x0000017fd4620000, 0x0000017fd5980000, 0x0000017fdbb50000]
CodeHeap 'profiled nmethods': size=120000Kb used=37151Kb max_used=60518Kb free=82848Kb
 bounds [0x0000017fccb50000, 0x0000017fd0670000, 0x0000017fd4080000]
CodeHeap 'non-nmethods': size=5760Kb used=2567Kb max_used=2638Kb free=3192Kb
 bounds [0x0000017fd4080000, 0x0000017fd4330000, 0x0000017fd4620000]
CodeCache: size=245760Kb, used=54976Kb, max_used=82986Kb, free=190781Kb
 total_blobs=18966, nmethods=17620, adapters=1246, full_count=0
Compilation: enabled, stopped_count=0, restarted_count=0

Compilation events (20 events):
Event: 1585.388 Thread 0x000001800cfe7bb0 nmethod 35677 0x0000017fd53ab990 code [0x0000017fd53abb20, 0x0000017fd53abc80]
Event: 1585.389 Thread 0x000001800cfe7bb0 35729       4       com.android.tools.r8.internal.ms2::hasNext (12 bytes)
Event: 1585.389 Thread 0x0000017fe1befbc0 35746       2       com.android.tools.r8.graph.t3::a (24 bytes)
Event: 1585.390 Thread 0x0000017fe1befbc0 nmethod 35746 0x0000017fd0297290 code [0x0000017fd0297440, 0x0000017fd0297690]
Event: 1585.390 Thread 0x000001800cfe7bb0 nmethod 35729 0x0000017fd5322590 code [0x0000017fd5322720, 0x0000017fd53227b8]
Event: 1585.390 Thread 0x000001800cfe7bb0 35648       4       com.android.tools.r8.internal.o30$$Lambda/0x0000017f82c18848::accept (5 bytes)
Event: 1585.391 Thread 0x000001800cfe7bb0 nmethod 35648 0x0000017fd5322e90 code [0x0000017fd5323020, 0x0000017fd53230a8]
Event: 1585.391 Thread 0x000001800cfe7bb0 35646       4       com.android.tools.r8.graph.g3::<init> (21 bytes)
Event: 1585.400 Thread 0x000001800cfe7bb0 nmethod 35646 0x0000017fd4c13e10 code [0x0000017fd4c13fa0, 0x0000017fd4c14310]
Event: 1585.400 Thread 0x000001800cfe7bb0 35705   !   4       com.android.tools.r8.graph.e8::c (53 bytes)
Event: 1585.406 Thread 0x000001800cfe7bb0 nmethod 35705 0x0000017fd4d85190 code [0x0000017fd4d85340, 0x0000017fd4d854e0]
Event: 1585.407 Thread 0x000001800cfe7bb0 35703       4       com.android.tools.r8.internal.ag2::<init> (84 bytes)
Event: 1585.411 Thread 0x000001800cfe7bb0 nmethod 35703 0x0000017fd4e8cd10 code [0x0000017fd4e8cea0, 0x0000017fd4e8d038]
Event: 1585.411 Thread 0x000001800cfe7bb0 35706       4       com.android.tools.r8.graph.i9::a (25 bytes)
Event: 1585.413 Thread 0x0000017fe1befbc0 35748       2       com.android.tools.r8.graph.e8$j::a (37 bytes)
Event: 1585.414 Thread 0x0000017fe1befbc0 nmethod 35748 0x0000017fcf939590 code [0x0000017fcf939740, 0x0000017fcf939980]
Event: 1585.422 Thread 0x000001800cfe7bb0 nmethod 35706 0x0000017fd48c8290 code [0x0000017fd48c8460, 0x0000017fd48c8700]
Event: 1585.422 Thread 0x000001800cfe7bb0 35671       4       com.android.tools.r8.graph.a6::l0 (37 bytes)
Event: 1585.442 Thread 0x000001800cfe7bb0 nmethod 35671 0x0000017fd50a8a90 code [0x0000017fd50a8ce0, 0x0000017fd50a96a8]
Event: 1585.442 Thread 0x000001800cfe7bb0 35696   !   4       com.android.tools.r8.graph.a6::<init> (70 bytes)

GC Heap History (20 events):
Event: 1542.404 GC heap after
{Heap after GC invocations=94 (full 0):
 garbage-first heap   total 546816K, used 228506K [0x0000000740000000, 0x0000000800000000)
  region size 2048K, 4 young (8192K), 4 survivors (8192K)
 Metaspace       used 249104K, committed 252480K, reserved 1310720K
  class space    used 31485K, committed 33152K, reserved 1048576K
}
Event: 1543.764 GC heap before
{Heap before GC invocations=94 (full 0):
 garbage-first heap   total 546816K, used 251034K [0x0000000740000000, 0x0000000800000000)
  region size 2048K, 15 young (30720K), 4 survivors (8192K)
 Metaspace       used 249171K, committed 252544K, reserved 1310720K
  class space    used 31486K, committed 33152K, reserved 1048576K
}
Event: 1543.813 GC heap after
{Heap after GC invocations=95 (full 0):
 garbage-first heap   total 546816K, used 233281K [0x0000000740000000, 0x0000000800000000)
  region size 2048K, 2 young (4096K), 2 survivors (4096K)
 Metaspace       used 249171K, committed 252544K, reserved 1310720K
  class space    used 31486K, committed 33152K, reserved 1048576K
}
Event: 1561.592 GC heap before
{Heap before GC invocations=95 (full 0):
 garbage-first heap   total 546816K, used 311105K [0x0000000740000000, 0x0000000800000000)
  region size 2048K, 40 young (81920K), 2 survivors (4096K)
 Metaspace       used 250935K, committed 254272K, reserved 1310720K
  class space    used 31693K, committed 33344K, reserved 1048576K
}
Event: 1561.676 GC heap after
{Heap after GC invocations=96 (full 0):
 garbage-first heap   total 546816K, used 243367K [0x0000000740000000, 0x0000000800000000)
  region size 2048K, 5 young (10240K), 5 survivors (10240K)
 Metaspace       used 250935K, committed 254272K, reserved 1310720K
  class space    used 31693K, committed 33344K, reserved 1048576K
}
Event: 1562.250 GC heap before
{Heap before GC invocations=96 (full 0):
 garbage-first heap   total 546816K, used 259751K [0x0000000740000000, 0x0000000800000000)
  region size 2048K, 13 young (26624K), 5 survivors (10240K)
 Metaspace       used 251096K, committed 254400K, reserved 1310720K
  class space    used 31710K, committed 33344K, reserved 1048576K
}
Event: 1562.283 GC heap after
{Heap after GC invocations=97 (full 0):
 garbage-first heap   total 546816K, used 247110K [0x0000000740000000, 0x0000000800000000)
  region size 2048K, 2 young (4096K), 2 survivors (4096K)
 Metaspace       used 251096K, committed 254400K, reserved 1310720K
  class space    used 31710K, committed 33344K, reserved 1048576K
}
Event: 1571.067 GC heap before
{Heap before GC invocations=98 (full 0):
 garbage-first heap   total 546816K, used 314694K [0x0000000740000000, 0x0000000800000000)
  region size 2048K, 36 young (73728K), 2 survivors (4096K)
 Metaspace       used 254143K, committed 257664K, reserved 1310720K
  class space    used 32163K, committed 33920K, reserved 1048576K
}
Event: 1571.096 GC heap after
{Heap after GC invocations=99 (full 0):
 garbage-first heap   total 546816K, used 251615K [0x0000000740000000, 0x0000000800000000)
  region size 2048K, 4 young (8192K), 4 survivors (8192K)
 Metaspace       used 254143K, committed 257664K, reserved 1310720K
  class space    used 32163K, committed 33920K, reserved 1048576K
}
Event: 1579.254 GC heap before
{Heap before GC invocations=99 (full 0):
 garbage-first heap   total 546816K, used 333535K [0x0000000740000000, 0x0000000800000000)
  region size 2048K, 43 young (88064K), 4 survivors (8192K)
 Metaspace       used 256462K, committed 259968K, reserved 1310720K
  class space    used 32483K, committed 34240K, reserved 1048576K
}
Event: 1579.306 GC heap after
{Heap after GC invocations=100 (full 0):
 garbage-first heap   total 546816K, used 256000K [0x0000000740000000, 0x0000000800000000)
  region size 2048K, 6 young (12288K), 6 survivors (12288K)
 Metaspace       used 256462K, committed 259968K, reserved 1310720K
  class space    used 32483K, committed 34240K, reserved 1048576K
}
Event: 1580.866 GC heap before
{Heap before GC invocations=100 (full 0):
 garbage-first heap   total 546816K, used 301056K [0x0000000740000000, 0x0000000800000000)
  region size 2048K, 29 young (59392K), 6 survivors (12288K)
 Metaspace       used 257258K, committed 260800K, reserved 1310720K
  class space    used 32565K, committed 34368K, reserved 1048576K
}
Event: 1581.255 GC heap after
{Heap after GC invocations=101 (full 0):
 garbage-first heap   total 546816K, used 262639K [0x0000000740000000, 0x0000000800000000)
  region size 2048K, 4 young (8192K), 4 survivors (8192K)
 Metaspace       used 257258K, committed 260800K, reserved 1310720K
  class space    used 32565K, committed 34368K, reserved 1048576K
}
Event: 1581.810 GC heap before
{Heap before GC invocations=101 (full 0):
 garbage-first heap   total 546816K, used 285167K [0x0000000740000000, 0x0000000800000000)
  region size 2048K, 16 young (32768K), 4 survivors (8192K)
 Metaspace       used 257272K, committed 260800K, reserved 1310720K
  class space    used 32566K, committed 34368K, reserved 1048576K
}
Event: 1582.261 GC heap after
{Heap after GC invocations=102 (full 0):
 garbage-first heap   total 546816K, used 266770K [0x0000000740000000, 0x0000000800000000)
  region size 2048K, 2 young (4096K), 2 survivors (4096K)
 Metaspace       used 257272K, committed 260800K, reserved 1310720K
  class space    used 32566K, committed 34368K, reserved 1048576K
}
Event: 1582.452 GC heap before
{Heap before GC invocations=102 (full 0):
 garbage-first heap   total 546816K, used 287250K [0x0000000740000000, 0x0000000800000000)
  region size 2048K, 13 young (26624K), 2 survivors (4096K)
 Metaspace       used 257290K, committed 260800K, reserved 1310720K
  class space    used 32568K, committed 34368K, reserved 1048576K
}
Event: 1583.501 GC heap after
{Heap after GC invocations=103 (full 0):
 garbage-first heap   total 546816K, used 271929K [0x0000000740000000, 0x0000000800000000)
  region size 2048K, 2 young (4096K), 2 survivors (4096K)
 Metaspace       used 257290K, committed 260800K, reserved 1310720K
  class space    used 32568K, committed 34368K, reserved 1048576K
}
Event: 1583.668 GC heap before
{Heap before GC invocations=103 (full 0):
 garbage-first heap   total 546816K, used 294457K [0x0000000740000000, 0x0000000800000000)
  region size 2048K, 13 young (26624K), 2 survivors (4096K)
 Metaspace       used 257293K, committed 260800K, reserved 1310720K
  class space    used 32568K, committed 34368K, reserved 1048576K
}
Event: 1584.273 GC heap after
{Heap after GC invocations=104 (full 0):
 garbage-first heap   total 546816K, used 278949K [0x0000000740000000, 0x0000000800000000)
  region size 2048K, 2 young (4096K), 2 survivors (4096K)
 Metaspace       used 257293K, committed 260800K, reserved 1310720K
  class space    used 32568K, committed 34368K, reserved 1048576K
}
Event: 1585.485 GC heap before
{Heap before GC invocations=104 (full 0):
 garbage-first heap   total 546816K, used 324005K [0x0000000740000000, 0x0000000800000000)
  region size 2048K, 24 young (49152K), 2 survivors (4096K)
 Metaspace       used 257356K, committed 260864K, reserved 1310720K
  class space    used 32577K, committed 34368K, reserved 1048576K
}

Dll operation events (15 events):
Event: 0.100 Loaded shared library C:\Users\isaac\.gradle\jdks\amazon_com_inc_-21-amd64-windows.2\bin\java.dll
Event: 0.252 Loaded shared library C:\Users\isaac\.gradle\jdks\amazon_com_inc_-21-amd64-windows.2\bin\jsvml.dll
Event: 0.374 Loaded shared library C:\Users\isaac\.gradle\jdks\amazon_com_inc_-21-amd64-windows.2\bin\zip.dll
Event: 0.391 Loaded shared library C:\Users\isaac\.gradle\jdks\amazon_com_inc_-21-amd64-windows.2\bin\instrument.dll
Event: 0.406 Loaded shared library C:\Users\isaac\.gradle\jdks\amazon_com_inc_-21-amd64-windows.2\bin\net.dll
Event: 0.416 Loaded shared library C:\Users\isaac\.gradle\jdks\amazon_com_inc_-21-amd64-windows.2\bin\nio.dll
Event: 0.425 Loaded shared library C:\Users\isaac\.gradle\jdks\amazon_com_inc_-21-amd64-windows.2\bin\zip.dll
Event: 1.317 Loaded shared library C:\Users\isaac\.gradle\jdks\amazon_com_inc_-21-amd64-windows.2\bin\jimage.dll
Event: 2.219 Loaded shared library C:\Users\isaac\.gradle\jdks\amazon_com_inc_-21-amd64-windows.2\bin\verify.dll
Event: 2.539 Loaded shared library C:\Users\isaac\.gradle\native\660c5614fbf4a5f2a75b1949f50a0caf5cd603558e7d8a26e50b933a0cfb79d1\windows-amd64\native-platform.dll
Event: 2.589 Loaded shared library C:\Users\isaac\.gradle\native\0.2.8\x86_64-windows-gnu\gradle-fileevents.dll
Event: 5.707 Loaded shared library C:\Users\isaac\.gradle\jdks\amazon_com_inc_-21-amd64-windows.2\bin\management.dll
Event: 5.721 Loaded shared library C:\Users\isaac\.gradle\jdks\amazon_com_inc_-21-amd64-windows.2\bin\management_ext.dll
Event: 6.330 Loaded shared library C:\Users\isaac\.gradle\jdks\amazon_com_inc_-21-amd64-windows.2\bin\extnet.dll
Event: 7.276 Loaded shared library C:\Users\isaac\.gradle\jdks\amazon_com_inc_-21-amd64-windows.2\bin\sunmscapi.dll

Deoptimization events (20 events):
Event: 1582.392 Thread 0x000001800d23ac00 DEOPT PACKING pc=0x0000017fd4ae8f44 sp=0x00000003982fe110
Event: 1582.392 Thread 0x000001800d23ac00 DEOPT UNPACKING pc=0x0000017fd40d4422 sp=0x00000003982fe110 mode 2
Event: 1582.392 Thread 0x000001800d23a570 DEOPT PACKING pc=0x0000017fd4ae8f44 sp=0x00000003985fdfa0
Event: 1582.392 Thread 0x000001800d23a570 DEOPT UNPACKING pc=0x0000017fd40d4422 sp=0x00000003985fdfa0 mode 2
Event: 1582.392 Thread 0x000001800d235d40 Uncommon trap: trap_request=0xffffffbe fr.pc=0x0000017fd4ae8f44 relative=0x00000000000011c4
Event: 1582.392 Thread 0x000001800d23ac00 Uncommon trap: trap_request=0xffffffbe fr.pc=0x0000017fd4ae8f44 relative=0x00000000000011c4
Event: 1582.392 Thread 0x000001800d23a570 Uncommon trap: trap_request=0xffffffbe fr.pc=0x0000017fd4ae8f44 relative=0x00000000000011c4
Event: 1582.392 Thread 0x000001800d235d40 Uncommon trap: reason=profile_predicate action=maybe_recompile pc=0x0000017fd4ae8f44 method=com.android.tools.r8.internal.os2.put(Ljava/lang/Object;Ljava/lang/Object;)Ljava/lang/Object; @ 92 c2
Event: 1582.392 Thread 0x000001800d23ac00 Uncommon trap: reason=profile_predicate action=maybe_recompile pc=0x0000017fd4ae8f44 method=com.android.tools.r8.internal.os2.put(Ljava/lang/Object;Ljava/lang/Object;)Ljava/lang/Object; @ 92 c2
Event: 1582.392 Thread 0x000001800d23a570 Uncommon trap: reason=profile_predicate action=maybe_recompile pc=0x0000017fd4ae8f44 method=com.android.tools.r8.internal.os2.put(Ljava/lang/Object;Ljava/lang/Object;)Ljava/lang/Object; @ 92 c2
Event: 1582.393 Thread 0x000001800d235d40 DEOPT PACKING pc=0x0000017fd4ae8f44 sp=0x00000003983fdda0
Event: 1582.393 Thread 0x000001800d235d40 DEOPT UNPACKING pc=0x0000017fd40d4422 sp=0x00000003983fdda0 mode 2
Event: 1582.393 Thread 0x000001800d23ac00 DEOPT PACKING pc=0x0000017fd4ae8f44 sp=0x00000003982fe110
Event: 1582.393 Thread 0x000001800d23a570 DEOPT PACKING pc=0x0000017fd4ae8f44 sp=0x00000003985fdfa0
Event: 1582.393 Thread 0x000001800d23ac00 DEOPT UNPACKING pc=0x0000017fd40d4422 sp=0x00000003982fe110 mode 2
Event: 1582.393 Thread 0x000001800d23a570 DEOPT UNPACKING pc=0x0000017fd40d4422 sp=0x00000003985fdfa0 mode 2
Event: 1584.663 Thread 0x000001800d239850 Uncommon trap: trap_request=0xffffffd6 fr.pc=0x0000017fd492ec84 relative=0x0000000000001904
Event: 1584.663 Thread 0x000001800d239850 Uncommon trap: reason=array_check action=maybe_recompile pc=0x0000017fd492ec84 method=java.util.ComparableTimSort.binarySort([Ljava/lang/Object;III)V @ 193 c2
Event: 1584.663 Thread 0x000001800d239850 DEOPT PACKING pc=0x0000017fd492ec84 sp=0x0000000397bfa8f0
Event: 1584.663 Thread 0x000001800d239850 DEOPT UNPACKING pc=0x0000017fd40d4422 sp=0x0000000397bfa7f0 mode 2

Classes loaded (20 events):
Event: 1571.904 Loading class com/sun/org/apache/xerces/internal/dom/ElementNSImpl
Event: 1571.904 Loading class com/sun/org/apache/xerces/internal/dom/ElementNSImpl done
Event: 1572.005 Loading class com/sun/org/apache/xerces/internal/dom/DOMImplementationImpl
Event: 1572.005 Loading class org/w3c/dom/DOMImplementation
Event: 1572.006 Loading class org/w3c/dom/DOMImplementation done
Event: 1572.006 Loading class com/sun/org/apache/xerces/internal/dom/CoreDOMImplementationImpl
Event: 1572.007 Loading class org/w3c/dom/ls/DOMImplementationLS
Event: 1572.008 Loading class org/w3c/dom/ls/DOMImplementationLS done
Event: 1572.008 Loading class com/sun/org/apache/xerces/internal/dom/CoreDOMImplementationImpl done
Event: 1572.008 Loading class com/sun/org/apache/xerces/internal/dom/DOMImplementationImpl done
Event: 1572.008 Loading class com/sun/org/apache/xerces/internal/dom/DeferredDOMImplementationImpl
Event: 1572.010 Loading class com/sun/org/apache/xerces/internal/dom/DeferredDOMImplementationImpl done
Event: 1575.653 Loading class java/util/stream/Streams$1
Event: 1575.653 Loading class java/util/stream/Streams$1 done
Event: 1575.665 Loading class java/nio/file/FileChannelLinesSpliterator$1
Event: 1575.668 Loading class java/nio/file/FileChannelLinesSpliterator$1 done
Event: 1577.481 Loading class java/net/HttpURLConnection
Event: 1577.484 Loading class java/net/HttpURLConnection done
Event: 1578.214 Loading class java/util/concurrent/ForkJoinTask$AdaptedCallable
Event: 1578.215 Loading class java/util/concurrent/ForkJoinTask$AdaptedCallable done

Classes unloaded (3 events):
Event: 410.828 Thread 0x0000017fc44de940 Unloading class 0x0000017f82a98800 'java/lang/invoke/LambdaForm$DMH+0x0000017f82a98800'
Event: 1563.101 Thread 0x0000017fc44de940 Unloading class 0x0000017f8289c000 'java/lang/invoke/LambdaForm$MH+0x0000017f8289c000'
Event: 1563.101 Thread 0x0000017fc44de940 Unloading class 0x0000017f82720000 'java/lang/invoke/LambdaForm$MH+0x0000017f82720000'

Classes redefined (0 events):
No events

Internal exceptions (20 events):
Event: 1580.704 Thread 0x00000180061a5890 Exception <a 'sun/nio/fs/WindowsException'{0x00000007fdf08438}> (0x00000007fdf08438) 
thrown [s\src\hotspot\share\prims\jni.cpp, line 520]
Event: 1580.819 Thread 0x000001800d23d9f0 Exception <a 'java/io/FileNotFoundException'{0x00000007fe271e88}> (0x00000007fe271e88) 
thrown [s\src\hotspot\share\prims\jni.cpp, line 520]
Event: 1580.820 Thread 0x00000180061a5890 Exception <a 'java/io/FileNotFoundException'{0x000000075e98dcb0}> (0x000000075e98dcb0) 
thrown [s\src\hotspot\share\prims\jni.cpp, line 520]
Event: 1581.278 Thread 0x00000180061a5890 Exception <a 'sun/nio/fs/WindowsException'{0x00000007ff8d40e0}> (0x00000007ff8d40e0) 
thrown [s\src\hotspot\share\prims\jni.cpp, line 520]
Event: 1581.341 Thread 0x000001800d23d9f0 Exception <a 'sun/nio/fs/WindowsException'{0x00000007ff8f19b8}> (0x00000007ff8f19b8) 
thrown [s\src\hotspot\share\prims\jni.cpp, line 520]
Event: 1584.824 Thread 0x000001800d239850 Exception <a 'java/lang/NoSuchMethodError'{0x00000007ff76a808}: static Ljava/lang/Object;.<clinit>()V> (0x00000007ff76a808) 
thrown [s\src\hotspot\share\prims\jni.cpp, line 1111]
Event: 1584.840 Thread 0x000001800d23d9f0 Exception <a 'sun/nio/fs/WindowsException'{0x00000007ff68f330}> (0x00000007ff68f330) 
thrown [s\src\hotspot\share\prims\jni.cpp, line 520]
Event: 1584.919 Thread 0x00000180061a5890 Exception <a 'sun/nio/fs/WindowsException'{0x00000007ff05ece8}> (0x00000007ff05ece8) 
thrown [s\src\hotspot\share\prims\jni.cpp, line 520]
Event: 1584.966 Thread 0x000001800d23d9f0 Exception <a 'java/io/FileNotFoundException'{0x00000007ff7ae6a0}> (0x00000007ff7ae6a0) 
thrown [s\src\hotspot\share\prims\jni.cpp, line 520]
Event: 1585.037 Thread 0x00000180061a5890 Exception <a 'java/io/FileNotFoundException'{0x00000007fed1d458}> (0x00000007fed1d458) 
thrown [s\src\hotspot\share\prims\jni.cpp, line 520]
Event: 1585.056 Thread 0x000001800d23d9f0 Exception <a 'sun/nio/fs/WindowsException'{0x00000007fea50248}> (0x00000007fea50248) 
thrown [s\src\hotspot\share\prims\jni.cpp, line 520]
Event: 1585.096 Thread 0x00000180061a5890 Exception <a 'sun/nio/fs/WindowsException'{0x00000007fe4ddfe0}> (0x00000007fe4ddfe0) 
thrown [s\src\hotspot\share\prims\jni.cpp, line 520]
Event: 1585.112 Thread 0x00000180061a5890 Exception <a 'sun/nio/fs/WindowsException'{0x00000007fe4de180}> (0x00000007fe4de180) 
thrown [s\src\hotspot\share\prims\jni.cpp, line 520]
Event: 1585.124 Thread 0x000001800d239850 Exception <a 'sun/nio/fs/WindowsException'{0x00000007fdcdf4d8}> (0x00000007fdcdf4d8) 
thrown [s\src\hotspot\share\prims\jni.cpp, line 520]
Event: 1585.203 Thread 0x000001800d239850 Exception <a 'java/io/FileNotFoundException'{0x00000007fda17c50}> (0x00000007fda17c50) 
thrown [s\src\hotspot\share\prims\jni.cpp, line 520]
Event: 1585.254 Thread 0x000001800d23d9f0 Exception <a 'sun/nio/fs/WindowsException'{0x000000075eab03b8}> (0x000000075eab03b8) 
thrown [s\src\hotspot\share\prims\jni.cpp, line 520]
Event: 1585.392 Thread 0x00000180061a5890 Exception <a 'sun/nio/fs/WindowsException'{0x000000075e7fa138}> (0x000000075e7fa138) 
thrown [s\src\hotspot\share\prims\jni.cpp, line 520]
Event: 1585.392 Thread 0x000001800d23d9f0 Exception <a 'java/io/FileNotFoundException'{0x000000075e7c6da0}> (0x000000075e7c6da0) 
thrown [s\src\hotspot\share\prims\jni.cpp, line 520]
Event: 1585.477 Thread 0x000001800d23d9f0 Exception <a 'sun/nio/fs/WindowsException'{0x000000075e072990}> (0x000000075e072990) 
thrown [s\src\hotspot\share\prims\jni.cpp, line 520]
Event: 1585.477 Thread 0x000001800d23d9f0 Exception <a 'sun/nio/fs/WindowsException'{0x000000075e072b40}> (0x000000075e072b40) 
thrown [s\src\hotspot\share\prims\jni.cpp, line 520]

ZGC Phase Switch (0 events):
No events

VM Operations (20 events):
Event: 1578.310 Executing safepoint VM operation: Cleanup done
Event: 1579.253 Executing safepoint VM operation: G1CollectForAllocation (G1 Evacuation Pause)
Event: 1579.306 Executing safepoint VM operation: G1CollectForAllocation (G1 Evacuation Pause) done
Event: 1580.318 Executing safepoint VM operation: Cleanup
Event: 1580.333 Executing safepoint VM operation: Cleanup done
Event: 1580.866 Executing safepoint VM operation: G1CollectForAllocation (G1 Evacuation Pause)
Event: 1581.255 Executing safepoint VM operation: G1CollectForAllocation (G1 Evacuation Pause) done
Event: 1581.797 Executing safepoint VM operation: G1CollectForAllocation (G1 Evacuation Pause)
Event: 1582.261 Executing safepoint VM operation: G1CollectForAllocation (G1 Evacuation Pause) done
Event: 1582.451 Executing safepoint VM operation: G1CollectForAllocation (G1 Evacuation Pause)
Event: 1582.451 Executing safepoint VM operation: G1CollectForAllocation (G1 Evacuation Pause) done
Event: 1582.452 Executing safepoint VM operation: G1CollectForAllocation (GCLocker Initiated GC)
Event: 1583.501 Executing safepoint VM operation: G1CollectForAllocation (GCLocker Initiated GC) done
Event: 1583.666 Executing safepoint VM operation: G1CollectForAllocation (G1 Evacuation Pause)
Event: 1583.667 Executing safepoint VM operation: G1CollectForAllocation (G1 Evacuation Pause) done
Event: 1583.668 Executing safepoint VM operation: G1CollectForAllocation (GCLocker Initiated GC)
Event: 1584.273 Executing safepoint VM operation: G1CollectForAllocation (GCLocker Initiated GC) done
Event: 1585.282 Executing safepoint VM operation: Cleanup
Event: 1585.310 Executing safepoint VM operation: Cleanup done
Event: 1585.477 Executing safepoint VM operation: G1CollectForAllocation (G1 Evacuation Pause)

Memory protections (0 events):
No events

Nmethod flushes (20 events):
Event: 1564.418 Thread 0x0000017fc44de940 flushing  nmethod 0x0000017fcfcebd90
Event: 1564.418 Thread 0x0000017fc44de940 flushing  nmethod 0x0000017fcfceca10
Event: 1564.418 Thread 0x0000017fc44de940 flushing  nmethod 0x0000017fcfced110
Event: 1564.418 Thread 0x0000017fc44de940 flushing  nmethod 0x0000017fcfced510
Event: 1564.418 Thread 0x0000017fc44de940 flushing  nmethod 0x0000017fcfceda90
Event: 1564.418 Thread 0x0000017fc44de940 flushing  nmethod 0x0000017fcfcefd90
Event: 1564.418 Thread 0x0000017fc44de940 flushing  nmethod 0x0000017fcfcf1890
Event: 1564.418 Thread 0x0000017fc44de940 flushing  nmethod 0x0000017fcfd2d290
Event: 1564.418 Thread 0x0000017fc44de940 flushing  nmethod 0x0000017fd0298c10
Event: 1564.418 Thread 0x0000017fc44de940 flushing  nmethod 0x0000017fd0299190
Event: 1564.418 Thread 0x0000017fc44de940 flushing  nmethod 0x0000017fd0299c10
Event: 1564.418 Thread 0x0000017fc44de940 flushing  nmethod 0x0000017fd029a610
Event: 1564.418 Thread 0x0000017fc44de940 flushing  nmethod 0x0000017fd029b410
Event: 1564.418 Thread 0x0000017fc44de940 flushing  nmethod 0x0000017fd029b890
Event: 1564.418 Thread 0x0000017fc44de940 flushing  nmethod 0x0000017fd029be90
Event: 1564.418 Thread 0x0000017fc44de940 flushing  nmethod 0x0000017fd029c390
Event: 1564.418 Thread 0x0000017fc44de940 flushing  nmethod 0x0000017fd02ddb90
Event: 1564.418 Thread 0x0000017fc44de940 flushing  nmethod 0x0000017fd02dee10
Event: 1564.418 Thread 0x0000017fc44de940 flushing  nmethod 0x0000017fd02e5c90
Event: 1564.418 Thread 0x0000017fc44de940 flushing  nmethod 0x0000017fd02ec010

Events (20 events):
Event: 1568.630 Thread 0x000001800d2391c0 Thread added: 0x000001800d23d9f0
Event: 1568.636 Thread 0x000001800d23ccd0 Thread added: 0x000001800d23e080
Event: 1569.738 Thread 0x000001800cfe6740 Thread exited: 0x000001800cfe6740
Event: 1571.296 Thread 0x000001800d2391c0 Thread added: 0x000001800d232f50
Event: 1572.428 Thread 0x0000017fe1befbc0 Thread added: 0x000001800cfe96f0
Event: 1572.600 Thread 0x000001800d239850 Thread added: 0x000001800d235020
Event: 1572.641 Thread 0x000001800cfe96f0 Thread exited: 0x000001800cfe96f0
Event: 1574.839 Thread 0x000001800d23d9f0 Thread added: 0x000001800d233c70
Event: 1574.840 Thread 0x000001800d23d9f0 Thread added: 0x000001800d236a60
Event: 1575.736 Thread 0x0000017fe1befbc0 Thread added: 0x000001800cfe6740
Event: 1576.001 Thread 0x000001800cfe6740 Thread exited: 0x000001800cfe6740
Event: 1577.884 Thread 0x0000017fe1befbc0 Thread added: 0x000001800cfe8280
Event: 1578.247 Thread 0x000001800d2391c0 Thread added: 0x000001800d235d40
Event: 1578.262 Thread 0x000001800d235d40 Thread added: 0x000001800d2335e0
Event: 1578.277 Thread 0x000001800d2335e0 Thread added: 0x000001800d23a570
Event: 1578.281 Thread 0x000001800cfe8280 Thread exited: 0x000001800cfe8280
Event: 1578.311 Thread 0x000001800d23a570 Thread added: 0x000001800d23ac00
Event: 1578.771 Thread 0x0000017fe1befbc0 Thread added: 0x000001800cfe7bb0
Event: 1580.058 Thread 0x000001800cfe7bb0 Thread exited: 0x000001800cfe7bb0
Event: 1580.680 Thread 0x0000017fe1befbc0 Thread added: 0x000001800cfe7bb0


Dynamic libraries:
0x00007ff70cdf0000 - 0x00007ff70cdfe000 	C:\Users\isaac\.gradle\jdks\amazon_com_inc_-21-amd64-windows.2\bin\java.exe
0x00007ffae7280000 - 0x00007ffae74e7000 	C:\WINDOWS\SYSTEM32\ntdll.dll
0x00007ffae5ad0000 - 0x00007ffae5b99000 	C:\WINDOWS\System32\KERNEL32.DLL
0x00007ffae4b10000 - 0x00007ffae4f07000 	C:\WINDOWS\System32\KERNELBASE.dll
0x00007ffae4010000 - 0x00007ffae415b000 	C:\WINDOWS\System32\ucrtbase.dll
0x00007ffabf640000 - 0x00007ffabf658000 	C:\Users\isaac\.gradle\jdks\amazon_com_inc_-21-amd64-windows.2\bin\jli.dll
0x00007ffabf5d0000 - 0x00007ffabf5ee000 	C:\Users\isaac\.gradle\jdks\amazon_com_inc_-21-amd64-windows.2\bin\VCRUNTIME140.dll
0x00007ffae50c0000 - 0x00007ffae5286000 	C:\WINDOWS\System32\USER32.dll
0x00007ffae4f10000 - 0x00007ffae4f37000 	C:\WINDOWS\System32\win32u.dll
0x00007ffac98b0000 - 0x00007ffac9b42000 	C:\WINDOWS\WinSxS\amd64_microsoft.windows.common-controls_6595b64144ccf1df_6.0.26100.8457_none_3e0b2faee331e92d\COMCTL32.dll
0x00007ffae5c50000 - 0x00007ffae5cf9000 	C:\WINDOWS\System32\msvcrt.dll
0x00007ffae5c20000 - 0x00007ffae5c4b000 	C:\WINDOWS\System32\GDI32.dll
0x00007ffae3ee0000 - 0x00007ffae400c000 	C:\WINDOWS\System32\gdi32full.dll
0x00007ffae3cb0000 - 0x00007ffae3d53000 	C:\WINDOWS\System32\msvcp_win.dll
0x00007ffae5680000 - 0x00007ffae56b2000 	C:\WINDOWS\System32\IMM32.DLL
0x00007ffabf720000 - 0x00007ffabf72c000 	C:\Users\isaac\.gradle\jdks\amazon_com_inc_-21-amd64-windows.2\bin\vcruntime140_1.dll
0x00007ffa885d0000 - 0x00007ffa88659000 	C:\Users\isaac\.gradle\jdks\amazon_com_inc_-21-amd64-windows.2\bin\msvcp140.dll
0x00007ff9dff00000 - 0x00007ff9e0ca8000 	C:\Users\isaac\.gradle\jdks\amazon_com_inc_-21-amd64-windows.2\bin\server\jvm.dll
0x00007ffae5750000 - 0x00007ffae5806000 	C:\WINDOWS\System32\ADVAPI32.dll
0x00007ffae68f0000 - 0x00007ffae6997000 	C:\WINDOWS\System32\sechost.dll
0x00007ffae5e00000 - 0x00007ffae5f18000 	C:\WINDOWS\System32\RPCRT4.dll
0x00007ffae56c0000 - 0x00007ffae5740000 	C:\WINDOWS\System32\WS2_32.dll
0x00007ffae3b10000 - 0x00007ffae3b6e000 	C:\WINDOWS\SYSTEM32\POWRPROF.dll
0x00007ffaddd90000 - 0x00007ffadddc6000 	C:\WINDOWS\SYSTEM32\WINMM.dll
0x00007ffadddd0000 - 0x00007ffaddddb000 	C:\WINDOWS\SYSTEM32\VERSION.dll
0x00007ffae3af0000 - 0x00007ffae3b04000 	C:\WINDOWS\SYSTEM32\UMPDC.dll
0x00007ffae2a40000 - 0x00007ffae2a5b000 	C:\WINDOWS\SYSTEM32\kernel.appcore.dll
0x00007ffab45e0000 - 0x00007ffab45ea000 	C:\Users\isaac\.gradle\jdks\amazon_com_inc_-21-amd64-windows.2\bin\jimage.dll
0x00007ffad7bc0000 - 0x00007ffad7e02000 	C:\WINDOWS\SYSTEM32\DBGHELP.DLL
0x00007ffae5290000 - 0x00007ffae5613000 	C:\WINDOWS\System32\combase.dll
0x00007ffae5850000 - 0x00007ffae5929000 	C:\WINDOWS\System32\OLEAUT32.dll
0x00007ffacc7e0000 - 0x00007ffacc81b000 	C:\WINDOWS\SYSTEM32\dbgcore.DLL
0x00007ffae4160000 - 0x00007ffae4208000 	C:\WINDOWS\System32\bcryptPrimitives.dll
0x00007ffab45d0000 - 0x00007ffab45e0000 	C:\Users\isaac\.gradle\jdks\amazon_com_inc_-21-amd64-windows.2\bin\instrument.dll
0x00007ffaa72c0000 - 0x00007ffaa72e1000 	C:\Users\isaac\.gradle\jdks\amazon_com_inc_-21-amd64-windows.2\bin\java.dll
0x00007ffae5f20000 - 0x00007ffae668e000 	C:\WINDOWS\System32\SHELL32.dll
0x00007ffae4210000 - 0x00007ffae4a7c000 	C:\WINDOWS\System32\windows.storage.dll
0x00007ffae66a0000 - 0x00007ffae6796000 	C:\WINDOWS\System32\SHCORE.dll
0x00007ffae67f0000 - 0x00007ffae6856000 	C:\WINDOWS\System32\shlwapi.dll
0x00007ffae3bd0000 - 0x00007ffae3bf9000 	C:\WINDOWS\SYSTEM32\profapi.dll
0x00007ffa489d0000 - 0x00007ffa48aa7000 	C:\Users\isaac\.gradle\jdks\amazon_com_inc_-21-amd64-windows.2\bin\jsvml.dll
0x00007ffab2810000 - 0x00007ffab2828000 	C:\Users\isaac\.gradle\jdks\amazon_com_inc_-21-amd64-windows.2\bin\zip.dll
0x00007ffab2060000 - 0x00007ffab2071000 	C:\Users\isaac\.gradle\jdks\amazon_com_inc_-21-amd64-windows.2\bin\net.dll
0x00007ffad9030000 - 0x00007ffad9159000 	C:\WINDOWS\SYSTEM32\WINHTTP.dll
0x00007ffae2fb0000 - 0x00007ffae301c000 	C:\WINDOWS\system32\mswsock.dll
0x00007ffaa8c50000 - 0x00007ffaa8c66000 	C:\Users\isaac\.gradle\jdks\amazon_com_inc_-21-amd64-windows.2\bin\nio.dll
0x00007ffab45c0000 - 0x00007ffab45d0000 	C:\Users\isaac\.gradle\jdks\amazon_com_inc_-21-amd64-windows.2\bin\verify.dll
0x00007ffabf6a0000 - 0x00007ffabf6c7000 	C:\Users\isaac\.gradle\native\660c5614fbf4a5f2a75b1949f50a0caf5cd603558e7d8a26e50b933a0cfb79d1\windows-amd64\native-platform.dll
0x00007ffa853f0000 - 0x00007ffa85467000 	C:\Users\isaac\.gradle\native\0.2.8\x86_64-windows-gnu\gradle-fileevents.dll
0x00007ffabf690000 - 0x00007ffabf69a000 	C:\Users\isaac\.gradle\jdks\amazon_com_inc_-21-amd64-windows.2\bin\management.dll
0x00007ffabf680000 - 0x00007ffabf68c000 	C:\Users\isaac\.gradle\jdks\amazon_com_inc_-21-amd64-windows.2\bin\management_ext.dll
0x00007ffae67a0000 - 0x00007ffae67a8000 	C:\WINDOWS\System32\PSAPI.DLL
0x00007ffae24a0000 - 0x00007ffae24d2000 	C:\WINDOWS\SYSTEM32\IPHLPAPI.DLL
0x00007ffae5840000 - 0x00007ffae584a000 	C:\WINDOWS\System32\NSI.dll
0x00007ffabf670000 - 0x00007ffabf679000 	C:\Users\isaac\.gradle\jdks\amazon_com_inc_-21-amd64-windows.2\bin\extnet.dll
0x00007ffae3290000 - 0x00007ffae32ab000 	C:\WINDOWS\SYSTEM32\CRYPTSP.dll
0x00007ffae29a0000 - 0x00007ffae29d9000 	C:\WINDOWS\system32\rsaenh.dll
0x00007ffae3060000 - 0x00007ffae3093000 	C:\WINDOWS\SYSTEM32\USERENV.dll
0x00007ffae3ba0000 - 0x00007ffae3bca000 	C:\WINDOWS\SYSTEM32\bcrypt.dll
0x00007ffae32b0000 - 0x00007ffae32bc000 	C:\WINDOWS\SYSTEM32\CRYPTBASE.dll
0x00007ffabf660000 - 0x00007ffabf66e000 	C:\Users\isaac\.gradle\jdks\amazon_com_inc_-21-amd64-windows.2\bin\sunmscapi.dll
0x00007ffae3d60000 - 0x00007ffae3ed8000 	C:\WINDOWS\System32\CRYPT32.dll
0x00007ffae34b0000 - 0x00007ffae34e0000 	C:\WINDOWS\SYSTEM32\ncrypt.dll
0x00007ffae3460000 - 0x00007ffae349f000 	C:\WINDOWS\SYSTEM32\NTASN1.dll
0x00007ffaa86f0000 - 0x00007ffaa86f8000 	C:\WINDOWS\system32\wshunix.dll
0x00007ffae2580000 - 0x00007ffae26b2000 	C:\WINDOWS\SYSTEM32\DNSAPI.dll
0x00007ffad6f80000 - 0x00007ffad6f8b000 	C:\Windows\System32\rasadhlp.dll
0x00007ffad87e0000 - 0x00007ffad8866000 	C:\WINDOWS\System32\fwpuclnt.dll
0x00007ffae2b60000 - 0x00007ffae2b96000 	C:\WINDOWS\SYSTEM32\ntmarta.dll

JVMTI agents:
C:\Users\isaac\.gradle\wrapper\dists\gradle-9.4.1-bin\arn2x92ynaizyzdaamcbpbhtj\gradle-9.4.1\lib\agents\gradle-instrumentation-agent-9.4.1.jar path:C:\Users\isaac\.gradle\jdks\amazon_com_inc_-21-amd64-windows.2\bin\instrument.dll, loaded, initialized, instrumentlib options:none

dbghelp: loaded successfully - version: 4.0.5 - missing functions: none
symbol engine: initialized successfully - sym options: 0x614 - pdb path: .;C:\Users\isaac\.gradle\jdks\amazon_com_inc_-21-amd64-windows.2\bin;C:\WINDOWS\SYSTEM32;C:\WINDOWS\WinSxS\amd64_microsoft.windows.common-controls_6595b64144ccf1df_6.0.26100.8457_none_3e0b2faee331e92d;C:\Users\isaac\.gradle\jdks\amazon_com_inc_-21-amd64-windows.2\bin\server;C:\Users\isaac\.gradle\native\660c5614fbf4a5f2a75b1949f50a0caf5cd603558e7d8a26e50b933a0cfb79d1\windows-amd64;C:\Users\isaac\.gradle\native\0.2.8\x86_64-windows-gnu

VM Arguments:
jvm_args: --add-opens=java.base/java.lang=ALL-UNNAMED --add-opens=java.base/java.lang.invoke=ALL-UNNAMED --add-opens=java.base/java.util=ALL-UNNAMED --add-opens=java.prefs/java.util.prefs=ALL-UNNAMED --add-exports=jdk.compiler/com.sun.tools.javac.api=ALL-UNNAMED --add-exports=jdk.compiler/com.sun.tools.javac.util=ALL-UNNAMED --add-opens=java.base/java.util=ALL-UNNAMED --add-opens=java.prefs/java.util.prefs=ALL-UNNAMED --add-opens=java.base/java.nio.charset=ALL-UNNAMED --add-opens=java.base/java.net=ALL-UNNAMED --add-opens=java.base/java.util.concurrent=ALL-UNNAMED --add-opens=java.base/java.util.concurrent.atomic=ALL-UNNAMED --add-opens=java.xml/javax.xml.namespace=ALL-UNNAMED --add-opens=java.base/java.time=ALL-UNNAMED -Xmx3072M -Dfile.encoding=UTF-8 -Duser.country=MX -Duser.language=es -Duser.variant -javaagent:C:\Users\isaac\.gradle\wrapper\dists\gradle-9.4.1-bin\arn2x92ynaizyzdaamcbpbhtj\gradle-9.4.1\lib\agents\gradle-instrumentation-agent-9.4.1.jar 
java_command: org.gradle.launcher.daemon.bootstrap.GradleDaemon 9.4.1
java_class_path (initial): C:\Users\isaac\.gradle\wrapper\dists\gradle-9.4.1-bin\arn2x92ynaizyzdaamcbpbhtj\gradle-9.4.1\lib\gradle-daemon-main-9.4.1.jar
Launcher Type: SUN_STANDARD

[Global flags]
     intx CICompilerCount                          = 3                                         {product} {ergonomic}
     uint ConcGCThreads                            = 1                                         {product} {ergonomic}
     uint G1ConcRefinementThreads                  = 4                                         {product} {ergonomic}
   size_t G1HeapRegionSize                         = 2097152                                   {product} {ergonomic}
    uintx GCDrainStackTargetSize                   = 64                                        {product} {ergonomic}
   size_t InitialHeapSize                          = 100663296                                 {product} {ergonomic}
   size_t MarkStackSize                            = 4194304                                   {product} {ergonomic}
   size_t MaxHeapSize                              = 3221225472                                {product} {command line}
   size_t MaxNewSize                               = 1931476992                                {product} {ergonomic}
   size_t MinHeapDeltaBytes                        = 2097152                                   {product} {ergonomic}
   size_t MinHeapSize                              = 8388608                                   {product} {ergonomic}
    uintx NonNMethodCodeHeapSize                   = 5832780                                {pd product} {ergonomic}
    uintx NonProfiledCodeHeapSize                  = 122912730                              {pd product} {ergonomic}
    uintx ProfiledCodeHeapSize                     = 122912730                              {pd product} {ergonomic}
    uintx ReservedCodeCacheSize                    = 251658240                              {pd product} {ergonomic}
     bool SegmentedCodeCache                       = true                                      {product} {ergonomic}
   size_t SoftMaxHeapSize                          = 3221225472                             {manageable} {ergonomic}
     bool UseCompressedOops                        = true                           {product lp64_product} {ergonomic}
     bool UseG1GC                                  = true                                      {product} {ergonomic}
     bool UseLargePagesIndividualAllocation        = false                                  {pd product} {ergonomic}

Logging:
Log output configuration:
 #0: stdout all=warning uptime,level,tags foldmultilines=false
 #1: stderr all=off uptime,level,tags foldmultilines=false

Release file:
IMPLEMENTOR="Amazon.com Inc." 
IMPLEMENTOR_VERSION="Corretto-21.0.11.10.1" 
JAVA_RUNTIME_VERSION="21.0.11+10-LTS" 
JAVA_VERSION="21.0.11" 
JAVA_VERSION_DATE="2026-04-21" 
LIBC="default" 
MODULES="java.base java.compiler java.datatransfer java.xml java.prefs java.desktop java.instrument java.logging java.management java.security.sasl java.naming java.rmi java.management.rmi java.net.http java.scripting java.security.jgss java.transaction.xa java.sql java.sql.rowset java.xml.crypto java.se java.smartcardio jdk.accessibility jdk.internal.jvmstat jdk.attach jdk.charsets jdk.internal.opt jdk.zipfs jdk.compiler jdk.crypto.ec jdk.crypto.cryptoki jdk.crypto.mscapi jdk.dynalink jdk.internal.ed jdk.editpad jdk.hotspot.agent jdk.httpserver jdk.incubator.vector jdk.internal.le jdk.internal.vm.ci jdk.internal.vm.compiler jdk.internal.vm.compiler.management jdk.jartool jdk.javadoc jdk.jcmd jdk.management jdk.management.agent jdk.jconsole jdk.jdeps jdk.jdwp.agent jdk.jdi jdk.jfr jdk.jlink jdk.jpackage jdk.jshell jdk.jsobject jdk.jstatd jdk.localedata jdk.management.jfr jdk.naming.dns jdk.naming.rmi jdk.net jdk.nio.mapmode jdk.random jdk.sctp jdk.security.auth jdk.security.jgss jdk.unsupported jdk.unsupported.desktop jdk.xml.dom" 
OS_ARCH="x86_64" 
OS_NAME="Windows" 
SOURCE="" 

Environment Variables:
PATH=C:\Program Files\Microsoft\jdk-11.0.12.7-hotspot\bin;C:\Program Files\Common Files\Oracle\Java\javapath;C:\windows\system32;C:\windows;C:\windows\System32\Wbem;C:\windows\System32\WindowsPowerShell\v1.0\;C:\windows\System32\OpenSSH\;C:\Program Files\dotnet\;C:\WINDOWS\system32;C:\WINDOWS;C:\WINDOWS\System32\Wbem;C:\WINDOWS\System32\WindowsPowerShell\v1.0\;C:\WINDOWS\System32\OpenSSH\;C:\Program Files (x86)\Microsoft SQL Server\160\Tools\Binn\;C:\Program Files\Microsoft SQL Server\160\Tools\Binn\;C:\Program Files\Microsoft SQL Server\Client SDK\ODBC\170\Tools\Binn\;C:\Program Files\Microsoft SQL Server\160\DTS\Binn\;C:\Program Files (x86)\Microsoft SQL Server\160\DTS\Binn\;C:\Program Files\Microsoft SQL Server\150\Tools\Binn\;C:\Program Files\nodejs\;C:\Program Files\Git\cmd;C:\Program Files (x86)\Windows Kits\10\Windows Performance Toolkit\;C:\Users\isaac\AppData\Local\Microsoft\WindowsApps;C:\Users\isaac\AppData\Local\Programs\Microsoft VS Code\bin;C:\Users\isaac\.dotnet\tools;C:\Users\isaac\AppData\Local\Programs\MiKTeX\miktex\bin\x64\;C:\Users\isaac\AppData\Roaming\npm
USERNAME=isaac
OS=Windows_NT
PROCESSOR_IDENTIFIER=AMD64 Family 23 Model 24 Stepping 1, AuthenticAMD
TMP=C:\Users\isaac\AppData\Local\Temp
TEMP=C:\Users\isaac\AppData\Local\Temp




Periodic native trim disabled

---------------  S Y S T E M  ---------------

OS:
 Windows 11 , 64 bit Build 26100 (10.0.26100.8328)
OS uptime: 1 days 12:33 hours
Hyper-V role detected

CPU: total 4 (initial active 4) (4 cores per cpu, 2 threads per core) family 23 model 24 stepping 1 microcode 0x8108109, cx8, cmov, fxsr, ht, mmx, 3dnowpref, sse, sse2, sse3, ssse3, sse4a, sse4.1, sse4.2, popcnt, lzcnt, tsc, tscinvbit, avx, avx2, aes, clmul, bmi1, bmi2, adx, sha, fma, vzeroupper, clflush, clflushopt, hv, rdtscp, f16c
Processor Information for the first 4 processors :
  Max Mhz: 2600, Current Mhz: 2600, Mhz Limit: 2600

Memory: 4k page, system-wide physical 6059M (568M free)
TotalPageFile size 20436M (AvailPageFile size 1357M)
current process WorkingSet (physical memory assigned to process): 831M, peak: 941M
current process commit charge ("private bytes"): 1162M, peak: 2178M

vm_info: OpenJDK 64-Bit Server VM (21.0.11+10-LTS) for windows-amd64 JRE (21.0.11+10-LTS), built on 2026-04-18T07:30:30Z by "Administrator" with MS VC++ 17.14 (VS2022)

END.
