#
# There is insufficient memory for the Java Runtime Environment to continue.
# Native memory allocation (mmap) failed to map 889192448 bytes. Error detail: G1 virtual space
# Possible reasons:
#   The system is out of physical RAM or swap space
#   This process is running with CompressedOops enabled, and the Java Heap may be blocking the growth of the native heap
# Possible solutions:
#   Reduce memory load on the system
#   Increase physical memory or swap space
#   Check if swap backing store is full
#   Decrease Java heap size (-Xmx/-Xms)
#   Decrease number of Java threads
#   Decrease Java thread stack sizes (-Xss)
#   Set larger code cache with -XX:ReservedCodeCacheSize=
#   JVM is running with Zero Based Compressed Oops mode in which the Java heap is
#     placed in the first 32GB address space. The Java Heap base address is the
#     maximum limit for the native heap growth. Please use -XX:HeapBaseMinAddress
#     to set the Java Heap base and to place the Java Heap above 32GB virtual address.
# This output file may be truncated or incomplete.
#
#  Out of Memory Error (os_windows.cpp:3714), pid=4196, tid=20424
#
# JRE version: OpenJDK Runtime Environment Corretto-21.0.11.10.1 (21.0.11+10) (build 21.0.11+10-LTS)
# Java VM: OpenJDK 64-Bit Server VM Corretto-21.0.11.10.1 (21.0.11+10-LTS, mixed mode, sharing, tiered, compressed oops, compressed class ptrs, g1 gc, windows-amd64)
# No core dump will be written. Minidumps are not enabled by default on client versions of Windows
#

---------------  S U M M A R Y ------------

Command Line: --add-opens=java.base/java.lang=ALL-UNNAMED --add-opens=java.base/java.lang.invoke=ALL-UNNAMED --add-opens=java.base/java.util=ALL-UNNAMED --add-opens=java.prefs/java.util.prefs=ALL-UNNAMED --add-exports=jdk.compiler/com.sun.tools.javac.api=ALL-UNNAMED --add-exports=jdk.compiler/com.sun.tools.javac.util=ALL-UNNAMED --add-opens=java.base/java.util=ALL-UNNAMED --add-opens=java.prefs/java.util.prefs=ALL-UNNAMED --add-opens=java.base/java.nio.charset=ALL-UNNAMED --add-opens=java.base/java.net=ALL-UNNAMED --add-opens=java.base/java.util.concurrent=ALL-UNNAMED --add-opens=java.base/java.util.concurrent.atomic=ALL-UNNAMED --add-opens=java.xml/javax.xml.namespace=ALL-UNNAMED --add-opens=java.base/java.time=ALL-UNNAMED -Xmx3072M -Dfile.encoding=UTF-8 -Duser.country=MX -Duser.language=es -Duser.variant -javaagent:C:\Users\isaac\.gradle\wrapper\dists\gradle-9.4.1-bin\arn2x92ynaizyzdaamcbpbhtj\gradle-9.4.1\lib\agents\gradle-instrumentation-agent-9.4.1.jar org.gradle.launcher.daemon.bootstrap.GradleDaemon 9.4.1

Host: AMD Ryzen 3 3250U with Radeon Graphics         , 4 cores, 5G,  Windows 11 , 64 bit Build 26100 (10.0.26100.8521)
Time: Sun Jul  5 15:30:39 2026 Hora estándar central (México) elapsed time: 11517.452045 seconds (0d 3h 11m 57s)

---------------  T H R E A D  ---------------

Current thread (0x00000286292faf30):  VMThread "VM Thread"          [id=20424, stack(0x000000a125100000,0x000000a125200000) (1024K)]

Stack: [0x000000a125100000,0x000000a125200000]
Native frames: (J=compiled Java code, j=interpreted, Vv=VM code, C=native code)
V  [jvm.dll+0x6df899]
V  [jvm.dll+0x8bc52b]
V  [jvm.dll+0x8beaba]
V  [jvm.dll+0x8bf193]
V  [jvm.dll+0x28aa16]
V  [jvm.dll+0x6dc1f5]
V  [jvm.dll+0x6d003a]
V  [jvm.dll+0x3650fe]
V  [jvm.dll+0x36cfcb]
V  [jvm.dll+0x3bea89]
V  [jvm.dll+0x3bed2b]
V  [jvm.dll+0x3392c7]
V  [jvm.dll+0x339357]
V  [jvm.dll+0x37d83c]
V  [jvm.dll+0x37c01e]
V  [jvm.dll+0x338a21]
V  [jvm.dll+0x37b68a]
V  [jvm.dll+0x8c4eef]
V  [jvm.dll+0x8c63d3]
V  [jvm.dll+0x8c6944]
V  [jvm.dll+0x8c6a43]
V  [jvm.dll+0x8672bd]
V  [jvm.dll+0x6de09d]
C  [ucrtbase.dll+0x2cd30]
C  [KERNEL32.DLL+0x2e957]
C  [ntdll.dll+0x87c1c]

VM_Operation (0x000000a127af8470): G1CollectForAllocation, mode: safepoint, requested by thread 0x000002867194db60


---------------  P R O C E S S  ---------------

Threads class SMR info:
_java_thread_list=0x000002867902c7e0, length=60, elements={
0x00000286096c8510, 0x000002862931ad10, 0x000002862931d880, 0x0000028629321d30,
0x0000028629322790, 0x00000286293231f0, 0x0000028629323c50, 0x00000286293249e0,
0x000002862932dfd0, 0x00000286294ea2d0, 0x00000286295c62f0, 0x0000028629727380,
0x00000286705c6ba0, 0x000002867032dc60, 0x000002866f900b40, 0x000002866f901ef0,
0x000002866f902580, 0x000002867194a6e0, 0x000002867194ad70, 0x000002867194ba90,
0x0000028672d869d0, 0x0000028672d8b890, 0x00000286738d4960, 0x00000286738d4ff0,
0x000002867a9323d0, 0x000002867a933780, 0x000002867a930300, 0x000002867a931020,
0x000002867a936c00, 0x000002867a935850, 0x000002867a9351c0, 0x000002867a937290,
0x000002867a935ee0, 0x000002867a937920, 0x000002867194c7b0, 0x000002867194a050,
0x0000028671949330, 0x000002867194ce40, 0x000002867194fc30, 0x000002867194e880,
0x000002867194f5a0, 0x00000286719502c0, 0x000002867194d4d0, 0x000002867194db60,
0x000002867194b400, 0x00000286794c35c0, 0x00000286794c28a0, 0x00000286794c3c50,
0x00000286794c5000, 0x00000286738d2f20, 0x00000286738d3c40, 0x00000286738d14e0,
0x00000286738d07c0, 0x00000286738d5680, 0x0000028672d88aa0, 0x0000028672d86340,
0x0000028672d8ab70, 0x0000028672d8d2d0, 0x00000286794c07d0, 0x00000286794c4970
}

Java Threads: ( => current thread )
  0x00000286096c8510 JavaThread "main"                              [_thread_blocked, id=12608, stack(0x000000a124a00000,0x000000a124b00000) (1024K)]
  0x000002862931ad10 JavaThread "Reference Handler"          daemon [_thread_blocked, id=16588, stack(0x000000a125200000,0x000000a125300000) (1024K)]
  0x000002862931d880 JavaThread "Finalizer"                  daemon [_thread_blocked, id=10164, stack(0x000000a125300000,0x000000a125400000) (1024K)]
  0x0000028629321d30 JavaThread "Signal Dispatcher"          daemon [_thread_blocked, id=8120, stack(0x000000a125400000,0x000000a125500000) (1024K)]
  0x0000028629322790 JavaThread "Attach Listener"            daemon [_thread_blocked, id=21008, stack(0x000000a125500000,0x000000a125600000) (1024K)]
  0x00000286293231f0 JavaThread "Service Thread"             daemon [_thread_blocked, id=14968, stack(0x000000a125600000,0x000000a125700000) (1024K)]
  0x0000028629323c50 JavaThread "Monitor Deflation Thread"   daemon [_thread_blocked, id=17624, stack(0x000000a125700000,0x000000a125800000) (1024K)]
  0x00000286293249e0 JavaThread "C2 CompilerThread0"         daemon [_thread_blocked, id=18748, stack(0x000000a125800000,0x000000a125900000) (1024K)]
  0x000002862932dfd0 JavaThread "C1 CompilerThread0"         daemon [_thread_blocked, id=19868, stack(0x000000a125900000,0x000000a125a00000) (1024K)]
  0x00000286294ea2d0 JavaThread "Common-Cleaner"             daemon [_thread_blocked, id=23048, stack(0x000000a125a00000,0x000000a125b00000) (1024K)]
  0x00000286295c62f0 JavaThread "Notification Thread"        daemon [_thread_blocked, id=1116, stack(0x000000a125b00000,0x000000a125c00000) (1024K)]
  0x0000028629727380 JavaThread "Daemon health stats"               [_thread_blocked, id=728, stack(0x000000a125f00000,0x000000a126000000) (1024K)]
  0x00000286705c6ba0 JavaThread "Incoming local TCP Connector on port 51720"        [_thread_in_native, id=14068, stack(0x000000a126000000,0x000000a126100000) (1024K)]
  0x000002867032dc60 JavaThread "Daemon periodic checks"            [_thread_blocked, id=21676, stack(0x000000a126100000,0x000000a126200000) (1024K)]
  0x000002866f900b40 JavaThread "Cache worker for journal cache (C:\Users\isaac\.gradle\caches\journal-1)"        [_thread_blocked, id=3224, stack(0x000000a126900000,0x000000a126a00000) (1024K)]
  0x000002866f901ef0 JavaThread "File lock request listener"        [_thread_in_native, id=22720, stack(0x000000a126a00000,0x000000a126b00000) (1024K)]
  0x000002866f902580 JavaThread "Cache worker for file hash cache (C:\Users\isaac\.gradle\caches\9.4.1\fileHashes)"        [_thread_blocked, id=11456, stack(0x000000a126b00000,0x000000a126c00000) (1024K)]
  0x000002867194a6e0 JavaThread "Cache worker for file content cache (C:\Users\isaac\.gradle\caches\9.4.1\fileContent)"        [_thread_blocked, id=5924, stack(0x000000a126f00000,0x000000a127000000) (1024K)]
  0x000002867194ad70 JavaThread "File watcher server"        daemon [_thread_blocked, id=22612, stack(0x000000a127000000,0x000000a127100000) (1024K)]
  0x000002867194ba90 JavaThread "File watcher consumer"      daemon [_thread_blocked, id=12368, stack(0x000000a127100000,0x000000a127200000) (1024K)]
  0x0000028672d869d0 JavaThread "Memory manager"                    [_thread_blocked, id=5432, stack(0x000000a124900000,0x000000a124a00000) (1024K)]
  0x0000028672d8b890 JavaThread "pool-2-thread-1"                   [_thread_blocked, id=8728, stack(0x000000a128000000,0x000000a128100000) (1024K)]
  0x00000286738d4960 JavaThread "RMI Scheduler(0)"           daemon [_thread_blocked, id=9528, stack(0x000000a128100000,0x000000a128200000) (1024K)]
  0x00000286738d4ff0 JavaThread "RMI TCP Accept-0"           daemon [_thread_in_native, id=24500, stack(0x000000a128800000,0x000000a128900000) (1024K)]
  0x000002867a9323d0 JavaThread "Daemon Thread 2"                   [_thread_blocked, id=26064, stack(0x000000a124800000,0x000000a124900000) (1024K)]
  0x000002867a933780 JavaThread "Handler for socket connection from /127.0.0.1:51720 to /127.0.0.1:58220"        [_thread_in_native, id=17856, stack(0x000000a126200000,0x000000a126300000) (1024K)]
  0x000002867a930300 JavaThread "Cancel handler"                    [_thread_blocked, id=9016, stack(0x000000a126300000,0x000000a126400000) (1024K)]
  0x000002867a931020 JavaThread "Daemon worker Thread 2"            [_thread_blocked, id=15428, stack(0x000000a126400000,0x000000a126500000) (1024K)]
  0x000002867a936c00 JavaThread "Asynchronous log dispatcher for DefaultDaemonConnection: socket connection from /127.0.0.1:51720 to /127.0.0.1:58220"        [_thread_blocked, id=25620, stack(0x000000a126500000,0x000000a126600000) (1024K)]
  0x000002867a935850 JavaThread "Stdin handler"                     [_thread_blocked, id=21256, stack(0x000000a126600000,0x000000a126700000) (1024K)]
  0x000002867a9351c0 JavaThread "Daemon client event forwarder"        [_thread_blocked, id=25628, stack(0x000000a126700000,0x000000a126800000) (1024K)]
  0x000002867a937290 JavaThread "Cache worker for file hash cache (C:\Users\isaac\AndroidStudioProjects\EjemploMoviles\.gradle\9.4.1\fileHashes)"        [_thread_blocked, id=13944, stack(0x000000a126800000,0x000000a126900000) (1024K)]
  0x000002867a935ee0 JavaThread "Cache worker for checksums cache (C:\Users\isaac\AndroidStudioProjects\EjemploMoviles\.gradle\9.4.1\checksums)"        [_thread_blocked, id=10468, stack(0x000000a126c00000,0x000000a126d00000) (1024K)]
  0x000002867a937920 JavaThread "Cache worker for Build Output Cleanup Cache (C:\Users\isaac\AndroidStudioProjects\EjemploMoviles\.gradle\buildOutputCleanup)"        [_thread_blocked, id=16960, stack(0x000000a126d00000,0x000000a126e00000) (1024K)]
  0x000002867194c7b0 JavaThread "Cache worker for cache directory md-supplier (C:\Users\isaac\.gradle\caches\9.4.1\md-supplier)"        [_thread_blocked, id=14252, stack(0x000000a126e00000,0x000000a126f00000) (1024K)]
  0x000002867194a050 JavaThread "Cache worker for cache directory md-rule (C:\Users\isaac\.gradle\caches\9.4.1\md-rule)"        [_thread_blocked, id=5804, stack(0x000000a127200000,0x000000a127300000) (1024K)]
  0x0000028671949330 JavaThread "build event listener"              [_thread_blocked, id=23240, stack(0x000000a127400000,0x000000a127500000) (1024K)]
  0x000002867194ce40 JavaThread "build event listener"              [_thread_blocked, id=26604, stack(0x000000a127500000,0x000000a127600000) (1024K)]
  0x000002867194fc30 JavaThread "build event listener"              [_thread_blocked, id=25328, stack(0x000000a127600000,0x000000a127700000) (1024K)]
  0x000002867194e880 JavaThread "build event listener"              [_thread_blocked, id=20348, stack(0x000000a127700000,0x000000a127800000) (1024K)]
  0x000002867194f5a0 JavaThread "Build operations"                  [_thread_blocked, id=19372, stack(0x000000a127800000,0x000000a127900000) (1024K)]
  0x00000286719502c0 JavaThread "Build operations Thread 2"         [_thread_blocked, id=23392, stack(0x000000a127900000,0x000000a127a00000) (1024K)]
  0x000002867194d4d0 JavaThread "included builds"                   [_thread_blocked, id=9420, stack(0x000000a127300000,0x000000a127400000) (1024K)]
  0x000002867194db60 JavaThread "Execution worker"                  [_thread_blocked, id=12124, stack(0x000000a127a00000,0x000000a127b00000) (1024K)]
  0x000002867194b400 JavaThread "Execution worker Thread 2"         [_thread_blocked, id=3796, stack(0x000000a127b00000,0x000000a127c00000) (1024K)]
  0x00000286794c35c0 JavaThread "Execution worker Thread 3"         [_thread_blocked, id=5840, stack(0x000000a127c00000,0x000000a127d00000) (1024K)]
  0x00000286794c28a0 JavaThread "Cache worker for execution history cache (C:\Users\isaac\AndroidStudioProjects\EjemploMoviles\.gradle\9.4.1\executionHistory)"        [_thread_blocked, id=20636, stack(0x000000a127d00000,0x000000a127e00000) (1024K)]
  0x00000286794c3c50 JavaThread "pool-6-thread-1"                   [_thread_blocked, id=12592, stack(0x000000a127e00000,0x000000a127f00000) (1024K)]
  0x00000286794c5000 JavaThread "WorkerExecutor Queue"              [_thread_blocked, id=17216, stack(0x000000a127f00000,0x000000a128000000) (1024K)]
  0x00000286738d2f20 JavaThread "RMI GC Daemon"              daemon [_thread_blocked, id=21872, stack(0x000000a128400000,0x000000a128500000) (1024K)]
  0x00000286738d3c40 JavaThread "RMI RenewClean-[127.0.0.1:17731,org.jetbrains.kotlin.daemon.common.LoopbackNetworkInterface$ClientLoopbackSocketFactory@375ef8bf]" daemon [_thread_blocked, id=7208, stack(0x000000a128200000,0x000000a128300000) (1024K)]
  0x00000286738d14e0 JavaThread "RMI TCP Accept-0"           daemon [_thread_in_native, id=2140, stack(0x000000a128500000,0x000000a128600000) (1024K)]
  0x00000286738d07c0 JavaThread "RMI Reaper"                        [_thread_blocked, id=14976, stack(0x000000a128600000,0x000000a128700000) (1024K)]
  0x00000286738d5680 JavaThread "RMI TCP Connection(idle)"   daemon [_thread_blocked, id=11044, stack(0x000000a128700000,0x000000a128800000) (1024K)]
  0x0000028672d88aa0 JavaThread "WorkerExecutor Queue Thread 2"        [_thread_blocked, id=21108, stack(0x000000a128900000,0x000000a128a00000) (1024K)]
  0x0000028672d86340 JavaThread "WorkerExecutor Queue Thread 3"        [_thread_blocked, id=17612, stack(0x000000a128a00000,0x000000a128b00000) (1024K)]
  0x0000028672d8ab70 JavaThread "Build operations Thread 3"         [_thread_blocked, id=4100, stack(0x000000a128b00000,0x000000a128c00000) (1024K)]
  0x0000028672d8d2d0 JavaThread "pool-7-thread-1"                   [_thread_blocked, id=9576, stack(0x000000a128c00000,0x000000a128d00000) (1024K)]
  0x00000286794c07d0 JavaThread "WorkerExecutor Queue Thread 4"        [_thread_blocked, id=5664, stack(0x000000a128d00000,0x000000a128e00000) (1024K)]
  0x00000286794c4970 JavaThread "RMI TCP Connection(idle)"   daemon [_thread_blocked, id=9796, stack(0x000000a129000000,0x000000a129100000) (1024K)]
Total: 60

Other Threads:
=>0x00000286292faf30 VMThread "VM Thread"                           [id=20424, stack(0x000000a125100000,0x000000a125200000) (1024K)]
  0x00000286292eda20 WatcherThread "VM Periodic Task Thread"        [id=1256, stack(0x000000a125000000,0x000000a125100000) (1024K)]
  0x000002860bbc2eb0 WorkerThread "GC Thread#0"                     [id=404, stack(0x000000a124b00000,0x000000a124c00000) (1024K)]
  0x000002862980ce60 WorkerThread "GC Thread#1"                     [id=1784, stack(0x000000a125c00000,0x000000a125d00000) (1024K)]
  0x000002862980d820 WorkerThread "GC Thread#2"                     [id=22872, stack(0x000000a125d00000,0x000000a125e00000) (1024K)]
  0x000002866f27a300 WorkerThread "GC Thread#3"                     [id=7436, stack(0x000000a125e00000,0x000000a125f00000) (1024K)]
  0x000002860bbcfdb0 ConcurrentGCThread "G1 Main Marker"            [id=7668, stack(0x000000a124c00000,0x000000a124d00000) (1024K)]
  0x000002860bbd07d0 WorkerThread "G1 Conc#0"                       [id=10784, stack(0x000000a124d00000,0x000000a124e00000) (1024K)]
  0x000002860bc14810 ConcurrentGCThread "G1 Refine#0"               [id=3812, stack(0x000000a124e00000,0x000000a124f00000) (1024K)]
  0x000002860bc162b0 ConcurrentGCThread "G1 Service"                [id=14716, stack(0x000000a124f00000,0x000000a125000000) (1024K)]
Total: 10

Threads with active compile tasks:
C2 CompilerThread0  11517694 26150       4       com.android.tools.r8.internal.a52::d (2125 bytes)
Total: 1

VM state: at safepoint (normal execution)

VM Mutex/Monitor currently owned by a thread:  ([mutex/lock_event])
[0x00007ffcb1d665c0] Threads_lock - owner thread: 0x00000286292faf30
[0x00007ffcb1d666c0] Heap_lock - owner thread: 0x000002867194db60

Heap address: 0x0000000740000000, size: 3072 MB, Compressed Oops mode: Zero based, Oop shift amount: 3

CDS archive(s) mapped at: [0x000002862a000000-0x000002862ac80000-0x000002862ac80000), size 13107200, SharedBaseAddress: 0x000002862a000000, ArchiveRelocationMode: 1.
Compressed class space mapped at: 0x000002862b000000-0x000002866b000000, reserved size: 1073741824
Narrow klass base: 0x000002862a000000, Narrow klass shift: 0, Narrow klass range: 0x100000000

GC Precious Log:
 CardTable entry size: 512
 Card Set container configuration: InlinePtr #cards 4 size 8 Array Of Cards #cards 16 size 48 Howl #buckets 8 coarsen threshold 3686 Howl Bitmap #cards 512 size 80 coarsen threshold 460 Card regions per heap region 1 cards per card region 4096
 CPUs: 4 total, 4 available
 Memory: 6059M
 Large Page Support: Disabled
 NUMA Support: Disabled
 Compressed Oops: Enabled (Zero based)
 Heap Region Size: 2M
 Heap Min Capacity: 8M
 Heap Initial Capacity: 96M
 Heap Max Capacity: 3G
 Pre-touch: Disabled
 Parallel Workers: 4
 Concurrent Workers: 1
 Concurrent Refinement Workers: 4
 Periodic GC: Disabled

Heap:
 garbage-first heap   total 571392K, used 127767K [0x0000000740000000, 0x0000000800000000)
  region size 2048K, 1 young (2048K), 1 survivors (2048K)
 Metaspace       used 139675K, committed 141440K, reserved 1179648K
  class space    used 17799K, committed 18688K, reserved 1048576K

Heap Regions: E=young(eden), S=young(survivor), O=old, HS=humongous(starts), HC=humongous(continues), CS=collection set, F=free, TAMS=top-at-mark-start, PB=parsable bottom
|   0|0x0000000740000000, 0x0000000740200000, 0x0000000740200000|100%| O|  |TAMS 0x0000000740000000| PB 0x0000000740000000| Untracked 
|   1|0x0000000740200000, 0x0000000740400000, 0x0000000740400000|100%|HS|  |TAMS 0x0000000740200000| PB 0x0000000740200000| Untracked 
|   2|0x0000000740400000, 0x0000000740600000, 0x0000000740600000|100%|HC|  |TAMS 0x0000000740400000| PB 0x0000000740400000| Untracked 
|   3|0x0000000740600000, 0x0000000740800000, 0x0000000740800000|100%| O|  |TAMS 0x0000000740600000| PB 0x0000000740600000| Untracked 
|   4|0x0000000740800000, 0x0000000740a00000, 0x0000000740a00000|100%| O|  |TAMS 0x0000000740800000| PB 0x0000000740800000| Untracked 
|   5|0x0000000740a00000, 0x0000000740bffff8, 0x0000000740c00000| 99%| O|  |TAMS 0x0000000740a00000| PB 0x0000000740a00000| Untracked 
|   6|0x0000000740c00000, 0x0000000740e00000, 0x0000000740e00000|100%| O|  |TAMS 0x0000000740c00000| PB 0x0000000740c00000| Untracked 
|   7|0x0000000740e00000, 0x0000000741000000, 0x0000000741000000|100%| O|  |TAMS 0x0000000740e00000| PB 0x0000000740e00000| Untracked 
|   8|0x0000000741000000, 0x00000007411ffff0, 0x0000000741200000| 99%| O|  |TAMS 0x0000000741000000| PB 0x0000000741000000| Untracked 
|   9|0x0000000741200000, 0x00000007413fffd8, 0x0000000741400000| 99%| O|  |TAMS 0x0000000741200000| PB 0x0000000741200000| Untracked 
|  10|0x0000000741400000, 0x0000000741600000, 0x0000000741600000|100%| O|  |TAMS 0x0000000741400000| PB 0x0000000741400000| Untracked 
|  11|0x0000000741600000, 0x00000007417fc3a8, 0x0000000741800000| 99%| O|  |TAMS 0x0000000741600000| PB 0x0000000741600000| Untracked 
|  12|0x0000000741800000, 0x00000007419f5420, 0x0000000741a00000| 97%| O|  |TAMS 0x0000000741800000| PB 0x0000000741800000| Untracked 
|  13|0x0000000741a00000, 0x0000000741bdfc38, 0x0000000741c00000| 93%| O|  |TAMS 0x0000000741a00000| PB 0x0000000741a00000| Untracked 
|  14|0x0000000741c00000, 0x0000000741dffff0, 0x0000000741e00000| 99%| O|  |TAMS 0x0000000741c00000| PB 0x0000000741c00000| Untracked 
|  15|0x0000000741e00000, 0x0000000742000000, 0x0000000742000000|100%|HS|  |TAMS 0x0000000741e00000| PB 0x0000000741e00000| Untracked 
|  16|0x0000000742000000, 0x0000000742200000, 0x0000000742200000|100%|HS|  |TAMS 0x0000000742000000| PB 0x0000000742000000| Untracked 
|  17|0x0000000742200000, 0x00000007423fe788, 0x0000000742400000| 99%| O|  |TAMS 0x0000000742200000| PB 0x0000000742200000| Untracked 
|  18|0x0000000742400000, 0x00000007425ffff8, 0x0000000742600000| 99%| O|  |TAMS 0x0000000742400000| PB 0x0000000742400000| Untracked 
|  19|0x0000000742600000, 0x0000000742800000, 0x0000000742800000|100%| O|  |TAMS 0x0000000742600000| PB 0x0000000742600000| Untracked 
|  20|0x0000000742800000, 0x00000007429a04b8, 0x0000000742a00000| 81%| O|  |TAMS 0x0000000742800000| PB 0x0000000742800000| Untracked 
|  21|0x0000000742a00000, 0x0000000742bf6a18, 0x0000000742c00000| 98%| O|  |TAMS 0x0000000742a00000| PB 0x0000000742a00000| Untracked 
|  22|0x0000000742c00000, 0x0000000742e00000, 0x0000000742e00000|100%| O|  |TAMS 0x0000000742c00000| PB 0x0000000742c00000| Untracked 
|  23|0x0000000742e00000, 0x0000000742fffff8, 0x0000000743000000| 99%| O|  |TAMS 0x0000000742e00000| PB 0x0000000742e00000| Untracked 
|  24|0x0000000743000000, 0x00000007431fffd8, 0x0000000743200000| 99%| O|  |TAMS 0x0000000743000000| PB 0x0000000743000000| Untracked 
|  25|0x0000000743200000, 0x0000000743400000, 0x0000000743400000|100%| O|  |TAMS 0x0000000743200000| PB 0x0000000743200000| Untracked 
|  26|0x0000000743400000, 0x00000007435f16d8, 0x0000000743600000| 97%| O|  |TAMS 0x0000000743400000| PB 0x0000000743400000| Untracked 
|  27|0x0000000743600000, 0x00000007437ffff0, 0x0000000743800000| 99%| O|  |TAMS 0x0000000743600000| PB 0x0000000743600000| Untracked 
|  28|0x0000000743800000, 0x00000007439f8b48, 0x0000000743a00000| 98%| O|  |TAMS 0x0000000743800000| PB 0x0000000743800000| Untracked 
|  29|0x0000000743a00000, 0x0000000743c00000, 0x0000000743c00000|100%| O|  |TAMS 0x0000000743a00000| PB 0x0000000743a00000| Untracked 
|  30|0x0000000743c00000, 0x0000000743dffff8, 0x0000000743e00000| 99%| O|  |TAMS 0x0000000743c00000| PB 0x0000000743c00000| Untracked 
|  31|0x0000000743e00000, 0x0000000743fffff8, 0x0000000744000000| 99%| O|  |TAMS 0x0000000743e00000| PB 0x0000000743e00000| Untracked 
|  32|0x0000000744000000, 0x00000007441fffe0, 0x0000000744200000| 99%| O|  |TAMS 0x0000000744000000| PB 0x0000000744000000| Untracked 
|  33|0x0000000744200000, 0x0000000744400000, 0x0000000744400000|100%| O|  |TAMS 0x0000000744200000| PB 0x0000000744200000| Untracked 
|  34|0x0000000744400000, 0x00000007445ffff0, 0x0000000744600000| 99%| O|  |TAMS 0x0000000744400000| PB 0x0000000744400000| Untracked 
|  35|0x0000000744600000, 0x00000007447d2a28, 0x0000000744800000| 91%| O|  |TAMS 0x0000000744600000| PB 0x0000000744600000| Untracked 
|  36|0x0000000744800000, 0x0000000744a00000, 0x0000000744a00000|100%|HS|  |TAMS 0x0000000744800000| PB 0x0000000744800000| Untracked 
|  37|0x0000000744a00000, 0x0000000744c00000, 0x0000000744c00000|100%|HC|  |TAMS 0x0000000744a00000| PB 0x0000000744a00000| Untracked 
|  38|0x0000000744c00000, 0x0000000744dfffa8, 0x0000000744e00000| 99%| O|  |TAMS 0x0000000744c00000| PB 0x0000000744c00000| Untracked 
|  39|0x0000000744e00000, 0x0000000745000000, 0x0000000745000000|100%| O|  |TAMS 0x0000000744e00000| PB 0x0000000744e00000| Untracked 
|  40|0x0000000745000000, 0x0000000745200000, 0x0000000745200000|100%| O|  |TAMS 0x0000000745000000| PB 0x0000000745000000| Untracked 
|  41|0x0000000745200000, 0x00000007453ffff8, 0x0000000745400000| 99%| O|  |TAMS 0x0000000745200000| PB 0x0000000745200000| Untracked 
|  42|0x0000000745400000, 0x0000000745552f38, 0x0000000745600000| 66%| O|  |TAMS 0x0000000745400000| PB 0x0000000745400000| Untracked 
|  43|0x0000000745600000, 0x0000000745800000, 0x0000000745800000|100%| O|  |TAMS 0x0000000745600000| PB 0x0000000745600000| Untracked 
|  44|0x0000000745800000, 0x00000007459ffff8, 0x0000000745a00000| 99%| O|  |TAMS 0x0000000745800000| PB 0x0000000745800000| Untracked 
|  45|0x0000000745a00000, 0x0000000745b1ce18, 0x0000000745c00000| 55%| O|  |TAMS 0x0000000745a00000| PB 0x0000000745a00000| Untracked 
|  46|0x0000000745c00000, 0x0000000745e00000, 0x0000000745e00000|100%| O|  |TAMS 0x0000000745c00000| PB 0x0000000745c00000| Untracked 
|  47|0x0000000745e00000, 0x0000000746000000, 0x0000000746000000|100%| O|  |TAMS 0x0000000745e00000| PB 0x0000000745e00000| Untracked 
|  48|0x0000000746000000, 0x0000000746200000, 0x0000000746200000|100%| O|  |TAMS 0x0000000746000000| PB 0x0000000746000000| Untracked 
|  49|0x0000000746200000, 0x0000000746221e58, 0x0000000746400000|  6%| O|  |TAMS 0x0000000746200000| PB 0x0000000746200000| Untracked 
|  50|0x0000000746400000, 0x0000000746600000, 0x0000000746600000|100%| O|  |TAMS 0x0000000746400000| PB 0x0000000746400000| Untracked 
|  51|0x0000000746600000, 0x0000000746800000, 0x0000000746800000|100%| O|  |TAMS 0x0000000746600000| PB 0x0000000746600000| Untracked 
|  52|0x0000000746800000, 0x0000000746a00000, 0x0000000746a00000|100%| O|  |TAMS 0x0000000746800000| PB 0x0000000746800000| Untracked 
|  53|0x0000000746a00000, 0x0000000746c00000, 0x0000000746c00000|100%| O|  |TAMS 0x0000000746a00000| PB 0x0000000746a00000| Untracked 
|  54|0x0000000746c00000, 0x0000000746e00000, 0x0000000746e00000|100%| O|  |TAMS 0x0000000746c00000| PB 0x0000000746c00000| Untracked 
|  55|0x0000000746e00000, 0x0000000747000000, 0x0000000747000000|100%| O|  |TAMS 0x0000000746e00000| PB 0x0000000746e00000| Untracked 
|  56|0x0000000747000000, 0x0000000747200000, 0x0000000747200000|100%| O|  |TAMS 0x0000000747000000| PB 0x0000000747000000| Untracked 
|  57|0x0000000747200000, 0x0000000747400000, 0x0000000747400000|100%| O|  |TAMS 0x0000000747200000| PB 0x0000000747200000| Untracked 
|  58|0x0000000747400000, 0x0000000747600000, 0x0000000747600000|100%| O|  |TAMS 0x0000000747400000| PB 0x0000000747400000| Untracked 
|  59|0x0000000747600000, 0x0000000747800000, 0x0000000747800000|100%| O|  |TAMS 0x0000000747600000| PB 0x0000000747600000| Untracked 
|  60|0x0000000747800000, 0x0000000747a00000, 0x0000000747a00000|100%| O|  |TAMS 0x0000000747800000| PB 0x0000000747800000| Untracked 
|  61|0x0000000747a00000, 0x0000000747c00000, 0x0000000747c00000|100%| O|  |TAMS 0x0000000747a00000| PB 0x0000000747a00000| Untracked 
|  62|0x0000000747c00000, 0x0000000747e00000, 0x0000000747e00000|100%| O|  |TAMS 0x0000000747c00000| PB 0x0000000747c00000| Untracked 
|  63|0x0000000747e00000, 0x0000000748000000, 0x0000000748000000|100%| O|  |TAMS 0x0000000747e00000| PB 0x0000000747e00000| Untracked 
|  64|0x0000000748000000, 0x00000007480a5988, 0x0000000748200000| 32%| O|  |TAMS 0x0000000748000000| PB 0x0000000748000000| Untracked 
|  65|0x0000000748200000, 0x0000000748200000, 0x0000000748400000|  0%| F|  |TAMS 0x0000000748200000| PB 0x0000000748200000| Untracked 
|  66|0x0000000748400000, 0x0000000748400000, 0x0000000748600000|  0%| F|  |TAMS 0x0000000748400000| PB 0x0000000748400000| Untracked 
|  67|0x0000000748600000, 0x0000000748600000, 0x0000000748800000|  0%| F|  |TAMS 0x0000000748600000| PB 0x0000000748600000| Untracked 
|  68|0x0000000748800000, 0x0000000748800000, 0x0000000748a00000|  0%| F|  |TAMS 0x0000000748800000| PB 0x0000000748800000| Untracked 
|  69|0x0000000748a00000, 0x0000000748a00000, 0x0000000748c00000|  0%| F|  |TAMS 0x0000000748a00000| PB 0x0000000748a00000| Untracked 
|  70|0x0000000748c00000, 0x0000000748c00000, 0x0000000748e00000|  0%| F|  |TAMS 0x0000000748c00000| PB 0x0000000748c00000| Untracked 
|  71|0x0000000748e00000, 0x0000000748e00000, 0x0000000749000000|  0%| F|  |TAMS 0x0000000748e00000| PB 0x0000000748e00000| Untracked 
|  72|0x0000000749000000, 0x0000000749000000, 0x0000000749200000|  0%| F|  |TAMS 0x0000000749000000| PB 0x0000000749000000| Untracked 
|  73|0x0000000749200000, 0x0000000749200000, 0x0000000749400000|  0%| F|  |TAMS 0x0000000749200000| PB 0x0000000749200000| Untracked 
|  74|0x0000000749400000, 0x0000000749400000, 0x0000000749600000|  0%| F|  |TAMS 0x0000000749400000| PB 0x0000000749400000| Untracked 
|  75|0x0000000749600000, 0x0000000749600000, 0x0000000749800000|  0%| F|  |TAMS 0x0000000749600000| PB 0x0000000749600000| Untracked 
|  76|0x0000000749800000, 0x0000000749800000, 0x0000000749a00000|  0%| F|  |TAMS 0x0000000749800000| PB 0x0000000749800000| Untracked 
|  77|0x0000000749a00000, 0x0000000749a00000, 0x0000000749c00000|  0%| F|  |TAMS 0x0000000749a00000| PB 0x0000000749a00000| Untracked 
|  78|0x0000000749c00000, 0x0000000749c00000, 0x0000000749e00000|  0%| F|  |TAMS 0x0000000749c00000| PB 0x0000000749c00000| Untracked 
|  79|0x0000000749e00000, 0x0000000749e00000, 0x000000074a000000|  0%| F|  |TAMS 0x0000000749e00000| PB 0x0000000749e00000| Untracked 
|  80|0x000000074a000000, 0x000000074a000000, 0x000000074a200000|  0%| F|  |TAMS 0x000000074a000000| PB 0x000000074a000000| Untracked 
|  81|0x000000074a200000, 0x000000074a200000, 0x000000074a400000|  0%| F|  |TAMS 0x000000074a200000| PB 0x000000074a200000| Untracked 
|  82|0x000000074a400000, 0x000000074a400000, 0x000000074a600000|  0%| F|  |TAMS 0x000000074a400000| PB 0x000000074a400000| Untracked 
|  83|0x000000074a600000, 0x000000074a600000, 0x000000074a800000|  0%| F|  |TAMS 0x000000074a600000| PB 0x000000074a600000| Untracked 
|  84|0x000000074a800000, 0x000000074a800000, 0x000000074aa00000|  0%| F|  |TAMS 0x000000074a800000| PB 0x000000074a800000| Untracked 
|  85|0x000000074aa00000, 0x000000074aa00000, 0x000000074ac00000|  0%| F|  |TAMS 0x000000074aa00000| PB 0x000000074aa00000| Untracked 
|  86|0x000000074ac00000, 0x000000074ac00000, 0x000000074ae00000|  0%| F|  |TAMS 0x000000074ac00000| PB 0x000000074ac00000| Untracked 
|  87|0x000000074ae00000, 0x000000074ae00000, 0x000000074b000000|  0%| F|  |TAMS 0x000000074ae00000| PB 0x000000074ae00000| Untracked 
|  88|0x000000074b000000, 0x000000074b000000, 0x000000074b200000|  0%| F|  |TAMS 0x000000074b000000| PB 0x000000074b000000| Untracked 
|  89|0x000000074b200000, 0x000000074b200000, 0x000000074b400000|  0%| F|  |TAMS 0x000000074b200000| PB 0x000000074b200000| Untracked 
|  90|0x000000074b400000, 0x000000074b400000, 0x000000074b600000|  0%| F|  |TAMS 0x000000074b400000| PB 0x000000074b400000| Untracked 
|  91|0x000000074b600000, 0x000000074b600000, 0x000000074b800000|  0%| F|  |TAMS 0x000000074b600000| PB 0x000000074b600000| Untracked 
|  92|0x000000074b800000, 0x000000074b800000, 0x000000074ba00000|  0%| F|  |TAMS 0x000000074b800000| PB 0x000000074b800000| Untracked 
|  93|0x000000074ba00000, 0x000000074ba00000, 0x000000074bc00000|  0%| F|  |TAMS 0x000000074ba00000| PB 0x000000074ba00000| Untracked 
|  94|0x000000074bc00000, 0x000000074bc00000, 0x000000074be00000|  0%| F|  |TAMS 0x000000074bc00000| PB 0x000000074bc00000| Untracked 
|  95|0x000000074be00000, 0x000000074be00000, 0x000000074c000000|  0%| F|  |TAMS 0x000000074be00000| PB 0x000000074be00000| Untracked 
|  96|0x000000074c000000, 0x000000074c000000, 0x000000074c200000|  0%| F|  |TAMS 0x000000074c000000| PB 0x000000074c000000| Untracked 
|  97|0x000000074c200000, 0x000000074c200000, 0x000000074c400000|  0%| F|  |TAMS 0x000000074c200000| PB 0x000000074c200000| Untracked 
|  98|0x000000074c400000, 0x000000074c400000, 0x000000074c600000|  0%| F|  |TAMS 0x000000074c400000| PB 0x000000074c400000| Untracked 
|  99|0x000000074c600000, 0x000000074c600000, 0x000000074c800000|  0%| F|  |TAMS 0x000000074c600000| PB 0x000000074c600000| Untracked 
| 100|0x000000074c800000, 0x000000074c800000, 0x000000074ca00000|  0%| F|  |TAMS 0x000000074c800000| PB 0x000000074c800000| Untracked 
| 101|0x000000074ca00000, 0x000000074ca00000, 0x000000074cc00000|  0%| F|  |TAMS 0x000000074ca00000| PB 0x000000074ca00000| Untracked 
| 102|0x000000074cc00000, 0x000000074cc00000, 0x000000074ce00000|  0%| F|  |TAMS 0x000000074cc00000| PB 0x000000074cc00000| Untracked 
| 103|0x000000074ce00000, 0x000000074ce00000, 0x000000074d000000|  0%| F|  |TAMS 0x000000074ce00000| PB 0x000000074ce00000| Untracked 
| 104|0x000000074d000000, 0x000000074d000000, 0x000000074d200000|  0%| F|  |TAMS 0x000000074d000000| PB 0x000000074d000000| Untracked 
| 105|0x000000074d200000, 0x000000074d200000, 0x000000074d400000|  0%| F|  |TAMS 0x000000074d200000| PB 0x000000074d200000| Untracked 
| 106|0x000000074d400000, 0x000000074d400000, 0x000000074d600000|  0%| F|  |TAMS 0x000000074d400000| PB 0x000000074d400000| Untracked 
| 107|0x000000074d600000, 0x000000074d600000, 0x000000074d800000|  0%| F|  |TAMS 0x000000074d600000| PB 0x000000074d600000| Untracked 
| 108|0x000000074d800000, 0x000000074d800000, 0x000000074da00000|  0%| F|  |TAMS 0x000000074d800000| PB 0x000000074d800000| Untracked 
| 109|0x000000074da00000, 0x000000074da00000, 0x000000074dc00000|  0%| F|  |TAMS 0x000000074da00000| PB 0x000000074da00000| Untracked 
| 110|0x000000074dc00000, 0x000000074dc00000, 0x000000074de00000|  0%| F|  |TAMS 0x000000074dc00000| PB 0x000000074dc00000| Untracked 
| 111|0x000000074de00000, 0x000000074de00000, 0x000000074e000000|  0%| F|  |TAMS 0x000000074de00000| PB 0x000000074de00000| Untracked 
| 112|0x000000074e000000, 0x000000074e000000, 0x000000074e200000|  0%| F|  |TAMS 0x000000074e000000| PB 0x000000074e000000| Untracked 
| 113|0x000000074e200000, 0x000000074e200000, 0x000000074e400000|  0%| F|  |TAMS 0x000000074e200000| PB 0x000000074e200000| Untracked 
| 114|0x000000074e400000, 0x000000074e400000, 0x000000074e600000|  0%| F|  |TAMS 0x000000074e400000| PB 0x000000074e400000| Untracked 
| 115|0x000000074e600000, 0x000000074e600000, 0x000000074e800000|  0%| F|  |TAMS 0x000000074e600000| PB 0x000000074e600000| Untracked 
| 116|0x000000074e800000, 0x000000074e800000, 0x000000074ea00000|  0%| F|  |TAMS 0x000000074e800000| PB 0x000000074e800000| Untracked 
| 117|0x000000074ea00000, 0x000000074ea00000, 0x000000074ec00000|  0%| F|  |TAMS 0x000000074ea00000| PB 0x000000074ea00000| Untracked 
| 118|0x000000074ec00000, 0x000000074ec00000, 0x000000074ee00000|  0%| F|  |TAMS 0x000000074ec00000| PB 0x000000074ec00000| Untracked 
| 119|0x000000074ee00000, 0x000000074ee00000, 0x000000074f000000|  0%| F|  |TAMS 0x000000074ee00000| PB 0x000000074ee00000| Untracked 
| 120|0x000000074f000000, 0x000000074f000000, 0x000000074f200000|  0%| F|  |TAMS 0x000000074f000000| PB 0x000000074f000000| Untracked 
| 121|0x000000074f200000, 0x000000074f200000, 0x000000074f400000|  0%| F|  |TAMS 0x000000074f200000| PB 0x000000074f200000| Untracked 
| 122|0x000000074f400000, 0x000000074f400000, 0x000000074f600000|  0%| F|  |TAMS 0x000000074f400000| PB 0x000000074f400000| Untracked 
| 123|0x000000074f600000, 0x000000074f600000, 0x000000074f800000|  0%| F|  |TAMS 0x000000074f600000| PB 0x000000074f600000| Untracked 
| 124|0x000000074f800000, 0x000000074f800000, 0x000000074fa00000|  0%| F|  |TAMS 0x000000074f800000| PB 0x000000074f800000| Untracked 
| 125|0x000000074fa00000, 0x000000074fa00000, 0x000000074fc00000|  0%| F|  |TAMS 0x000000074fa00000| PB 0x000000074fa00000| Untracked 
| 126|0x000000074fc00000, 0x000000074fc00000, 0x000000074fe00000|  0%| F|  |TAMS 0x000000074fc00000| PB 0x000000074fc00000| Untracked 
| 127|0x000000074fe00000, 0x000000074fe00000, 0x0000000750000000|  0%| F|  |TAMS 0x000000074fe00000| PB 0x000000074fe00000| Untracked 
| 128|0x0000000750000000, 0x0000000750000000, 0x0000000750200000|  0%| F|  |TAMS 0x0000000750000000| PB 0x0000000750000000| Untracked 
| 129|0x0000000750200000, 0x0000000750200000, 0x0000000750400000|  0%| F|  |TAMS 0x0000000750200000| PB 0x0000000750200000| Untracked 
| 130|0x0000000750400000, 0x0000000750400000, 0x0000000750600000|  0%| F|  |TAMS 0x0000000750400000| PB 0x0000000750400000| Untracked 
| 131|0x0000000750600000, 0x0000000750600000, 0x0000000750800000|  0%| F|  |TAMS 0x0000000750600000| PB 0x0000000750600000| Untracked 
| 132|0x0000000750800000, 0x0000000750800000, 0x0000000750a00000|  0%| F|  |TAMS 0x0000000750800000| PB 0x0000000750800000| Untracked 
| 133|0x0000000750a00000, 0x0000000750a00000, 0x0000000750c00000|  0%| F|  |TAMS 0x0000000750a00000| PB 0x0000000750a00000| Untracked 
| 134|0x0000000750c00000, 0x0000000750c00000, 0x0000000750e00000|  0%| F|  |TAMS 0x0000000750c00000| PB 0x0000000750c00000| Untracked 
| 135|0x0000000750e00000, 0x0000000750e00000, 0x0000000751000000|  0%| F|  |TAMS 0x0000000750e00000| PB 0x0000000750e00000| Untracked 
| 136|0x0000000751000000, 0x0000000751000000, 0x0000000751200000|  0%| F|  |TAMS 0x0000000751000000| PB 0x0000000751000000| Untracked 
| 137|0x0000000751200000, 0x0000000751200000, 0x0000000751400000|  0%| F|  |TAMS 0x0000000751200000| PB 0x0000000751200000| Untracked 
| 138|0x0000000751400000, 0x0000000751400000, 0x0000000751600000|  0%| F|  |TAMS 0x0000000751400000| PB 0x0000000751400000| Untracked 
| 139|0x0000000751600000, 0x0000000751600000, 0x0000000751800000|  0%| F|  |TAMS 0x0000000751600000| PB 0x0000000751600000| Untracked 
| 140|0x0000000751800000, 0x0000000751800000, 0x0000000751a00000|  0%| F|  |TAMS 0x0000000751800000| PB 0x0000000751800000| Untracked 
| 141|0x0000000751a00000, 0x0000000751a00000, 0x0000000751c00000|  0%| F|  |TAMS 0x0000000751a00000| PB 0x0000000751a00000| Untracked 
| 142|0x0000000751c00000, 0x0000000751c00000, 0x0000000751e00000|  0%| F|  |TAMS 0x0000000751c00000| PB 0x0000000751c00000| Untracked 
| 143|0x0000000751e00000, 0x0000000751e00000, 0x0000000752000000|  0%| F|  |TAMS 0x0000000751e00000| PB 0x0000000751e00000| Untracked 
| 144|0x0000000752000000, 0x0000000752000000, 0x0000000752200000|  0%| F|  |TAMS 0x0000000752000000| PB 0x0000000752000000| Untracked 
| 145|0x0000000752200000, 0x0000000752200000, 0x0000000752400000|  0%| F|  |TAMS 0x0000000752200000| PB 0x0000000752200000| Untracked 
| 146|0x0000000752400000, 0x0000000752400000, 0x0000000752600000|  0%| F|  |TAMS 0x0000000752400000| PB 0x0000000752400000| Untracked 
| 147|0x0000000752600000, 0x0000000752600000, 0x0000000752800000|  0%| F|  |TAMS 0x0000000752600000| PB 0x0000000752600000| Untracked 
| 148|0x0000000752800000, 0x0000000752800000, 0x0000000752a00000|  0%| F|  |TAMS 0x0000000752800000| PB 0x0000000752800000| Untracked 
| 149|0x0000000752a00000, 0x0000000752a00000, 0x0000000752c00000|  0%| F|  |TAMS 0x0000000752a00000| PB 0x0000000752a00000| Untracked 
| 150|0x0000000752c00000, 0x0000000752c00000, 0x0000000752e00000|  0%| F|  |TAMS 0x0000000752c00000| PB 0x0000000752c00000| Untracked 
| 151|0x0000000752e00000, 0x0000000752e00000, 0x0000000753000000|  0%| F|  |TAMS 0x0000000752e00000| PB 0x0000000752e00000| Untracked 
| 152|0x0000000753000000, 0x0000000753000000, 0x0000000753200000|  0%| F|  |TAMS 0x0000000753000000| PB 0x0000000753000000| Untracked 
| 153|0x0000000753200000, 0x0000000753200000, 0x0000000753400000|  0%| F|  |TAMS 0x0000000753200000| PB 0x0000000753200000| Untracked 
| 154|0x0000000753400000, 0x0000000753400000, 0x0000000753600000|  0%| F|  |TAMS 0x0000000753400000| PB 0x0000000753400000| Untracked 
| 155|0x0000000753600000, 0x0000000753600000, 0x0000000753800000|  0%| F|  |TAMS 0x0000000753600000| PB 0x0000000753600000| Untracked 
| 156|0x0000000753800000, 0x0000000753800000, 0x0000000753a00000|  0%| F|  |TAMS 0x0000000753800000| PB 0x0000000753800000| Untracked 
| 157|0x0000000753a00000, 0x0000000753a00000, 0x0000000753c00000|  0%| F|  |TAMS 0x0000000753a00000| PB 0x0000000753a00000| Untracked 
| 158|0x0000000753c00000, 0x0000000753c00000, 0x0000000753e00000|  0%| F|  |TAMS 0x0000000753c00000| PB 0x0000000753c00000| Untracked 
| 159|0x0000000753e00000, 0x0000000753e00000, 0x0000000754000000|  0%| F|  |TAMS 0x0000000753e00000| PB 0x0000000753e00000| Untracked 
| 160|0x0000000754000000, 0x0000000754000000, 0x0000000754200000|  0%| F|  |TAMS 0x0000000754000000| PB 0x0000000754000000| Untracked 
| 161|0x0000000754200000, 0x0000000754200000, 0x0000000754400000|  0%| F|  |TAMS 0x0000000754200000| PB 0x0000000754200000| Untracked 
| 162|0x0000000754400000, 0x0000000754400000, 0x0000000754600000|  0%| F|  |TAMS 0x0000000754400000| PB 0x0000000754400000| Untracked 
| 163|0x0000000754600000, 0x0000000754600000, 0x0000000754800000|  0%| F|  |TAMS 0x0000000754600000| PB 0x0000000754600000| Untracked 
| 164|0x0000000754800000, 0x0000000754800000, 0x0000000754a00000|  0%| F|  |TAMS 0x0000000754800000| PB 0x0000000754800000| Untracked 
| 165|0x0000000754a00000, 0x0000000754a00000, 0x0000000754c00000|  0%| F|  |TAMS 0x0000000754a00000| PB 0x0000000754a00000| Untracked 
| 166|0x0000000754c00000, 0x0000000754c00000, 0x0000000754e00000|  0%| F|  |TAMS 0x0000000754c00000| PB 0x0000000754c00000| Untracked 
| 167|0x0000000754e00000, 0x0000000754e00000, 0x0000000755000000|  0%| F|  |TAMS 0x0000000754e00000| PB 0x0000000754e00000| Untracked 
| 168|0x0000000755000000, 0x0000000755000000, 0x0000000755200000|  0%| F|  |TAMS 0x0000000755000000| PB 0x0000000755000000| Untracked 
| 169|0x0000000755200000, 0x0000000755200000, 0x0000000755400000|  0%| F|  |TAMS 0x0000000755200000| PB 0x0000000755200000| Untracked 
| 170|0x0000000755400000, 0x0000000755400000, 0x0000000755600000|  0%| F|  |TAMS 0x0000000755400000| PB 0x0000000755400000| Untracked 
| 171|0x0000000755600000, 0x0000000755600000, 0x0000000755800000|  0%| F|  |TAMS 0x0000000755600000| PB 0x0000000755600000| Untracked 
| 172|0x0000000755800000, 0x0000000755800000, 0x0000000755a00000|  0%| F|  |TAMS 0x0000000755800000| PB 0x0000000755800000| Untracked 
| 173|0x0000000755a00000, 0x0000000755a00000, 0x0000000755c00000|  0%| F|  |TAMS 0x0000000755a00000| PB 0x0000000755a00000| Untracked 
| 174|0x0000000755c00000, 0x0000000755c00000, 0x0000000755e00000|  0%| F|  |TAMS 0x0000000755c00000| PB 0x0000000755c00000| Untracked 
| 175|0x0000000755e00000, 0x0000000755e00000, 0x0000000756000000|  0%| F|  |TAMS 0x0000000755e00000| PB 0x0000000755e00000| Untracked 
| 176|0x0000000756000000, 0x0000000756000000, 0x0000000756200000|  0%| F|  |TAMS 0x0000000756000000| PB 0x0000000756000000| Untracked 
| 177|0x0000000756200000, 0x0000000756200000, 0x0000000756400000|  0%| F|  |TAMS 0x0000000756200000| PB 0x0000000756200000| Untracked 
| 178|0x0000000756400000, 0x0000000756400000, 0x0000000756600000|  0%| F|  |TAMS 0x0000000756400000| PB 0x0000000756400000| Untracked 
| 179|0x0000000756600000, 0x0000000756600000, 0x0000000756800000|  0%| F|  |TAMS 0x0000000756600000| PB 0x0000000756600000| Untracked 
| 180|0x0000000756800000, 0x0000000756800000, 0x0000000756a00000|  0%| F|  |TAMS 0x0000000756800000| PB 0x0000000756800000| Untracked 
| 181|0x0000000756a00000, 0x0000000756a00000, 0x0000000756c00000|  0%| F|  |TAMS 0x0000000756a00000| PB 0x0000000756a00000| Untracked 
| 182|0x0000000756c00000, 0x0000000756c00000, 0x0000000756e00000|  0%| F|  |TAMS 0x0000000756c00000| PB 0x0000000756c00000| Untracked 
| 183|0x0000000756e00000, 0x0000000756e00000, 0x0000000757000000|  0%| F|  |TAMS 0x0000000756e00000| PB 0x0000000756e00000| Untracked 
| 184|0x0000000757000000, 0x0000000757000000, 0x0000000757200000|  0%| F|  |TAMS 0x0000000757000000| PB 0x0000000757000000| Untracked 
| 185|0x0000000757200000, 0x0000000757200000, 0x0000000757400000|  0%| F|  |TAMS 0x0000000757200000| PB 0x0000000757200000| Untracked 
| 186|0x0000000757400000, 0x0000000757400000, 0x0000000757600000|  0%| F|  |TAMS 0x0000000757400000| PB 0x0000000757400000| Untracked 
| 187|0x0000000757600000, 0x0000000757600000, 0x0000000757800000|  0%| F|  |TAMS 0x0000000757600000| PB 0x0000000757600000| Untracked 
| 188|0x0000000757800000, 0x0000000757800000, 0x0000000757a00000|  0%| F|  |TAMS 0x0000000757800000| PB 0x0000000757800000| Untracked 
| 189|0x0000000757a00000, 0x0000000757a00000, 0x0000000757c00000|  0%| F|  |TAMS 0x0000000757a00000| PB 0x0000000757a00000| Untracked 
| 190|0x0000000757c00000, 0x0000000757c00000, 0x0000000757e00000|  0%| F|  |TAMS 0x0000000757c00000| PB 0x0000000757c00000| Untracked 
| 191|0x0000000757e00000, 0x0000000757e00000, 0x0000000758000000|  0%| F|  |TAMS 0x0000000757e00000| PB 0x0000000757e00000| Untracked 
| 192|0x0000000758000000, 0x0000000758000000, 0x0000000758200000|  0%| F|  |TAMS 0x0000000758000000| PB 0x0000000758000000| Untracked 
| 193|0x0000000758200000, 0x0000000758200000, 0x0000000758400000|  0%| F|  |TAMS 0x0000000758200000| PB 0x0000000758200000| Untracked 
| 194|0x0000000758400000, 0x0000000758400000, 0x0000000758600000|  0%| F|  |TAMS 0x0000000758400000| PB 0x0000000758400000| Untracked 
| 195|0x0000000758600000, 0x0000000758600000, 0x0000000758800000|  0%| F|  |TAMS 0x0000000758600000| PB 0x0000000758600000| Untracked 
| 196|0x0000000758800000, 0x0000000758800000, 0x0000000758a00000|  0%| F|  |TAMS 0x0000000758800000| PB 0x0000000758800000| Untracked 
| 197|0x0000000758a00000, 0x0000000758a00000, 0x0000000758c00000|  0%| F|  |TAMS 0x0000000758a00000| PB 0x0000000758a00000| Untracked 
| 198|0x0000000758c00000, 0x0000000758c00000, 0x0000000758e00000|  0%| F|  |TAMS 0x0000000758c00000| PB 0x0000000758c00000| Untracked 
| 199|0x0000000758e00000, 0x0000000758e00000, 0x0000000759000000|  0%| F|  |TAMS 0x0000000758e00000| PB 0x0000000758e00000| Untracked 
| 200|0x0000000759000000, 0x0000000759000000, 0x0000000759200000|  0%| F|  |TAMS 0x0000000759000000| PB 0x0000000759000000| Untracked 
| 201|0x0000000759200000, 0x0000000759200000, 0x0000000759400000|  0%| F|  |TAMS 0x0000000759200000| PB 0x0000000759200000| Untracked 
| 202|0x0000000759400000, 0x0000000759400000, 0x0000000759600000|  0%| F|  |TAMS 0x0000000759400000| PB 0x0000000759400000| Untracked 
| 203|0x0000000759600000, 0x0000000759600000, 0x0000000759800000|  0%| F|  |TAMS 0x0000000759600000| PB 0x0000000759600000| Untracked 
| 204|0x0000000759800000, 0x0000000759800000, 0x0000000759a00000|  0%| F|  |TAMS 0x0000000759800000| PB 0x0000000759800000| Untracked 
| 205|0x0000000759a00000, 0x0000000759a00000, 0x0000000759c00000|  0%| F|  |TAMS 0x0000000759a00000| PB 0x0000000759a00000| Untracked 
| 206|0x0000000759c00000, 0x0000000759c00000, 0x0000000759e00000|  0%| F|  |TAMS 0x0000000759c00000| PB 0x0000000759c00000| Untracked 
| 207|0x0000000759e00000, 0x0000000759e00000, 0x000000075a000000|  0%| F|  |TAMS 0x0000000759e00000| PB 0x0000000759e00000| Untracked 
| 208|0x000000075a000000, 0x000000075a000000, 0x000000075a200000|  0%| F|  |TAMS 0x000000075a000000| PB 0x000000075a000000| Untracked 
| 209|0x000000075a200000, 0x000000075a200000, 0x000000075a400000|  0%| F|  |TAMS 0x000000075a200000| PB 0x000000075a200000| Untracked 
| 210|0x000000075a400000, 0x000000075a400000, 0x000000075a600000|  0%| F|  |TAMS 0x000000075a400000| PB 0x000000075a400000| Untracked 
| 211|0x000000075a600000, 0x000000075a600000, 0x000000075a800000|  0%| F|  |TAMS 0x000000075a600000| PB 0x000000075a600000| Untracked 
| 212|0x000000075a800000, 0x000000075a800000, 0x000000075aa00000|  0%| F|  |TAMS 0x000000075a800000| PB 0x000000075a800000| Untracked 
| 213|0x000000075aa00000, 0x000000075aa00000, 0x000000075ac00000|  0%| F|  |TAMS 0x000000075aa00000| PB 0x000000075aa00000| Untracked 
| 214|0x000000075ac00000, 0x000000075ac00000, 0x000000075ae00000|  0%| F|  |TAMS 0x000000075ac00000| PB 0x000000075ac00000| Untracked 
| 215|0x000000075ae00000, 0x000000075ae00000, 0x000000075b000000|  0%| F|  |TAMS 0x000000075ae00000| PB 0x000000075ae00000| Untracked 
| 216|0x000000075b000000, 0x000000075b000000, 0x000000075b200000|  0%| F|  |TAMS 0x000000075b000000| PB 0x000000075b000000| Untracked 
| 217|0x000000075b200000, 0x000000075b200000, 0x000000075b400000|  0%| F|  |TAMS 0x000000075b200000| PB 0x000000075b200000| Untracked 
| 218|0x000000075b400000, 0x000000075b400000, 0x000000075b600000|  0%| F|  |TAMS 0x000000075b400000| PB 0x000000075b400000| Untracked 
| 219|0x000000075b600000, 0x000000075b600000, 0x000000075b800000|  0%| F|  |TAMS 0x000000075b600000| PB 0x000000075b600000| Untracked 
| 220|0x000000075b800000, 0x000000075b800000, 0x000000075ba00000|  0%| F|  |TAMS 0x000000075b800000| PB 0x000000075b800000| Untracked 
| 221|0x000000075ba00000, 0x000000075ba00000, 0x000000075bc00000|  0%| F|  |TAMS 0x000000075ba00000| PB 0x000000075ba00000| Untracked 
| 222|0x000000075bc00000, 0x000000075bc00000, 0x000000075be00000|  0%| F|  |TAMS 0x000000075bc00000| PB 0x000000075bc00000| Untracked 
| 223|0x000000075be00000, 0x000000075be00000, 0x000000075c000000|  0%| F|  |TAMS 0x000000075be00000| PB 0x000000075be00000| Untracked 
| 224|0x000000075c000000, 0x000000075c000000, 0x000000075c200000|  0%| F|  |TAMS 0x000000075c000000| PB 0x000000075c000000| Untracked 
| 225|0x000000075c200000, 0x000000075c200000, 0x000000075c400000|  0%| F|  |TAMS 0x000000075c200000| PB 0x000000075c200000| Untracked 
| 226|0x000000075c400000, 0x000000075c400000, 0x000000075c600000|  0%| F|  |TAMS 0x000000075c400000| PB 0x000000075c400000| Untracked 
| 227|0x000000075c600000, 0x000000075c600000, 0x000000075c800000|  0%| F|  |TAMS 0x000000075c600000| PB 0x000000075c600000| Untracked 
| 228|0x000000075c800000, 0x000000075c800000, 0x000000075ca00000|  0%| F|  |TAMS 0x000000075c800000| PB 0x000000075c800000| Untracked 
| 229|0x000000075ca00000, 0x000000075ca00000, 0x000000075cc00000|  0%| F|  |TAMS 0x000000075ca00000| PB 0x000000075ca00000| Untracked 
| 230|0x000000075cc00000, 0x000000075cc00000, 0x000000075ce00000|  0%| F|  |TAMS 0x000000075cc00000| PB 0x000000075cc00000| Untracked 
| 231|0x000000075ce00000, 0x000000075ce00000, 0x000000075d000000|  0%| F|  |TAMS 0x000000075ce00000| PB 0x000000075ce00000| Untracked 
| 232|0x000000075d000000, 0x000000075d000000, 0x000000075d200000|  0%| F|  |TAMS 0x000000075d000000| PB 0x000000075d000000| Untracked 
| 233|0x000000075d200000, 0x000000075d200000, 0x000000075d400000|  0%| F|  |TAMS 0x000000075d200000| PB 0x000000075d200000| Untracked 
| 234|0x000000075d400000, 0x000000075d400000, 0x000000075d600000|  0%| F|  |TAMS 0x000000075d400000| PB 0x000000075d400000| Untracked 
| 235|0x000000075d600000, 0x000000075d600000, 0x000000075d800000|  0%| F|  |TAMS 0x000000075d600000| PB 0x000000075d600000| Untracked 
| 236|0x000000075d800000, 0x000000075d800000, 0x000000075da00000|  0%| F|  |TAMS 0x000000075d800000| PB 0x000000075d800000| Untracked 
| 237|0x000000075da00000, 0x000000075da00000, 0x000000075dc00000|  0%| F|  |TAMS 0x000000075da00000| PB 0x000000075da00000| Untracked 
| 238|0x000000075dc00000, 0x000000075dc00000, 0x000000075de00000|  0%| F|  |TAMS 0x000000075dc00000| PB 0x000000075dc00000| Untracked 
| 239|0x000000075de00000, 0x000000075de00000, 0x000000075e000000|  0%| F|  |TAMS 0x000000075de00000| PB 0x000000075de00000| Untracked 
| 240|0x000000075e000000, 0x000000075e000000, 0x000000075e200000|  0%| F|  |TAMS 0x000000075e000000| PB 0x000000075e000000| Untracked 
| 241|0x000000075e200000, 0x000000075e200000, 0x000000075e400000|  0%| F|  |TAMS 0x000000075e200000| PB 0x000000075e200000| Untracked 
| 242|0x000000075e400000, 0x000000075e400000, 0x000000075e600000|  0%| F|  |TAMS 0x000000075e400000| PB 0x000000075e400000| Untracked 
| 243|0x000000075e600000, 0x000000075e600000, 0x000000075e800000|  0%| F|  |TAMS 0x000000075e600000| PB 0x000000075e600000| Untracked 
| 244|0x000000075e800000, 0x000000075e800000, 0x000000075ea00000|  0%| F|  |TAMS 0x000000075e800000| PB 0x000000075e800000| Untracked 
| 245|0x000000075ea00000, 0x000000075ea00000, 0x000000075ec00000|  0%| F|  |TAMS 0x000000075ea00000| PB 0x000000075ea00000| Untracked 
| 246|0x000000075ec00000, 0x000000075ec00000, 0x000000075ee00000|  0%| F|  |TAMS 0x000000075ec00000| PB 0x000000075ec00000| Untracked 
| 247|0x000000075ee00000, 0x000000075ee00000, 0x000000075f000000|  0%| F|  |TAMS 0x000000075ee00000| PB 0x000000075ee00000| Untracked 
| 248|0x000000075f000000, 0x000000075f000000, 0x000000075f200000|  0%| F|  |TAMS 0x000000075f000000| PB 0x000000075f000000| Untracked 
| 249|0x000000075f200000, 0x000000075f200000, 0x000000075f400000|  0%| F|  |TAMS 0x000000075f200000| PB 0x000000075f200000| Untracked 
| 250|0x000000075f400000, 0x000000075f400000, 0x000000075f600000|  0%| F|  |TAMS 0x000000075f400000| PB 0x000000075f400000| Untracked 
| 251|0x000000075f600000, 0x000000075f600000, 0x000000075f800000|  0%| F|  |TAMS 0x000000075f600000| PB 0x000000075f600000| Untracked 
| 252|0x000000075f800000, 0x000000075f800000, 0x000000075fa00000|  0%| F|  |TAMS 0x000000075f800000| PB 0x000000075f800000| Untracked 
| 253|0x000000075fa00000, 0x000000075fa00000, 0x000000075fc00000|  0%| F|  |TAMS 0x000000075fa00000| PB 0x000000075fa00000| Untracked 
| 254|0x000000075fc00000, 0x000000075fc00000, 0x000000075fe00000|  0%| F|  |TAMS 0x000000075fc00000| PB 0x000000075fc00000| Untracked 
| 255|0x000000075fe00000, 0x000000075fe00000, 0x0000000760000000|  0%| F|  |TAMS 0x000000075fe00000| PB 0x000000075fe00000| Untracked 
| 256|0x0000000760000000, 0x0000000760000000, 0x0000000760200000|  0%| F|  |TAMS 0x0000000760000000| PB 0x0000000760000000| Untracked 
| 257|0x0000000760200000, 0x0000000760200000, 0x0000000760400000|  0%| F|  |TAMS 0x0000000760200000| PB 0x0000000760200000| Untracked 
| 258|0x0000000760400000, 0x0000000760400000, 0x0000000760600000|  0%| F|  |TAMS 0x0000000760400000| PB 0x0000000760400000| Untracked 
| 259|0x0000000760600000, 0x0000000760600000, 0x0000000760800000|  0%| F|  |TAMS 0x0000000760600000| PB 0x0000000760600000| Untracked 
| 260|0x0000000760800000, 0x0000000760800000, 0x0000000760a00000|  0%| F|  |TAMS 0x0000000760800000| PB 0x0000000760800000| Untracked 
| 261|0x0000000760a00000, 0x0000000760a00000, 0x0000000760c00000|  0%| F|  |TAMS 0x0000000760a00000| PB 0x0000000760a00000| Untracked 
| 262|0x0000000760c00000, 0x0000000760c00000, 0x0000000760e00000|  0%| F|  |TAMS 0x0000000760c00000| PB 0x0000000760c00000| Untracked 
| 263|0x0000000760e00000, 0x0000000760e00000, 0x0000000761000000|  0%| F|  |TAMS 0x0000000760e00000| PB 0x0000000760e00000| Untracked 
| 264|0x0000000761000000, 0x0000000761000000, 0x0000000761200000|  0%| F|  |TAMS 0x0000000761000000| PB 0x0000000761000000| Untracked 
| 265|0x0000000761200000, 0x000000076126b4a0, 0x0000000761400000| 20%| S|CS|TAMS 0x0000000761200000| PB 0x0000000761200000| Complete 
| 266|0x0000000761400000, 0x0000000761400000, 0x0000000761600000|  0%| F|  |TAMS 0x0000000761400000| PB 0x0000000761400000| Untracked 
| 267|0x0000000761600000, 0x0000000761600000, 0x0000000761800000|  0%| F|  |TAMS 0x0000000761600000| PB 0x0000000761600000| Untracked 
| 268|0x0000000761800000, 0x0000000761800000, 0x0000000761a00000|  0%| F|  |TAMS 0x0000000761800000| PB 0x0000000761800000| Untracked 
| 269|0x0000000761a00000, 0x0000000761a00000, 0x0000000761c00000|  0%| F|  |TAMS 0x0000000761a00000| PB 0x0000000761a00000| Untracked 
| 270|0x0000000761c00000, 0x0000000761c00000, 0x0000000761e00000|  0%| F|  |TAMS 0x0000000761c00000| PB 0x0000000761c00000| Untracked 
| 271|0x0000000761e00000, 0x0000000761e00000, 0x0000000762000000|  0%| F|  |TAMS 0x0000000761e00000| PB 0x0000000761e00000| Untracked 
| 272|0x0000000762000000, 0x0000000762000000, 0x0000000762200000|  0%| F|  |TAMS 0x0000000762000000| PB 0x0000000762000000| Untracked 
| 273|0x0000000762200000, 0x0000000762200000, 0x0000000762400000|  0%| F|  |TAMS 0x0000000762200000| PB 0x0000000762200000| Untracked 
| 274|0x0000000762400000, 0x0000000762400000, 0x0000000762600000|  0%| F|  |TAMS 0x0000000762400000| PB 0x0000000762400000| Untracked 
| 275|0x0000000762600000, 0x0000000762600000, 0x0000000762800000|  0%| F|  |TAMS 0x0000000762600000| PB 0x0000000762600000| Untracked 
| 276|0x0000000762800000, 0x0000000762800000, 0x0000000762a00000|  0%| F|  |TAMS 0x0000000762800000| PB 0x0000000762800000| Untracked 
| 277|0x0000000762a00000, 0x0000000762a00000, 0x0000000762c00000|  0%| F|  |TAMS 0x0000000762a00000| PB 0x0000000762a00000| Untracked 
| 278|0x0000000762c00000, 0x0000000762c00000, 0x0000000762e00000|  0%| F|  |TAMS 0x0000000762c00000| PB 0x0000000762c00000| Untracked 

Card table byte_map: [0x00000286238a0000,0x0000028623ea0000] _byte_map_base: 0x000002861fea0000

Marking Bits: (CMBitMap*) 0x000002860bbc34d0
 Bits: [0x0000028623ea0000, 0x0000028626ea0000)

Polling page: 0x0000028609930000

Metaspace:

Usage:
  Non-class:    119.02 MB used.
      Class:     17.38 MB used.
       Both:    136.40 MB used.

Virtual space:
  Non-class space:      128.00 MB reserved,     119.88 MB ( 94%) committed,  2 nodes.
      Class space:        1.00 GB reserved,      18.25 MB (  2%) committed,  1 nodes.
             Both:        1.12 GB reserved,     138.12 MB ( 12%) committed. 

Chunk freelists:
   Non-Class:  7.80 MB
       Class:  13.75 MB
        Both:  21.55 MB

MaxMetaspaceSize: unlimited
CompressedClassSpaceSize: 1.00 GB
Initial GC threshold: 21.00 MB
Current GC threshold: 224.62 MB
CDS: on
 - commit_granule_bytes: 65536.
 - commit_granule_words: 8192.
 - virtual_space_node_default_size: 8388608.
 - enlarge_chunks_in_place: 1.
 - use_allocation_guard: 0.


Internal statistics:

num_allocs_failed_limit: 6.
num_arena_births: 6774.
num_arena_deaths: 3472.
num_vsnodes_births: 3.
num_vsnodes_deaths: 0.
num_space_committed: 2208.
num_space_uncommitted: 0.
num_chunks_returned_to_freelist: 4317.
num_chunks_taken_from_freelist: 15129.
num_chunk_merges: 1474.
num_chunk_splits: 8521.
num_chunks_enlarged: 4594.
num_inconsistent_stats: 0.

CodeHeap 'non-profiled nmethods': size=120000Kb used=14317Kb max_used=14317Kb free=105682Kb
 bounds [0x000002861bd70000, 0x000002861cbf0000, 0x00000286232a0000]
CodeHeap 'profiled nmethods': size=120000Kb used=36053Kb max_used=37967Kb free=83946Kb
 bounds [0x00000286142a0000, 0x00000286167c0000, 0x000002861b7d0000]
CodeHeap 'non-nmethods': size=5760Kb used=2057Kb max_used=2119Kb free=3702Kb
 bounds [0x000002861b7d0000, 0x000002861ba40000, 0x000002861bd70000]
CodeCache: size=245760Kb, used=52427Kb, max_used=54403Kb, free=193330Kb
 total_blobs=16789, nmethods=15884, adapters=808, full_count=0
Compilation: enabled, stopped_count=0, restarted_count=0

Compilation events (20 events):
Event: 11513.782 Thread 0x000002862932dfd0 26418       2       com.android.tools.r8.internal.p60::b (51 bytes)
Event: 11513.820 Thread 0x000002862932dfd0 nmethod 26418 0x0000028615808e10 code [0x0000028615808fe0, 0x0000028615809260]
Event: 11513.822 Thread 0x000002862932dfd0 26420       3       com.android.tools.r8.internal.ec0::a (152 bytes)
Event: 11513.825 Thread 0x000002862932dfd0 nmethod 26420 0x0000028616043310 code [0x0000028616043600, 0x0000028616044da8]
Event: 11513.825 Thread 0x000002862932dfd0 26421       2       java.util.HashMap::replacementTreeNode (21 bytes)
Event: 11513.825 Thread 0x000002862932dfd0 nmethod 26421 0x0000028616042e90 code [0x0000028616043040, 0x0000028616043200]
Event: 11514.118 Thread 0x000002862932dfd0 26422       1       com.android.tools.r8.graph.i2$b::a (5 bytes)
Event: 11514.118 Thread 0x000002862932dfd0 nmethod 26422 0x000002861bda0290 code [0x000002861bda0420, 0x000002861bda04d0]
Event: 11514.118 Thread 0x000002862932dfd0 26423       1       com.android.tools.r8.graph.i2$b::b (5 bytes)
Event: 11514.118 Thread 0x000002862932dfd0 nmethod 26423 0x000002861bd9ff90 code [0x000002861bda0120, 0x000002861bda01d0]
Event: 11514.122 Thread 0x000002862932dfd0 26424       1       com.android.tools.r8.internal.jl::s (2 bytes)
Event: 11514.122 Thread 0x000002862932dfd0 nmethod 26424 0x000002861bd9fc90 code [0x000002861bd9fe20, 0x000002861bd9fee8]
Event: 11514.142 Thread 0x00000286293249e0 nmethod 26375 0x000002861cbd0590 code [0x000002861cbd1420, 0x000002861cbdb928]
Event: 11514.149 Thread 0x00000286293249e0 26150       4       com.android.tools.r8.internal.a52::d (2125 bytes)
Event: 11514.195 Thread 0x000002862932dfd0 26426       2       com.android.tools.r8.internal.tm1::b (19 bytes)
Event: 11514.196 Thread 0x000002862932dfd0 nmethod 26426 0x0000028616042810 code [0x00000286160429e0, 0x0000028616042c08]
Event: 11514.198 Thread 0x000002862932dfd0 26427       2       java.util.Arrays::fill (21 bytes)
Event: 11514.198 Thread 0x000002862932dfd0 nmethod 26427 0x0000028615808910 code [0x0000028615808ac0, 0x0000028615808cf0]
Event: 11514.201 Thread 0x000002862932dfd0 26428       2       com.android.tools.r8.internal.d21::a (18 bytes)
Event: 11514.201 Thread 0x000002862932dfd0 nmethod 26428 0x0000028615808510 code [0x00000286158086c0, 0x0000028615808820]

GC Heap History (20 events):
Event: 11315.283 GC heap after
{Heap after GC invocations=93 (full 2):
 garbage-first heap   total 321536K, used 91860K [0x0000000740000000, 0x0000000800000000)
  region size 2048K, 0 young (0K), 0 survivors (0K)
 Metaspace       used 136241K, committed 137984K, reserved 1179648K
  class space    used 17465K, committed 18368K, reserved 1048576K
}
Event: 11489.930 GC heap before
{Heap before GC invocations=93 (full 2):
 garbage-first heap   total 321536K, used 159444K [0x0000000740000000, 0x0000000800000000)
  region size 2048K, 34 young (69632K), 0 survivors (0K)
 Metaspace       used 139486K, committed 141184K, reserved 1179648K
  class space    used 17793K, committed 18688K, reserved 1048576K
}
Event: 11490.037 GC heap after
{Heap after GC invocations=94 (full 2):
 garbage-first heap   total 571392K, used 95411K [0x0000000740000000, 0x0000000800000000)
  region size 2048K, 2 young (4096K), 2 survivors (4096K)
 Metaspace       used 139486K, committed 141184K, reserved 1179648K
  class space    used 17793K, committed 18688K, reserved 1048576K
}
Event: 11493.393 GC heap before
{Heap before GC invocations=94 (full 2):
 garbage-first heap   total 571392K, used 160947K [0x0000000740000000, 0x0000000800000000)
  region size 2048K, 34 young (69632K), 2 survivors (4096K)
 Metaspace       used 139568K, committed 141248K, reserved 1179648K
  class space    used 17797K, committed 18688K, reserved 1048576K
}
Event: 11493.441 GC heap after
{Heap after GC invocations=95 (full 2):
 garbage-first heap   total 571392K, used 104384K [0x0000000740000000, 0x0000000800000000)
  region size 2048K, 5 young (10240K), 5 survivors (10240K)
 Metaspace       used 139568K, committed 141248K, reserved 1179648K
  class space    used 17797K, committed 18688K, reserved 1048576K
}
Event: 11494.362 GC heap before
{Heap before GC invocations=95 (full 2):
 garbage-first heap   total 571392K, used 141248K [0x0000000740000000, 0x0000000800000000)
  region size 2048K, 23 young (47104K), 5 survivors (10240K)
 Metaspace       used 139590K, committed 141312K, reserved 1179648K
  class space    used 17797K, committed 18688K, reserved 1048576K
}
Event: 11494.437 GC heap after
{Heap after GC invocations=96 (full 2):
 garbage-first heap   total 571392K, used 106493K [0x0000000740000000, 0x0000000800000000)
  region size 2048K, 2 young (4096K), 2 survivors (4096K)
 Metaspace       used 139590K, committed 141312K, reserved 1179648K
  class space    used 17797K, committed 18688K, reserved 1048576K
}
Event: 11496.162 GC heap before
{Heap before GC invocations=96 (full 2):
 garbage-first heap   total 571392K, used 202749K [0x0000000740000000, 0x0000000800000000)
  region size 2048K, 49 young (100352K), 2 survivors (4096K)
 Metaspace       used 139601K, committed 141312K, reserved 1179648K
  class space    used 17797K, committed 18688K, reserved 1048576K
}
Event: 11496.179 GC heap after
{Heap after GC invocations=97 (full 2):
 garbage-first heap   total 571392K, used 109624K [0x0000000740000000, 0x0000000800000000)
  region size 2048K, 3 young (6144K), 3 survivors (6144K)
 Metaspace       used 139601K, committed 141312K, reserved 1179648K
  class space    used 17797K, committed 18688K, reserved 1048576K
}
Event: 11499.092 GC heap before
{Heap before GC invocations=97 (full 2):
 garbage-first heap   total 571392K, used 230456K [0x0000000740000000, 0x0000000800000000)
  region size 2048K, 62 young (126976K), 3 survivors (6144K)
 Metaspace       used 139634K, committed 141376K, reserved 1179648K
  class space    used 17797K, committed 18688K, reserved 1048576K
}
Event: 11499.111 GC heap after
{Heap after GC invocations=98 (full 2):
 garbage-first heap   total 571392K, used 114298K [0x0000000740000000, 0x0000000800000000)
  region size 2048K, 5 young (10240K), 5 survivors (10240K)
 Metaspace       used 139634K, committed 141376K, reserved 1179648K
  class space    used 17797K, committed 18688K, reserved 1048576K
}
Event: 11502.242 GC heap before
{Heap before GC invocations=98 (full 2):
 garbage-first heap   total 571392K, used 243322K [0x0000000740000000, 0x0000000800000000)
  region size 2048K, 67 young (137216K), 5 survivors (10240K)
 Metaspace       used 139670K, committed 141440K, reserved 1179648K
  class space    used 17799K, committed 18688K, reserved 1048576K
}
Event: 11502.274 GC heap after
{Heap after GC invocations=99 (full 2):
 garbage-first heap   total 571392K, used 121025K [0x0000000740000000, 0x0000000800000000)
  region size 2048K, 7 young (14336K), 7 survivors (14336K)
 Metaspace       used 139670K, committed 141440K, reserved 1179648K
  class space    used 17799K, committed 18688K, reserved 1048576K
}
Event: 11507.901 GC heap before
{Heap before GC invocations=99 (full 2):
 garbage-first heap   total 571392K, used 307393K [0x0000000740000000, 0x0000000800000000)
  region size 2048K, 97 young (198656K), 7 survivors (14336K)
 Metaspace       used 139671K, committed 141440K, reserved 1179648K
  class space    used 17799K, committed 18688K, reserved 1048576K
}
Event: 11508.075 GC heap after
{Heap after GC invocations=100 (full 2):
 garbage-first heap   total 571392K, used 127557K [0x0000000740000000, 0x0000000800000000)
  region size 2048K, 10 young (20480K), 10 survivors (20480K)
 Metaspace       used 139671K, committed 141440K, reserved 1179648K
  class space    used 17799K, committed 18688K, reserved 1048576K
}
Event: 11509.623 GC heap before
{Heap before GC invocations=100 (full 2):
 garbage-first heap   total 571392K, used 227909K [0x0000000740000000, 0x0000000800000000)
  region size 2048K, 59 young (120832K), 10 survivors (20480K)
 Metaspace       used 139672K, committed 141440K, reserved 1179648K
  class space    used 17799K, committed 18688K, reserved 1048576K
}
Event: 11513.083 GC heap after
{Heap after GC invocations=101 (full 2):
 garbage-first heap   total 571392K, used 126761K [0x0000000740000000, 0x0000000800000000)
  region size 2048K, 2 young (4096K), 2 survivors (4096K)
 Metaspace       used 139672K, committed 141440K, reserved 1179648K
  class space    used 17799K, committed 18688K, reserved 1048576K
}
Event: 11513.901 GC heap before
{Heap before GC invocations=101 (full 2):
 garbage-first heap   total 571392K, used 149289K [0x0000000740000000, 0x0000000800000000)
  region size 2048K, 13 young (26624K), 2 survivors (4096K)
 Metaspace       used 139674K, committed 141440K, reserved 1179648K
  class space    used 17799K, committed 18688K, reserved 1048576K
}
Event: 11514.104 GC heap after
{Heap after GC invocations=102 (full 2):
 garbage-first heap   total 571392K, used 129155K [0x0000000740000000, 0x0000000800000000)
  region size 2048K, 1 young (2048K), 1 survivors (2048K)
 Metaspace       used 139674K, committed 141440K, reserved 1179648K
  class space    used 17799K, committed 18688K, reserved 1048576K
}
Event: 11514.249 GC heap before
{Heap before GC invocations=102 (full 2):
 garbage-first heap   total 571392K, used 153731K [0x0000000740000000, 0x0000000800000000)
  region size 2048K, 13 young (26624K), 1 survivors (2048K)
 Metaspace       used 139675K, committed 141440K, reserved 1179648K
  class space    used 17799K, committed 18688K, reserved 1048576K
}

Dll operation events (16 events):
Event: 0.083 Loaded shared library C:\Users\isaac\.gradle\jdks\amazon_com_inc_-21-amd64-windows.2\bin\java.dll
Event: 0.402 Loaded shared library C:\Users\isaac\.gradle\jdks\amazon_com_inc_-21-amd64-windows.2\bin\jsvml.dll
Event: 1.391 Loaded shared library C:\Users\isaac\.gradle\jdks\amazon_com_inc_-21-amd64-windows.2\bin\zip.dll
Event: 1.623 Loaded shared library C:\Users\isaac\.gradle\jdks\amazon_com_inc_-21-amd64-windows.2\bin\instrument.dll
Event: 1.872 Loaded shared library C:\Users\isaac\.gradle\jdks\amazon_com_inc_-21-amd64-windows.2\bin\net.dll
Event: 2.064 Loaded shared library C:\Users\isaac\.gradle\jdks\amazon_com_inc_-21-amd64-windows.2\bin\nio.dll
Event: 2.162 Loaded shared library C:\Users\isaac\.gradle\jdks\amazon_com_inc_-21-amd64-windows.2\bin\zip.dll
Event: 13.336 Loaded shared library C:\Users\isaac\.gradle\jdks\amazon_com_inc_-21-amd64-windows.2\bin\jimage.dll
Event: 15.763 Loaded shared library C:\Users\isaac\.gradle\jdks\amazon_com_inc_-21-amd64-windows.2\bin\verify.dll
Event: 15.971 Loaded shared library C:\Users\isaac\.gradle\native\660c5614fbf4a5f2a75b1949f50a0caf5cd603558e7d8a26e50b933a0cfb79d1\windows-amd64\native-platform.dll
Event: 16.025 Loaded shared library C:\Users\isaac\.gradle\native\0.2.8\x86_64-windows-gnu\gradle-fileevents.dll
Event: 21.891 Loaded shared library C:\Users\isaac\.gradle\jdks\amazon_com_inc_-21-amd64-windows.2\bin\management.dll
Event: 21.910 Loaded shared library C:\Users\isaac\.gradle\jdks\amazon_com_inc_-21-amd64-windows.2\bin\management_ext.dll
Event: 22.958 Loaded shared library C:\Users\isaac\.gradle\jdks\amazon_com_inc_-21-amd64-windows.2\bin\extnet.dll
Event: 24.302 Loaded shared library C:\Users\isaac\.gradle\jdks\amazon_com_inc_-21-amd64-windows.2\bin\sunmscapi.dll
Event: 154.268 Loaded shared library C:\Users\isaac\.gradle\jdks\amazon_com_inc_-21-amd64-windows.2\bin\rmi.dll

Deoptimization events (20 events):
Event: 11509.284 Thread 0x000002867194db60 DEOPT PACKING pc=0x0000028615d0b40f sp=0x000000a127af8140
Event: 11509.284 Thread 0x000002867194db60 DEOPT UNPACKING pc=0x000002861b824bc2 sp=0x000000a127af76c8 mode 0
Event: 11509.493 Thread 0x000002867194db60 DEOPT PACKING pc=0x0000028615c44baa sp=0x000000a127af7ca0
Event: 11509.493 Thread 0x000002867194db60 DEOPT UNPACKING pc=0x000002861b824bc2 sp=0x000000a127af73a0 mode 0
Event: 11513.748 Thread 0x000002867194db60 Uncommon trap: trap_request=0xffffffde fr.pc=0x000002861c4f8b40 relative=0x00000000000013a0
Event: 11513.748 Thread 0x000002867194db60 Uncommon trap: reason=class_check action=maybe_recompile pc=0x000002861c4f8b40 method=com.android.tools.r8.internal.p04.a(Ljava/util/Set;Ljava/util/Set;Ljava/util/Set;Lcom/android/tools/r8/internal/o04;)Z @ 7 c2
Event: 11513.748 Thread 0x000002867194db60 DEOPT PACKING pc=0x000002861c4f8b40 sp=0x000000a127af78c0
Event: 11513.748 Thread 0x000002867194db60 DEOPT UNPACKING pc=0x000002861b824422 sp=0x000000a127af7858 mode 2
Event: 11513.749 Thread 0x000002867194db60 Uncommon trap: trap_request=0xffffffde fr.pc=0x000002861c4f8b40 relative=0x00000000000013a0
Event: 11513.749 Thread 0x000002867194db60 Uncommon trap: reason=class_check action=maybe_recompile pc=0x000002861c4f8b40 method=com.android.tools.r8.internal.p04.a(Ljava/util/Set;Ljava/util/Set;Ljava/util/Set;Lcom/android/tools/r8/internal/o04;)Z @ 7 c2
Event: 11513.749 Thread 0x000002867194db60 DEOPT PACKING pc=0x000002861c4f8b40 sp=0x000000a127af78c0
Event: 11513.749 Thread 0x000002867194db60 DEOPT UNPACKING pc=0x000002861b824422 sp=0x000000a127af7858 mode 2
Event: 11513.776 Thread 0x000002867194db60 DEOPT PACKING pc=0x0000028615c44baa sp=0x000000a127af7ca0
Event: 11513.776 Thread 0x000002867194db60 DEOPT UNPACKING pc=0x000002861b824bc2 sp=0x000000a127af73a0 mode 0
Event: 11513.872 Thread 0x000002867194db60 DEOPT PACKING pc=0x00000286154afda4 sp=0x000000a127af7e10
Event: 11513.873 Thread 0x000002867194db60 DEOPT UNPACKING pc=0x000002861b824bc2 sp=0x000000a127af76a8 mode 0
Event: 11514.144 Thread 0x000002867194db60 DEOPT PACKING pc=0x0000028615e05df2 sp=0x000000a127af7d20
Event: 11514.144 Thread 0x000002867194db60 DEOPT UNPACKING pc=0x000002861b824bc2 sp=0x000000a127af72a8 mode 0
Event: 11514.155 Thread 0x000002867194db60 DEOPT PACKING pc=0x0000028615c44baa sp=0x000000a127af7ca0
Event: 11514.191 Thread 0x000002867194db60 DEOPT UNPACKING pc=0x000002861b824bc2 sp=0x000000a127af73a0 mode 0

Classes loaded (20 events):
Event: 778.224 Loading class java/lang/StackStreamFactory
Event: 780.102 Loading class java/lang/StackStreamFactory done
Event: 780.124 Loading class java/lang/StackWalker$ExtendedOption
Event: 780.140 Loading class java/lang/StackWalker$ExtendedOption done
Event: 780.143 Loading class java/lang/StackStreamFactory$StackFrameTraverser
Event: 780.189 Loading class java/lang/StackStreamFactory$StackFrameTraverser done
Event: 780.195 Loading class java/lang/StackStreamFactory$WalkerState
Event: 780.204 Loading class java/lang/StackStreamFactory$WalkerState done
Event: 780.207 Loading class java/lang/StackStreamFactory$StackFrameTraverser$StackFrameBuffer
Event: 781.213 Loading class java/lang/StackStreamFactory$FrameBuffer
Event: 781.290 Loading class java/lang/StackStreamFactory$FrameBuffer done
Event: 781.290 Loading class java/lang/StackStreamFactory$StackFrameTraverser$StackFrameBuffer done
Event: 781.803 Loading class java/util/logging/LogRecord
Event: 788.678 Loading class java/util/logging/LogRecord done
Event: 4025.479 Loading class java/rmi/server/Unreferenced
Event: 4025.514 Loading class java/rmi/server/Unreferenced done
Event: 4211.810 Loading class sun/rmi/transport/ObjectTable$1
Event: 4211.959 Loading class sun/rmi/transport/ObjectTable$1 done
Event: 11275.539 Loading class jdk/internal/math/FormattedFPDecimal
Event: 11275.659 Loading class jdk/internal/math/FormattedFPDecimal done

Classes unloaded (20 events):
Event: 4205.737 Thread 0x00000286292faf30 Unloading class 0x000002862b000400 'java/lang/invoke/LambdaForm$MH+0x000002862b000400'
Event: 11312.809 Thread 0x00000286292faf30 Unloading class 0x000002862b309400 'jdk/internal/reflect/GeneratedSerializationConstructorAccessor702'
Event: 11312.809 Thread 0x00000286292faf30 Unloading class 0x000002862b3bdc00 'jdk/internal/reflect/GeneratedSerializationConstructorAccessor694'
Event: 11312.809 Thread 0x00000286292faf30 Unloading class 0x000002862b3d4000 'jdk/internal/reflect/GeneratedSerializationConstructorAccessor688'
Event: 11312.809 Thread 0x00000286292faf30 Unloading class 0x000002862b508000 'java/lang/invoke/LambdaForm$MH+0x000002862b508000'
Event: 11312.809 Thread 0x00000286292faf30 Unloading class 0x000002862b545000 'java/lang/invoke/LambdaForm$MH+0x000002862b545000'
Event: 11312.809 Thread 0x00000286292faf30 Unloading class 0x000002862b55c000 'java/lang/invoke/LambdaForm$MH+0x000002862b55c000'
Event: 11312.809 Thread 0x00000286292faf30 Unloading class 0x000002862b635400 'java/lang/invoke/LambdaForm$MH+0x000002862b635400'
Event: 11312.809 Thread 0x00000286292faf30 Unloading class 0x000002862b636c00 'java/lang/invoke/LambdaForm$MH+0x000002862b636c00'
Event: 11312.809 Thread 0x00000286292faf30 Unloading class 0x000002862b641400 'java/lang/invoke/LambdaForm$MH+0x000002862b641400'
Event: 11312.809 Thread 0x00000286292faf30 Unloading class 0x000002862b642c00 'java/lang/invoke/LambdaForm$MH+0x000002862b642c00'
Event: 11312.809 Thread 0x00000286292faf30 Unloading class 0x000002862beec800 'java/lang/invoke/LambdaForm$MH+0x000002862beec800'
Event: 11312.809 Thread 0x00000286292faf30 Unloading class 0x000002862bf64400 'java/lang/invoke/LambdaForm$MH+0x000002862bf64400'
Event: 11312.809 Thread 0x00000286292faf30 Unloading class 0x000002862c02c800 'java/lang/invoke/LambdaForm$MH+0x000002862c02c800'
Event: 11312.809 Thread 0x00000286292faf30 Unloading class 0x000002862c02e400 'java/lang/invoke/LambdaForm$MH+0x000002862c02e400'
Event: 11312.809 Thread 0x00000286292faf30 Unloading class 0x000002862c03cc00 'java/lang/invoke/LambdaForm$MH+0x000002862c03cc00'
Event: 11312.809 Thread 0x00000286292faf30 Unloading class 0x000002862c0a9000 'java/lang/invoke/LambdaForm$MH+0x000002862c0a9000'
Event: 11312.810 Thread 0x00000286292faf30 Unloading class 0x000002862c1b4000 'java/lang/invoke/LambdaForm$MH+0x000002862c1b4000'
Event: 11312.810 Thread 0x00000286292faf30 Unloading class 0x000002862c1b4800 'java/lang/invoke/LambdaForm$MH+0x000002862c1b4800'
Event: 11312.810 Thread 0x00000286292faf30 Unloading class 0x000002862c1b5800 'java/lang/invoke/LambdaForm$MH+0x000002862c1b5800'

Classes redefined (0 events):
No events

Internal exceptions (20 events):
Event: 11488.112 Thread 0x000002867194db60 Exception <a 'sun/nio/fs/WindowsException'{0x000000074fd386e8}> (0x000000074fd386e8) 
thrown [s\src\hotspot\share\prims\jni.cpp, line 520]
Event: 11488.118 Thread 0x000002867194db60 Exception <a 'sun/nio/fs/WindowsException'{0x000000074fd3cc78}> (0x000000074fd3cc78) 
thrown [s\src\hotspot\share\prims\jni.cpp, line 520]
Event: 11488.127 Thread 0x000002867194db60 Exception <a 'sun/nio/fs/WindowsException'{0x000000074fd43a30}> (0x000000074fd43a30) 
thrown [s\src\hotspot\share\prims\jni.cpp, line 520]
Event: 11488.130 Thread 0x000002867194db60 Exception <a 'sun/nio/fs/WindowsException'{0x000000074fd47f40}> (0x000000074fd47f40) 
thrown [s\src\hotspot\share\prims\jni.cpp, line 520]
Event: 11488.133 Thread 0x000002867194db60 Exception <a 'sun/nio/fs/WindowsException'{0x000000074fd4c428}> (0x000000074fd4c428) 
thrown [s\src\hotspot\share\prims\jni.cpp, line 520]
Event: 11488.135 Thread 0x000002867194db60 Exception <a 'sun/nio/fs/WindowsException'{0x000000074fd50248}> (0x000000074fd50248) 
thrown [s\src\hotspot\share\prims\jni.cpp, line 520]
Event: 11488.270 Thread 0x000002867194db60 Exception <a 'sun/nio/fs/WindowsException'{0x000000074fd54a70}> (0x000000074fd54a70) 
thrown [s\src\hotspot\share\prims\jni.cpp, line 520]
Event: 11488.297 Thread 0x000002867194db60 Exception <a 'sun/nio/fs/WindowsException'{0x000000074fd5f280}> (0x000000074fd5f280) 
thrown [s\src\hotspot\share\prims\jni.cpp, line 520]
Event: 11488.308 Thread 0x000002867194db60 Exception <a 'sun/nio/fs/WindowsException'{0x000000074fd63960}> (0x000000074fd63960) 
thrown [s\src\hotspot\share\prims\jni.cpp, line 520]
Event: 11488.336 Thread 0x000002867194db60 Exception <a 'sun/nio/fs/WindowsException'{0x000000074fd67fb0}> (0x000000074fd67fb0) 
thrown [s\src\hotspot\share\prims\jni.cpp, line 520]
Event: 11488.350 Thread 0x000002867194db60 Exception <a 'sun/nio/fs/WindowsException'{0x000000074fd6c580}> (0x000000074fd6c580) 
thrown [s\src\hotspot\share\prims\jni.cpp, line 520]
Event: 11488.432 Thread 0x000002867194d4d0 Exception <a 'java/lang/NoSuchMethodError'{0x000000074fd8e768}: static Lorg/jetbrains/kotlin/incremental/ClasspathChanges$ClasspathSnapshotEnabled$IncrementalRun$ToBeComputedByIncrementalCompiler;.<clinit>()V> (0x000000074fd8e768) 
thrown [s\src\hotspot\share\prims\jni.cpp, line 1111]
Event: 11488.678 Thread 0x000002867194db60 Exception <a 'sun/nio/fs/WindowsException'{0x000000074fd70bd0}> (0x000000074fd70bd0) 
thrown [s\src\hotspot\share\prims\jni.cpp, line 520]
Event: 11488.692 Thread 0x000002867194db60 Exception <a 'sun/nio/fs/WindowsException'{0x000000074fde6e50}> (0x000000074fde6e50) 
thrown [s\src\hotspot\share\prims\jni.cpp, line 520]
Event: 11488.836 Thread 0x000002867194db60 Exception <a 'sun/nio/fs/WindowsException'{0x000000074fdeade0}> (0x000000074fdeade0) 
thrown [s\src\hotspot\share\prims\jni.cpp, line 520]
Event: 11489.880 Thread 0x0000028672d86340 Exception <a 'java/lang/NoSuchMethodError'{0x000000074f72c058}: static Lorg/jetbrains/kotlin/incremental/ClasspathChanges$ClasspathSnapshotEnabled$IncrementalRun$ToBeComputedByIncrementalCompiler;.<clinit>()V> (0x000000074f72c058) 
thrown [s\src\hotspot\share\prims\jni.cpp, line 1111]
Event: 11492.316 Thread 0x000002867194d4d0 Exception <a 'sun/nio/fs/WindowsException'{0x00000007604d0800}> (0x00000007604d0800) 
thrown [s\src\hotspot\share\prims\jni.cpp, line 520]
Event: 11492.318 Thread 0x000002867194d4d0 Exception <a 'sun/nio/fs/WindowsException'{0x00000007604d27b0}> (0x00000007604d27b0) 
thrown [s\src\hotspot\share\prims\jni.cpp, line 520]
Event: 11492.319 Thread 0x000002867194d4d0 Exception <a 'sun/nio/fs/WindowsException'{0x00000007604d4608}> (0x00000007604d4608) 
thrown [s\src\hotspot\share\prims\jni.cpp, line 520]
Event: 11492.723 Thread 0x000002867194b400 Exception <a 'java/lang/NoSuchMethodError'{0x0000000760165c00}: static Lcom/android/build/gradle/internal/tasks/MergeJavaResWorkAction$SourcedInput;.<clinit>()V> (0x0000000760165c00) 
thrown [s\src\hotspot\share\prims\jni.cpp, line 1111]

ZGC Phase Switch (0 events):
No events

VM Operations (20 events):
Event: 11501.127 Executing safepoint VM operation: Cleanup done
Event: 11502.127 Executing safepoint VM operation: Cleanup
Event: 11502.128 Executing safepoint VM operation: Cleanup done
Event: 11502.242 Executing safepoint VM operation: G1CollectForAllocation (G1 Evacuation Pause)
Event: 11502.275 Executing safepoint VM operation: G1CollectForAllocation (G1 Evacuation Pause) done
Event: 11504.275 Executing safepoint VM operation: Cleanup
Event: 11504.275 Executing safepoint VM operation: Cleanup done
Event: 11505.275 Executing safepoint VM operation: Cleanup
Event: 11505.275 Executing safepoint VM operation: Cleanup done
Event: 11506.276 Executing safepoint VM operation: Cleanup
Event: 11506.313 Executing safepoint VM operation: Cleanup done
Event: 11507.313 Executing safepoint VM operation: Cleanup
Event: 11507.550 Executing safepoint VM operation: Cleanup done
Event: 11507.901 Executing safepoint VM operation: G1CollectForAllocation (G1 Evacuation Pause)
Event: 11508.075 Executing safepoint VM operation: G1CollectForAllocation (G1 Evacuation Pause) done
Event: 11509.623 Executing safepoint VM operation: G1CollectForAllocation (G1 Evacuation Pause)
Event: 11513.083 Executing safepoint VM operation: G1CollectForAllocation (G1 Evacuation Pause) done
Event: 11513.901 Executing safepoint VM operation: G1CollectForAllocation (G1 Evacuation Pause)
Event: 11514.105 Executing safepoint VM operation: G1CollectForAllocation (G1 Evacuation Pause) done
Event: 11514.209 Executing safepoint VM operation: G1CollectForAllocation (G1 Evacuation Pause)

Memory protections (0 events):
No events

Nmethod flushes (20 events):
Event: 11315.098 Thread 0x00000286292faf30 flushing  nmethod 0x00000286162cd290
Event: 11315.098 Thread 0x00000286292faf30 flushing  nmethod 0x00000286162f0190
Event: 11315.098 Thread 0x00000286292faf30 flushing  nmethod 0x00000286162ff090
Event: 11315.098 Thread 0x00000286292faf30 flushing  nmethod 0x0000028616354d10
Event: 11315.098 Thread 0x00000286292faf30 flushing  nmethod 0x000002861635dc10
Event: 11315.098 Thread 0x00000286292faf30 flushing  nmethod 0x000002861635e890
Event: 11315.098 Thread 0x00000286292faf30 flushing  nmethod 0x00000286163a7190
Event: 11315.098 Thread 0x00000286292faf30 flushing  nmethod 0x00000286163aa890
Event: 11315.098 Thread 0x00000286292faf30 flushing  nmethod 0x00000286163b1e10
Event: 11315.098 Thread 0x00000286292faf30 flushing  nmethod 0x00000286163b2390
Event: 11315.098 Thread 0x00000286292faf30 flushing  nmethod 0x00000286163ed310
Event: 11315.098 Thread 0x00000286292faf30 flushing  nmethod 0x00000286163ee910
Event: 11315.099 Thread 0x00000286292faf30 flushing  nmethod 0x00000286163f7990
Event: 11315.099 Thread 0x00000286292faf30 flushing  nmethod 0x0000028616446110
Event: 11315.099 Thread 0x00000286292faf30 flushing  nmethod 0x0000028616446610
Event: 11315.099 Thread 0x00000286292faf30 flushing  nmethod 0x0000028616446e10
Event: 11315.099 Thread 0x00000286292faf30 flushing  nmethod 0x0000028616447e90
Event: 11315.099 Thread 0x00000286292faf30 flushing  nmethod 0x0000028616449b90
Event: 11315.099 Thread 0x00000286292faf30 flushing  nmethod 0x0000028616462090
Event: 11315.099 Thread 0x00000286292faf30 flushing  nmethod 0x0000028616465690

Events (20 events):
Event: 11315.329 Thread 0x00000286794c5000 Thread added: 0x00000286738ced80
Event: 11315.329 Thread 0x00000286794c5000 Thread added: 0x00000286738d2f20
Event: 11315.475 Thread 0x0000028672d88aa0 Thread exited: 0x0000028672d88aa0
Event: 11322.193 Thread 0x00000286794c5000 Thread added: 0x00000286738d3c40
Event: 11322.874 Thread 0x00000286794c5000 Thread added: 0x00000286738d14e0
Event: 11322.874 Thread 0x00000286794c5000 Thread added: 0x00000286738d07c0
Event: 11322.970 Thread 0x00000286738d14e0 Thread added: 0x00000286738d5680
Event: 11398.074 Thread 0x00000286738d5680 Thread exited: 0x00000286738d5680
Event: 11469.751 Thread 0x00000286738d14e0 Thread added: 0x00000286738d5680
Event: 11480.728 Thread 0x000002867194d4d0 Thread added: 0x0000028672d88aa0
Event: 11480.732 Thread 0x000002867194db60 Thread added: 0x0000028672d86340
Event: 11483.212 Thread 0x000002867194d4d0 Thread added: 0x0000028672d8ab70
Event: 11483.581 Thread 0x0000028672d8ab70 Thread added: 0x0000028672d8d2d0
Event: 11488.458 Thread 0x000002867194d4d0 Thread added: 0x00000286794c07d0
Event: 11489.570 Thread 0x0000028672d86340 Thread added: 0x00000286794c42e0
Event: 11489.759 Thread 0x0000028672d86340 Thread added: 0x00000286794c2210
Event: 11489.907 Thread 0x00000286738d14e0 Thread added: 0x00000286794c4970
Event: 11490.105 Thread 0x00000286794c42e0 Thread exited: 0x00000286794c42e0
Event: 11490.254 Thread 0x00000286738ced80 Thread exited: 0x00000286738ced80
Event: 11493.460 Thread 0x00000286794c2210 Thread exited: 0x00000286794c2210


Dynamic libraries:
0x00007ff66b350000 - 0x00007ff66b35e000 	C:\Users\isaac\.gradle\jdks\amazon_com_inc_-21-amd64-windows.2\bin\java.exe
0x00007ffe44840000 - 0x00007ffe44aa6000 	C:\WINDOWS\SYSTEM32\ntdll.dll
0x00007ffe43730000 - 0x00007ffe437f9000 	C:\WINDOWS\System32\KERNEL32.DLL
0x00007ffe421b0000 - 0x00007ffe425aa000 	C:\WINDOWS\System32\KERNELBASE.dll
0x00007ffe41ef0000 - 0x00007ffe4203c000 	C:\WINDOWS\System32\ucrtbase.dll
0x00007ffe0fc50000 - 0x00007ffe0fc68000 	C:\Users\isaac\.gradle\jdks\amazon_com_inc_-21-amd64-windows.2\bin\jli.dll
0x00007ffe42760000 - 0x00007ffe42927000 	C:\WINDOWS\System32\USER32.dll
0x00007ffe41b60000 - 0x00007ffe41b87000 	C:\WINDOWS\System32\win32u.dll
0x00007ffe445f0000 - 0x00007ffe4461b000 	C:\WINDOWS\System32\GDI32.dll
0x00007ffe41dc0000 - 0x00007ffe41eeb000 	C:\WINDOWS\System32\gdi32full.dll
0x00007ffe41b90000 - 0x00007ffe41c33000 	C:\WINDOWS\System32\msvcp_win.dll
0x00007ffe0fc30000 - 0x00007ffe0fc4e000 	C:\Users\isaac\.gradle\jdks\amazon_com_inc_-21-amd64-windows.2\bin\VCRUNTIME140.dll
0x00007ffe2f750000 - 0x00007ffe2f9e2000 	C:\WINDOWS\WinSxS\amd64_microsoft.windows.common-controls_6595b64144ccf1df_6.0.26100.8521_none_3e08b75ce33403b3\COMCTL32.dll
0x00007ffe43850000 - 0x00007ffe438f9000 	C:\WINDOWS\System32\msvcrt.dll
0x00007ffe443b0000 - 0x00007ffe443e2000 	C:\WINDOWS\System32\IMM32.DLL
0x00007ffdf6c30000 - 0x00007ffdf6c3c000 	C:\Users\isaac\.gradle\jdks\amazon_com_inc_-21-amd64-windows.2\bin\vcruntime140_1.dll
0x00007ffde8e00000 - 0x00007ffde8e89000 	C:\Users\isaac\.gradle\jdks\amazon_com_inc_-21-amd64-windows.2\bin\msvcp140.dll
0x00007ffcb10a0000 - 0x00007ffcb1e48000 	C:\Users\isaac\.gradle\jdks\amazon_com_inc_-21-amd64-windows.2\bin\server\jvm.dll
0x00007ffe43580000 - 0x00007ffe43636000 	C:\WINDOWS\System32\ADVAPI32.dll
0x00007ffe43cd0000 - 0x00007ffe43d7a000 	C:\WINDOWS\System32\sechost.dll
0x00007ffe425b0000 - 0x00007ffe426c8000 	C:\WINDOWS\System32\RPCRT4.dll
0x00007ffe434f0000 - 0x00007ffe43570000 	C:\WINDOWS\System32\WS2_32.dll
0x00007ffe41950000 - 0x00007ffe419ae000 	C:\WINDOWS\SYSTEM32\POWRPROF.dll
0x00007ffe3bc20000 - 0x00007ffe3bc56000 	C:\WINDOWS\SYSTEM32\WINMM.dll
0x00007ffe3bc60000 - 0x00007ffe3bc6b000 	C:\WINDOWS\SYSTEM32\VERSION.dll
0x00007ffe41910000 - 0x00007ffe41924000 	C:\WINDOWS\SYSTEM32\UMPDC.dll
0x00007ffe40860000 - 0x00007ffe4087b000 	C:\WINDOWS\SYSTEM32\kernel.appcore.dll
0x00007ffdf6be0000 - 0x00007ffdf6bea000 	C:\Users\isaac\.gradle\jdks\amazon_com_inc_-21-amd64-windows.2\bin\jimage.dll
0x00007ffe362b0000 - 0x00007ffe364f2000 	C:\WINDOWS\SYSTEM32\DBGHELP.DLL
0x00007ffe43940000 - 0x00007ffe43cc3000 	C:\WINDOWS\System32\combase.dll
0x00007ffe43370000 - 0x00007ffe43449000 	C:\WINDOWS\System32\OLEAUT32.dll
0x00007ffe24b30000 - 0x00007ffe24b6b000 	C:\WINDOWS\SYSTEM32\dbgcore.DLL
0x00007ffe42100000 - 0x00007ffe421a8000 	C:\WINDOWS\System32\bcryptPrimitives.dll
0x00007ffdf5810000 - 0x00007ffdf5820000 	C:\Users\isaac\.gradle\jdks\amazon_com_inc_-21-amd64-windows.2\bin\instrument.dll
0x00007ffdf57e0000 - 0x00007ffdf5801000 	C:\Users\isaac\.gradle\jdks\amazon_com_inc_-21-amd64-windows.2\bin\java.dll
0x00007ffe42a00000 - 0x00007ffe43184000 	C:\WINDOWS\System32\SHELL32.dll
0x00007ffe3f680000 - 0x00007ffe3ff00000 	C:\WINDOWS\SYSTEM32\windows.storage.dll
0x00007ffe443f0000 - 0x00007ffe444e6000 	C:\WINDOWS\System32\SHCORE.dll
0x00007ffe43640000 - 0x00007ffe436a7000 	C:\WINDOWS\System32\shlwapi.dll
0x00007ffe419f0000 - 0x00007ffe41a19000 	C:\WINDOWS\SYSTEM32\profapi.dll
0x00007ffcc0660000 - 0x00007ffcc0737000 	C:\Users\isaac\.gradle\jdks\amazon_com_inc_-21-amd64-windows.2\bin\jsvml.dll
0x00007ffdf3dc0000 - 0x00007ffdf3dd8000 	C:\Users\isaac\.gradle\jdks\amazon_com_inc_-21-amd64-windows.2\bin\zip.dll
0x00007ffdf3d80000 - 0x00007ffdf3d91000 	C:\Users\isaac\.gradle\jdks\amazon_com_inc_-21-amd64-windows.2\bin\net.dll
0x00007ffe37140000 - 0x00007ffe37269000 	C:\WINDOWS\SYSTEM32\WINHTTP.dll
0x00007ffe40dd0000 - 0x00007ffe40e3c000 	C:\WINDOWS\system32\mswsock.dll
0x00007ffde8de0000 - 0x00007ffde8df6000 	C:\Users\isaac\.gradle\jdks\amazon_com_inc_-21-amd64-windows.2\bin\nio.dll
0x00007ffdf3ff0000 - 0x00007ffdf4000000 	C:\Users\isaac\.gradle\jdks\amazon_com_inc_-21-amd64-windows.2\bin\verify.dll
0x00007ffe15930000 - 0x00007ffe15957000 	C:\Users\isaac\.gradle\native\660c5614fbf4a5f2a75b1949f50a0caf5cd603558e7d8a26e50b933a0cfb79d1\windows-amd64\native-platform.dll
0x00007ffdf3c80000 - 0x00007ffdf3cf7000 	C:\Users\isaac\.gradle\native\0.2.8\x86_64-windows-gnu\gradle-fileevents.dll
0x00007ffdf3e90000 - 0x00007ffdf3e9a000 	C:\Users\isaac\.gradle\jdks\amazon_com_inc_-21-amd64-windows.2\bin\management.dll
0x00007ffdf3d70000 - 0x00007ffdf3d7c000 	C:\Users\isaac\.gradle\jdks\amazon_com_inc_-21-amd64-windows.2\bin\management_ext.dll
0x00007ffe42930000 - 0x00007ffe42938000 	C:\WINDOWS\System32\PSAPI.DLL
0x00007ffe402c0000 - 0x00007ffe402f3000 	C:\WINDOWS\SYSTEM32\IPHLPAPI.DLL
0x00007ffe434e0000 - 0x00007ffe434ea000 	C:\WINDOWS\System32\NSI.dll
0x00007ffdf3ad0000 - 0x00007ffdf3ad9000 	C:\Users\isaac\.gradle\jdks\amazon_com_inc_-21-amd64-windows.2\bin\extnet.dll
0x00007ffe410b0000 - 0x00007ffe410cb000 	C:\WINDOWS\SYSTEM32\CRYPTSP.dll
0x00007ffe407c0000 - 0x00007ffe407f9000 	C:\WINDOWS\system32\rsaenh.dll
0x00007ffe40e80000 - 0x00007ffe40eb3000 	C:\WINDOWS\SYSTEM32\USERENV.dll
0x00007ffe419c0000 - 0x00007ffe419ea000 	C:\WINDOWS\SYSTEM32\bcrypt.dll
0x00007ffe410d0000 - 0x00007ffe410dc000 	C:\WINDOWS\SYSTEM32\CRYPTBASE.dll
0x00007ffde8cf0000 - 0x00007ffde8cfe000 	C:\Users\isaac\.gradle\jdks\amazon_com_inc_-21-amd64-windows.2\bin\sunmscapi.dll
0x00007ffe41c40000 - 0x00007ffe41db8000 	C:\WINDOWS\System32\CRYPT32.dll
0x00007ffe412d0000 - 0x00007ffe41300000 	C:\WINDOWS\SYSTEM32\ncrypt.dll
0x00007ffe41280000 - 0x00007ffe412bf000 	C:\WINDOWS\SYSTEM32\NTASN1.dll
0x00007ffe3c920000 - 0x00007ffe3c928000 	C:\WINDOWS\system32\wshunix.dll
0x00007ffdf3b00000 - 0x00007ffdf3b07000 	C:\Users\isaac\.gradle\jdks\amazon_com_inc_-21-amd64-windows.2\bin\rmi.dll
0x00007ffe40980000 - 0x00007ffe409b6000 	C:\WINDOWS\SYSTEM32\ntmarta.dll

JVMTI agents:
C:\Users\isaac\.gradle\wrapper\dists\gradle-9.4.1-bin\arn2x92ynaizyzdaamcbpbhtj\gradle-9.4.1\lib\agents\gradle-instrumentation-agent-9.4.1.jar path:C:\Users\isaac\.gradle\jdks\amazon_com_inc_-21-amd64-windows.2\bin\instrument.dll, loaded, initialized, instrumentlib options:none

dbghelp: loaded successfully - version: 4.0.5 - missing functions: none
symbol engine: initialized successfully - sym options: 0x614 - pdb path: .;C:\Users\isaac\.gradle\jdks\amazon_com_inc_-21-amd64-windows.2\bin;C:\WINDOWS\SYSTEM32;C:\WINDOWS\WinSxS\amd64_microsoft.windows.common-controls_6595b64144ccf1df_6.0.26100.8521_none_3e08b75ce33403b3;C:\Users\isaac\.gradle\jdks\amazon_com_inc_-21-amd64-windows.2\bin\server;C:\Users\isaac\.gradle\native\660c5614fbf4a5f2a75b1949f50a0caf5cd603558e7d8a26e50b933a0cfb79d1\windows-amd64;C:\Users\isaac\.gradle\native\0.2.8\x86_64-windows-gnu

VM Arguments:
jvm_args: --add-opens=java.base/java.lang=ALL-UNNAMED --add-opens=java.base/java.lang.invoke=ALL-UNNAMED --add-opens=java.base/java.util=ALL-UNNAMED --add-opens=java.prefs/java.util.prefs=ALL-UNNAMED --add-exports=jdk.compiler/com.sun.tools.javac.api=ALL-UNNAMED --add-exports=jdk.compiler/com.sun.tools.javac.util=ALL-UNNAMED --add-opens=java.base/java.util=ALL-UNNAMED --add-opens=java.prefs/java.util.prefs=ALL-UNNAMED --add-opens=java.base/java.nio.charset=ALL-UNNAMED --add-opens=java.base/java.net=ALL-UNNAMED --add-opens=java.base/java.util.concurrent=ALL-UNNAMED --add-opens=java.base/java.util.concurrent.atomic=ALL-UNNAMED --add-opens=java.xml/javax.xml.namespace=ALL-UNNAMED --add-opens=java.base/java.time=ALL-UNNAMED -Xmx3072M -Dfile.encoding=UTF-8 -Duser.country=MX -Duser.language=es -Duser.variant -javaagent:C:\Users\isaac\.gradle\wrapper\dists\gradle-9.4.1-bin\arn2x92ynaizyzdaamcbpbhtj\gradle-9.4.1\lib\agents\gradle-instrumentation-agent-9.4.1.jar 
java_command: org.gradle.launcher.daemon.bootstrap.GradleDaemon 9.4.1
java_class_path (initial): C:\Users\isaac\.gradle\wrapper\dists\gradle-9.4.1-bin\arn2x92ynaizyzdaamcbpbhtj\gradle-9.4.1\lib\gradle-daemon-main-9.4.1.jar
Launcher Type: SUN_STANDARD

[Global flags]
     intx CICompilerCount                          = 3                                         {product} {ergonomic}
     uint ConcGCThreads                            = 1                                         {product} {ergonomic}
     uint G1ConcRefinementThreads                  = 4                                         {product} {ergonomic}
   size_t G1HeapRegionSize                         = 2097152                                   {product} {ergonomic}
    uintx GCDrainStackTargetSize                   = 64                                        {product} {ergonomic}
   size_t InitialHeapSize                          = 100663296                                 {product} {ergonomic}
   size_t MarkStackSize                            = 4194304                                   {product} {ergonomic}
   size_t MaxHeapSize                              = 3221225472                                {product} {command line}
   size_t MaxNewSize                               = 1931476992                                {product} {ergonomic}
   size_t MinHeapDeltaBytes                        = 2097152                                   {product} {ergonomic}
   size_t MinHeapSize                              = 8388608                                   {product} {ergonomic}
    uintx NonNMethodCodeHeapSize                   = 5832780                                {pd product} {ergonomic}
    uintx NonProfiledCodeHeapSize                  = 122912730                              {pd product} {ergonomic}
    uintx ProfiledCodeHeapSize                     = 122912730                              {pd product} {ergonomic}
    uintx ReservedCodeCacheSize                    = 251658240                              {pd product} {ergonomic}
     bool SegmentedCodeCache                       = true                                      {product} {ergonomic}
   size_t SoftMaxHeapSize                          = 3221225472                             {manageable} {ergonomic}
     bool UseCompressedOops                        = true                           {product lp64_product} {ergonomic}
     bool UseG1GC                                  = true                                      {product} {ergonomic}
     bool UseLargePagesIndividualAllocation        = false                                  {pd product} {ergonomic}

Logging:
Log output configuration:
 #0: stdout all=warning uptime,level,tags foldmultilines=false
 #1: stderr all=off uptime,level,tags foldmultilines=false

Release file:
IMPLEMENTOR="Amazon.com Inc." 
IMPLEMENTOR_VERSION="Corretto-21.0.11.10.1" 
JAVA_RUNTIME_VERSION="21.0.11+10-LTS" 
JAVA_VERSION="21.0.11" 
JAVA_VERSION_DATE="2026-04-21" 
LIBC="default" 
MODULES="java.base java.compiler java.datatransfer java.xml java.prefs java.desktop java.instrument java.logging java.management java.security.sasl java.naming java.rmi java.management.rmi java.net.http java.scripting java.security.jgss java.transaction.xa java.sql java.sql.rowset java.xml.crypto java.se java.smartcardio jdk.accessibility jdk.internal.jvmstat jdk.attach jdk.charsets jdk.internal.opt jdk.zipfs jdk.compiler jdk.crypto.ec jdk.crypto.cryptoki jdk.crypto.mscapi jdk.dynalink jdk.internal.ed jdk.editpad jdk.hotspot.agent jdk.httpserver jdk.incubator.vector jdk.internal.le jdk.internal.vm.ci jdk.internal.vm.compiler jdk.internal.vm.compiler.management jdk.jartool jdk.javadoc jdk.jcmd jdk.management jdk.management.agent jdk.jconsole jdk.jdeps jdk.jdwp.agent jdk.jdi jdk.jfr jdk.jlink jdk.jpackage jdk.jshell jdk.jsobject jdk.jstatd jdk.localedata jdk.management.jfr jdk.naming.dns jdk.naming.rmi jdk.net jdk.nio.mapmode jdk.random jdk.sctp jdk.security.auth jdk.security.jgss jdk.unsupported jdk.unsupported.desktop jdk.xml.dom" 
OS_ARCH="x86_64" 
OS_NAME="Windows" 
SOURCE="" 

Environment Variables:
PATH=C:\Program Files\Microsoft\jdk-11.0.12.7-hotspot\bin;C:\Program Files\Common Files\Oracle\Java\javapath;C:\windows\system32;C:\windows;C:\windows\System32\Wbem;C:\windows\System32\WindowsPowerShell\v1.0\;C:\windows\System32\OpenSSH\;C:\Program Files\dotnet\;C:\WINDOWS\system32;C:\WINDOWS;C:\WINDOWS\System32\Wbem;C:\WINDOWS\System32\WindowsPowerShell\v1.0\;C:\WINDOWS\System32\OpenSSH\;C:\Program Files (x86)\Microsoft SQL Server\160\Tools\Binn\;C:\Program Files\Microsoft SQL Server\160\Tools\Binn\;C:\Program Files\Microsoft SQL Server\Client SDK\ODBC\170\Tools\Binn\;C:\Program Files\Microsoft SQL Server\160\DTS\Binn\;C:\Program Files (x86)\Microsoft SQL Server\160\DTS\Binn\;C:\Program Files\Microsoft SQL Server\150\Tools\Binn\;C:\Program Files\nodejs\;C:\Program Files\Git\cmd;C:\Program Files (x86)\Windows Kits\10\Windows Performance Toolkit\;C:\Users\isaac\AppData\Local\Microsoft\WindowsApps;C:\Users\isaac\AppData\Local\Programs\Microsoft VS Code\bin;C:\Users\isaac\.dotnet\tools;C:\Users\isaac\AppData\Local\Programs\MiKTeX\miktex\bin\x64\;C:\Users\isaac\AppData\Roaming\npm
USERNAME=isaac
OS=Windows_NT
PROCESSOR_IDENTIFIER=AMD64 Family 23 Model 24 Stepping 1, AuthenticAMD
TMP=C:\Users\isaac\AppData\Local\Temp
TEMP=C:\Users\isaac\AppData\Local\Temp




Periodic native trim disabled

---------------  S Y S T E M  ---------------

OS:
 Windows 11 , 64 bit Build 26100 (10.0.26100.8521)
OS uptime: 2 days 17:32 hours
Hyper-V role detected

CPU: total 4 (initial active 4) (4 cores per cpu, 2 threads per core) family 23 model 24 stepping 1 microcode 0x8108109, cx8, cmov, fxsr, ht, mmx, 3dnowpref, sse, sse2, sse3, ssse3, sse4a, sse4.1, sse4.2, popcnt, lzcnt, tsc, tscinvbit, avx, avx2, aes, clmul, bmi1, bmi2, adx, sha, fma, vzeroupper, clflush, clflushopt, hv, rdtscp, f16c
Processor Information for the first 4 processors :
  Max Mhz: 2600, Current Mhz: 2600, Mhz Limit: 2600

Memory: 4k page, system-wide physical 6059M (409M free)
TotalPageFile size 24491M (AvailPageFile size 857M)
current process WorkingSet (physical memory assigned to process): 450M, peak: 497M
current process commit charge ("private bytes"): 969M, peak: 1817M

vm_info: OpenJDK 64-Bit Server VM (21.0.11+10-LTS) for windows-amd64 JRE (21.0.11+10-LTS), built on 2026-04-18T07:30:30Z by "Administrator" with MS VC++ 17.14 (VS2022)

END.
