#
# There is insufficient memory for the Java Runtime Environment to continue.
# Native memory allocation (mmap) failed to map 88080384 bytes. Error detail: G1 virtual space
# Possible reasons:
#   The system is out of physical RAM or swap space
#   This process is running with CompressedOops enabled, and the Java Heap may be blocking the growth of the native heap
# Possible solutions:
#   Reduce memory load on the system
#   Increase physical memory or swap space
#   Check if swap backing store is full
#   Decrease Java heap size (-Xmx/-Xms)
#   Decrease number of Java threads
#   Decrease Java thread stack sizes (-Xss)
#   Set larger code cache with -XX:ReservedCodeCacheSize=
#   JVM is running with Zero Based Compressed Oops mode in which the Java heap is
#     placed in the first 32GB address space. The Java Heap base address is the
#     maximum limit for the native heap growth. Please use -XX:HeapBaseMinAddress
#     to set the Java Heap base and to place the Java Heap above 32GB virtual address.
# This output file may be truncated or incomplete.
#
#  Out of Memory Error (os_windows.cpp:3714), pid=15212, tid=19620
#
# JRE version: OpenJDK Runtime Environment Corretto-21.0.11.10.1 (21.0.11+10) (build 21.0.11+10-LTS)
# Java VM: OpenJDK 64-Bit Server VM Corretto-21.0.11.10.1 (21.0.11+10-LTS, mixed mode, sharing, tiered, compressed oops, compressed class ptrs, g1 gc, windows-amd64)
# No core dump will be written. Minidumps are not enabled by default on client versions of Windows
#

---------------  S U M M A R Y ------------

Command Line: --add-opens=java.base/java.lang=ALL-UNNAMED --add-opens=java.base/java.lang.invoke=ALL-UNNAMED --add-opens=java.base/java.util=ALL-UNNAMED --add-opens=java.prefs/java.util.prefs=ALL-UNNAMED --add-exports=jdk.compiler/com.sun.tools.javac.api=ALL-UNNAMED --add-exports=jdk.compiler/com.sun.tools.javac.util=ALL-UNNAMED --add-opens=java.base/java.util=ALL-UNNAMED --add-opens=java.prefs/java.util.prefs=ALL-UNNAMED --add-opens=java.base/java.nio.charset=ALL-UNNAMED --add-opens=java.base/java.net=ALL-UNNAMED --add-opens=java.base/java.util.concurrent=ALL-UNNAMED --add-opens=java.base/java.util.concurrent.atomic=ALL-UNNAMED --add-opens=java.xml/javax.xml.namespace=ALL-UNNAMED --add-opens=java.base/java.time=ALL-UNNAMED -Xmx3072M -Dfile.encoding=UTF-8 -Duser.country=MX -Duser.language=es -Duser.variant -javaagent:C:\Users\isaac\.gradle\wrapper\dists\gradle-9.4.1-bin\arn2x92ynaizyzdaamcbpbhtj\gradle-9.4.1\lib\agents\gradle-instrumentation-agent-9.4.1.jar org.gradle.launcher.daemon.bootstrap.GradleDaemon 9.4.1

Host: AMD Ryzen 3 3250U with Radeon Graphics         , 4 cores, 5G,  Windows 11 , 64 bit Build 26100 (10.0.26100.8521)
Time: Mon Jun 29 00:46:14 2026 Hora estándar central (México) elapsed time: 11071.935450 seconds (0d 3h 4m 31s)

---------------  T H R E A D  ---------------

Current thread (0x00000202a747b0b0):  VMThread "VM Thread"          [id=19620, stack(0x000000ad97b00000,0x000000ad97c00000) (1024K)]

Stack: [0x000000ad97b00000,0x000000ad97c00000]
Native frames: (J=compiled Java code, j=interpreted, Vv=VM code, C=native code)
V  [jvm.dll+0x6df899]
V  [jvm.dll+0x8bc52b]
V  [jvm.dll+0x8beaba]
V  [jvm.dll+0x8bf193]
V  [jvm.dll+0x28aa16]
V  [jvm.dll+0x6dc1f5]
V  [jvm.dll+0x6d003a]
V  [jvm.dll+0x3650fe]
V  [jvm.dll+0x36cfcb]
V  [jvm.dll+0x3bea89]
V  [jvm.dll+0x3bed2b]
V  [jvm.dll+0x3392c7]
V  [jvm.dll+0x339357]
V  [jvm.dll+0x37d83c]
V  [jvm.dll+0x37c01e]
V  [jvm.dll+0x338a21]
V  [jvm.dll+0x37b68a]
V  [jvm.dll+0x8c4eef]
V  [jvm.dll+0x8c63d3]
V  [jvm.dll+0x8c6944]
V  [jvm.dll+0x8c6a43]
V  [jvm.dll+0x8672bd]
V  [jvm.dll+0x6de09d]
C  [ucrtbase.dll+0x2cd30]
C  [KERNEL32.DLL+0x2e957]
C  [ntdll.dll+0x87c1c]

VM_Operation (0x000000ad98df4740): G1CollectForAllocation, mode: safepoint, requested by thread 0x00000202f0384840


---------------  P R O C E S S  ---------------

Threads class SMR info:
_java_thread_list=0x00000202f475c270, length=52, elements={
0x0000020287948ae0, 0x00000202a7495000, 0x00000202a749a7a0, 0x00000202a749f930,
0x00000202a74a0820, 0x00000202a74a3fb0, 0x00000202a74a5860, 0x00000202a74a7440,
0x00000202a74aff70, 0x00000202a767f160, 0x00000202a7750750, 0x00000202a771dcb0,
0x00000202a78fddb0, 0x00000202a76e2dd0, 0x00000202edf8fda0, 0x00000202edf90ac0,
0x00000202edf8f710, 0x00000202f1203160, 0x00000202f1202ad0, 0x00000202f1200370,
0x00000202efda65e0, 0x00000202f21d58c0, 0x00000202ef5a9e80, 0x00000202ef5afa60,
0x00000202ef5aa510, 0x00000202ef5b0e10, 0x00000202f21d37f0, 0x00000202f21d5230,
0x00000202f2215730, 0x00000202f9fb4860, 0x00000202f9fb13e0, 0x00000202f9fb2100,
0x00000202f0385bf0, 0x00000202f0380d30, 0x00000202f0382e00, 0x00000202f0383b20,
0x00000202f0384840, 0x00000202f0384ed0, 0x00000202f0381a50, 0x00000202f0385560,
0x00000202f0386910, 0x00000202f0387630, 0x00000202f0387cc0, 0x00000202f9fb6930,
0x00000202f9fb4ef0, 0x00000202f9fb6fc0, 0x00000202f9fb3b40, 0x00000202f9fb7650,
0x00000202f9fb41d0, 0x00000202f2213660, 0x00000202f1a1a250, 0x00000202f1a18ea0
}

Java Threads: ( => current thread )
  0x0000020287948ae0 JavaThread "main"                              [_thread_blocked, id=24624, stack(0x000000ad97400000,0x000000ad97500000) (1024K)]
  0x00000202a7495000 JavaThread "Reference Handler"          daemon [_thread_blocked, id=22268, stack(0x000000ad97c00000,0x000000ad97d00000) (1024K)]
  0x00000202a749a7a0 JavaThread "Finalizer"                  daemon [_thread_blocked, id=15940, stack(0x000000ad97d00000,0x000000ad97e00000) (1024K)]
  0x00000202a749f930 JavaThread "Signal Dispatcher"          daemon [_thread_blocked, id=27052, stack(0x000000ad97e00000,0x000000ad97f00000) (1024K)]
  0x00000202a74a0820 JavaThread "Attach Listener"            daemon [_thread_blocked, id=20072, stack(0x000000ad97f00000,0x000000ad98000000) (1024K)]
  0x00000202a74a3fb0 JavaThread "Service Thread"             daemon [_thread_blocked, id=3048, stack(0x000000ad98000000,0x000000ad98100000) (1024K)]
  0x00000202a74a5860 JavaThread "Monitor Deflation Thread"   daemon [_thread_blocked, id=13120, stack(0x000000ad98100000,0x000000ad98200000) (1024K)]
  0x00000202a74a7440 JavaThread "C2 CompilerThread0"         daemon [_thread_blocked, id=28544, stack(0x000000ad98200000,0x000000ad98300000) (1024K)]
  0x00000202a74aff70 JavaThread "C1 CompilerThread0"         daemon [_thread_blocked, id=4652, stack(0x000000ad98300000,0x000000ad98400000) (1024K)]
  0x00000202a767f160 JavaThread "Common-Cleaner"             daemon [_thread_blocked, id=1724, stack(0x000000ad98400000,0x000000ad98500000) (1024K)]
  0x00000202a7750750 JavaThread "Notification Thread"        daemon [_thread_blocked, id=20144, stack(0x000000ad98500000,0x000000ad98600000) (1024K)]
  0x00000202a771dcb0 JavaThread "Daemon health stats"               [_thread_blocked, id=23660, stack(0x000000ad98900000,0x000000ad98a00000) (1024K)]
  0x00000202a78fddb0 JavaThread "Incoming local TCP Connector on port 62452"        [_thread_in_native, id=14568, stack(0x000000ad98a00000,0x000000ad98b00000) (1024K)]
  0x00000202a76e2dd0 JavaThread "Daemon periodic checks"            [_thread_blocked, id=2340, stack(0x000000ad98b00000,0x000000ad98c00000) (1024K)]
  0x00000202edf8fda0 JavaThread "Cache worker for journal cache (C:\Users\isaac\.gradle\caches\journal-1)"        [_thread_blocked, id=1776, stack(0x000000ad99300000,0x000000ad99400000) (1024K)]
  0x00000202edf90ac0 JavaThread "File lock request listener"        [_thread_in_native, id=26540, stack(0x000000ad99400000,0x000000ad99500000) (1024K)]
  0x00000202edf8f710 JavaThread "Cache worker for file hash cache (C:\Users\isaac\.gradle\caches\9.4.1\fileHashes)"        [_thread_blocked, id=692, stack(0x000000ad99500000,0x000000ad99600000) (1024K)]
  0x00000202f1203160 JavaThread "Cache worker for file content cache (C:\Users\isaac\.gradle\caches\9.4.1\fileContent)"        [_thread_blocked, id=18888, stack(0x000000ad99a00000,0x000000ad99b00000) (1024K)]
  0x00000202f1202ad0 JavaThread "File watcher server"        daemon [_thread_blocked, id=18972, stack(0x000000ad99b00000,0x000000ad99c00000) (1024K)]
  0x00000202f1200370 JavaThread "File watcher consumer"      daemon [_thread_blocked, id=23712, stack(0x000000ad99c00000,0x000000ad99d00000) (1024K)]
  0x00000202efda65e0 JavaThread "Memory manager"                    [_thread_blocked, id=1980, stack(0x000000ad99f00000,0x000000ad9a000000) (1024K)]
  0x00000202f21d58c0 JavaThread "pool-2-thread-1"                   [_thread_blocked, id=6836, stack(0x000000ad9ad00000,0x000000ad9ae00000) (1024K)]
  0x00000202ef5a9e80 JavaThread "RMI Scheduler(0)"           daemon [_thread_blocked, id=23844, stack(0x000000ad97200000,0x000000ad97300000) (1024K)]
  0x00000202ef5afa60 JavaThread "RMI TCP Accept-0"           daemon [_thread_in_native, id=2480, stack(0x000000ad9af00000,0x000000ad9b000000) (1024K)]
  0x00000202ef5aa510 JavaThread "pool-6-thread-1"                   [_thread_blocked, id=936, stack(0x000000ad9a800000,0x000000ad9a900000) (1024K)]
  0x00000202ef5b0e10 JavaThread "RMI GC Daemon"              daemon [_thread_blocked, id=27404, stack(0x000000ad9ac00000,0x000000ad9ad00000) (1024K)]
  0x00000202f21d37f0 JavaThread "RMI Reaper"                        [_thread_blocked, id=27364, stack(0x000000ad9aa00000,0x000000ad9ab00000) (1024K)]
  0x00000202f21d5230 JavaThread "pool-10-thread-1"                  [_thread_blocked, id=20716, stack(0x000000ad9ae00000,0x000000ad9af00000) (1024K)]
  0x00000202f2215730 JavaThread "pool-14-thread-1"                  [_thread_blocked, id=23076, stack(0x000000ad9b000000,0x000000ad9b100000) (1024K)]
  0x00000202f9fb4860 JavaThread "jar transforms"                    [_thread_blocked, id=11476, stack(0x000000ad99900000,0x000000ad99a00000) (1024K)]
  0x00000202f9fb13e0 JavaThread "jar transforms Thread 2"           [_thread_blocked, id=27812, stack(0x000000ad99d00000,0x000000ad99e00000) (1024K)]
  0x00000202f9fb2100 JavaThread "jar transforms Thread 3"           [_thread_blocked, id=27272, stack(0x000000ad99e00000,0x000000ad99f00000) (1024K)]
  0x00000202f0385bf0 JavaThread "jar transforms Thread 4"           [_thread_blocked, id=10264, stack(0x000000ad9a400000,0x000000ad9a500000) (1024K)]
  0x00000202f0380d30 JavaThread "Daemon Thread 6"                   [_thread_blocked, id=1700, stack(0x000000ad97100000,0x000000ad97200000) (1024K)]
  0x00000202f0382e00 JavaThread "Handler for socket connection from /127.0.0.1:62452 to /127.0.0.1:58777"        [_thread_in_native, id=28468, stack(0x000000ad97300000,0x000000ad97400000) (1024K)]
  0x00000202f0383b20 JavaThread "Cancel handler"                    [_thread_blocked, id=7188, stack(0x000000ad98c00000,0x000000ad98d00000) (1024K)]
  0x00000202f0384840 JavaThread "Daemon worker Thread 6"            [_thread_blocked, id=4544, stack(0x000000ad98d00000,0x000000ad98e00000) (1024K)]
  0x00000202f0384ed0 JavaThread "Asynchronous log dispatcher for DefaultDaemonConnection: socket connection from /127.0.0.1:62452 to /127.0.0.1:58777"        [_thread_blocked, id=23612, stack(0x000000ad98e00000,0x000000ad98f00000) (1024K)]
  0x00000202f0381a50 JavaThread "Stdin handler"                     [_thread_blocked, id=24976, stack(0x000000ad98f00000,0x000000ad99000000) (1024K)]
  0x00000202f0385560 JavaThread "Daemon client event forwarder"        [_thread_blocked, id=5320, stack(0x000000ad99000000,0x000000ad99100000) (1024K)]
  0x00000202f0386910 JavaThread "Cache worker for file hash cache (C:\Users\isaac\AndroidStudioProjects\EjemploMoviles\.gradle\9.4.1\fileHashes)"        [_thread_blocked, id=25296, stack(0x000000ad99100000,0x000000ad99200000) (1024K)]
  0x00000202f0387630 JavaThread "Cache worker for checksums cache (C:\Users\isaac\AndroidStudioProjects\EjemploMoviles\.gradle\9.4.1\checksums)"        [_thread_blocked, id=27548, stack(0x000000ad99200000,0x000000ad99300000) (1024K)]
  0x00000202f0387cc0 JavaThread "Cache worker for Build Output Cleanup Cache (C:\Users\isaac\AndroidStudioProjects\EjemploMoviles\.gradle\buildOutputCleanup)"        [_thread_blocked, id=6296, stack(0x000000ad99600000,0x000000ad99700000) (1024K)]
  0x00000202f9fb6930 JavaThread "Cache worker for cache directory md-supplier (C:\Users\isaac\.gradle\caches\9.4.1\md-supplier)"        [_thread_blocked, id=19832, stack(0x000000ad99800000,0x000000ad99900000) (1024K)]
  0x00000202f9fb4ef0 JavaThread "Cache worker for cache directory md-rule (C:\Users\isaac\.gradle\caches\9.4.1\md-rule)"        [_thread_blocked, id=10784, stack(0x000000ad9a100000,0x000000ad9a200000) (1024K)]
  0x00000202f9fb6fc0 JavaThread "Build operations"                  [_thread_blocked, id=22840, stack(0x000000ad9a200000,0x000000ad9a300000) (1024K)]
  0x00000202f9fb3b40 JavaThread "Build operations Thread 2"         [_thread_blocked, id=21260, stack(0x000000ad9a300000,0x000000ad9a400000) (1024K)]
  0x00000202f9fb7650 JavaThread "Build operations Thread 3"         [_thread_blocked, id=20592, stack(0x000000ad9a500000,0x000000ad9a600000) (1024K)]
  0x00000202f9fb41d0 JavaThread "Build operations Thread 4"         [_thread_blocked, id=15088, stack(0x000000ad9a600000,0x000000ad9a700000) (1024K)]
  0x00000202f2213660 JavaThread "Configuration cache report writer"        [_thread_blocked, id=15284, stack(0x000000ad9a700000,0x000000ad9a800000) (1024K)]
  0x00000202f1a1a250 JavaThread "build event listener"              [_thread_blocked, id=3192, stack(0x000000ad9a900000,0x000000ad9aa00000) (1024K)]
  0x00000202f1a18ea0 JavaThread "build event listener"              [_thread_blocked, id=1272, stack(0x000000ad9ab00000,0x000000ad9ac00000) (1024K)]
Total: 52

Other Threads:
=>0x00000202a747b0b0 VMThread "VM Thread"                           [id=19620, stack(0x000000ad97b00000,0x000000ad97c00000) (1024K)]
  0x0000020289dae7d0 WatcherThread "VM Periodic Task Thread"        [id=20744, stack(0x000000ad97a00000,0x000000ad97b00000) (1024K)]
  0x0000020289d41ab0 WorkerThread "GC Thread#0"                     [id=21476, stack(0x000000ad97500000,0x000000ad97600000) (1024K)]
  0x00000202ed2f7c20 WorkerThread "GC Thread#1"                     [id=16536, stack(0x000000ad98600000,0x000000ad98700000) (1024K)]
  0x00000202ed340a00 WorkerThread "GC Thread#2"                     [id=18836, stack(0x000000ad98700000,0x000000ad98800000) (1024K)]
  0x00000202ed982010 WorkerThread "GC Thread#3"                     [id=9460, stack(0x000000ad98800000,0x000000ad98900000) (1024K)]
  0x0000020289d4ffd0 ConcurrentGCThread "G1 Main Marker"            [id=16192, stack(0x000000ad97600000,0x000000ad97700000) (1024K)]
  0x0000020289d509f0 WorkerThread "G1 Conc#0"                       [id=27408, stack(0x000000ad97700000,0x000000ad97800000) (1024K)]
  0x0000020289d99ba0 ConcurrentGCThread "G1 Refine#0"               [id=20100, stack(0x000000ad97800000,0x000000ad97900000) (1024K)]
  0x0000020289d9b4e0 ConcurrentGCThread "G1 Service"                [id=8928, stack(0x000000ad97900000,0x000000ad97a00000) (1024K)]
Total: 10

Threads with active compile tasks:
C2 CompilerThread0  11072076 30870   !   4       kotlin.reflect.jvm.internal.impl.metadata.ProtoBuf$Type::<init> (976 bytes)
C1 CompilerThread0  11072076 31020       2       kotlin.reflect.jvm.internal.impl.protobuf.FieldSet::isInitialized (133 bytes)
Total: 2

VM state: at safepoint (normal execution)

VM Mutex/Monitor currently owned by a thread:  ([mutex/lock_event])
[0x00007fff5e5665c0] Threads_lock - owner thread: 0x00000202a747b0b0
[0x00007fff5e5666c0] Heap_lock - owner thread: 0x00000202f0384840

Heap address: 0x0000000740000000, size: 3072 MB, Compressed Oops mode: Zero based, Oop shift amount: 3

CDS archive(s) mapped at: [0x00000202a8000000-0x00000202a8c80000-0x00000202a8c80000), size 13107200, SharedBaseAddress: 0x00000202a8000000, ArchiveRelocationMode: 1.
Compressed class space mapped at: 0x00000202a9000000-0x00000202e9000000, reserved size: 1073741824
Narrow klass base: 0x00000202a8000000, Narrow klass shift: 0, Narrow klass range: 0x100000000

GC Precious Log:
 CardTable entry size: 512
 Card Set container configuration: InlinePtr #cards 4 size 8 Array Of Cards #cards 16 size 48 Howl #buckets 8 coarsen threshold 3686 Howl Bitmap #cards 512 size 80 coarsen threshold 460 Card regions per heap region 1 cards per card region 4096
 CPUs: 4 total, 4 available
 Memory: 6059M
 Large Page Support: Disabled
 NUMA Support: Disabled
 Compressed Oops: Enabled (Zero based)
 Heap Region Size: 2M
 Heap Min Capacity: 8M
 Heap Initial Capacity: 96M
 Heap Max Capacity: 3G
 Pre-touch: Disabled
 Parallel Workers: 4
 Concurrent Workers: 1
 Concurrent Refinement Workers: 4
 Periodic GC: Disabled

Heap:
 garbage-first heap   total 430080K, used 123888K [0x0000000740000000, 0x0000000800000000)
  region size 2048K, 2 young (4096K), 2 survivors (4096K)
 Metaspace       used 154046K, committed 155904K, reserved 1245184K
  class space    used 19979K, committed 20928K, reserved 1048576K

Heap Regions: E=young(eden), S=young(survivor), O=old, HS=humongous(starts), HC=humongous(continues), CS=collection set, F=free, TAMS=top-at-mark-start, PB=parsable bottom
|   0|0x0000000740000000, 0x00000007401ffff8, 0x0000000740200000| 99%| O|  |TAMS 0x0000000740000000| PB 0x0000000740000000| Untracked 
|   1|0x0000000740200000, 0x0000000740400000, 0x0000000740400000|100%|HS|  |TAMS 0x0000000740200000| PB 0x0000000740200000| Complete 
|   2|0x0000000740400000, 0x0000000740600000, 0x0000000740600000|100%|HC|  |TAMS 0x0000000740400000| PB 0x0000000740400000| Complete 
|   3|0x0000000740600000, 0x0000000740800000, 0x0000000740800000|100%| O|  |TAMS 0x0000000740600000| PB 0x0000000740600000| Untracked 
|   4|0x0000000740800000, 0x0000000740a00000, 0x0000000740a00000|100%| O|  |TAMS 0x0000000740800000| PB 0x0000000740800000| Untracked 
|   5|0x0000000740a00000, 0x0000000740c00000, 0x0000000740c00000|100%| O|  |TAMS 0x0000000740a00000| PB 0x0000000740a00000| Untracked 
|   6|0x0000000740c00000, 0x0000000740e00000, 0x0000000740e00000|100%| O|  |TAMS 0x0000000740c00000| PB 0x0000000740c00000| Untracked 
|   7|0x0000000740e00000, 0x0000000741000000, 0x0000000741000000|100%| O|  |TAMS 0x0000000740e00000| PB 0x0000000740e00000| Untracked 
|   8|0x0000000741000000, 0x00000007411ffff8, 0x0000000741200000| 99%| O|  |TAMS 0x0000000741000000| PB 0x0000000741000000| Untracked 
|   9|0x0000000741200000, 0x0000000741400000, 0x0000000741400000|100%|HS|  |TAMS 0x0000000741200000| PB 0x0000000741200000| Complete 
|  10|0x0000000741400000, 0x00000007415fffe0, 0x0000000741600000| 99%| O|  |TAMS 0x0000000741400000| PB 0x0000000741400000| Untracked 
|  11|0x0000000741600000, 0x00000007417ffff8, 0x0000000741800000| 99%| O|  |TAMS 0x0000000741600000| PB 0x0000000741600000| Untracked 
|  12|0x0000000741800000, 0x00000007419ffff8, 0x0000000741a00000| 99%| O|  |TAMS 0x0000000741800000| PB 0x0000000741800000| Untracked 
|  13|0x0000000741a00000, 0x0000000741c00000, 0x0000000741c00000|100%| O|  |TAMS 0x0000000741a00000| PB 0x0000000741a00000| Untracked 
|  14|0x0000000741c00000, 0x0000000741e00000, 0x0000000741e00000|100%| O|  |TAMS 0x0000000741c00000| PB 0x0000000741c00000| Untracked 
|  15|0x0000000741e00000, 0x0000000741ffffe0, 0x0000000742000000| 99%| O|  |TAMS 0x0000000741e00000| PB 0x0000000741e00000| Untracked 
|  16|0x0000000742000000, 0x00000007421ffff8, 0x0000000742200000| 99%| O|  |TAMS 0x0000000742000000| PB 0x0000000742000000| Untracked 
|  17|0x0000000742200000, 0x0000000742400000, 0x0000000742400000|100%|HS|  |TAMS 0x0000000742200000| PB 0x0000000742200000| Complete 
|  18|0x0000000742400000, 0x0000000742600000, 0x0000000742600000|100%| O|  |TAMS 0x0000000742400000| PB 0x0000000742400000| Untracked 
|  19|0x0000000742600000, 0x00000007427fffa0, 0x0000000742800000| 99%| O|  |TAMS 0x0000000742600000| PB 0x0000000742600000| Untracked 
|  20|0x0000000742800000, 0x00000007429fffd8, 0x0000000742a00000| 99%| O|  |TAMS 0x0000000742800000| PB 0x0000000742800000| Untracked 
|  21|0x0000000742a00000, 0x0000000742b845c8, 0x0000000742c00000| 75%| O|  |TAMS 0x0000000742a00000| PB 0x0000000742a00000| Untracked 
|  22|0x0000000742c00000, 0x0000000742df1660, 0x0000000742e00000| 97%| O|  |TAMS 0x0000000742c00000| PB 0x0000000742c00000| Untracked 
|  23|0x0000000742e00000, 0x0000000742ffffe0, 0x0000000743000000| 99%| O|  |TAMS 0x0000000742e00000| PB 0x0000000742e00000| Untracked 
|  24|0x0000000743000000, 0x00000007431ffff0, 0x0000000743200000| 99%| O|  |TAMS 0x0000000743000000| PB 0x0000000743000000| Untracked 
|  25|0x0000000743200000, 0x00000007433f8030, 0x0000000743400000| 98%| O|  |TAMS 0x0000000743200000| PB 0x0000000743200000| Untracked 
|  26|0x0000000743400000, 0x00000007435fffe8, 0x0000000743600000| 99%| O|  |TAMS 0x0000000743400000| PB 0x0000000743400000| Untracked 
|  27|0x0000000743600000, 0x00000007437ffff8, 0x0000000743800000| 99%| O|  |TAMS 0x0000000743600000| PB 0x0000000743600000| Untracked 
|  28|0x0000000743800000, 0x00000007439fffe0, 0x0000000743a00000| 99%| O|  |TAMS 0x0000000743800000| PB 0x0000000743800000| Untracked 
|  29|0x0000000743a00000, 0x0000000743bfffe0, 0x0000000743c00000| 99%| O|  |TAMS 0x0000000743a00000| PB 0x0000000743a00000| Untracked 
|  30|0x0000000743c00000, 0x0000000743e00000, 0x0000000743e00000|100%| O|  |TAMS 0x0000000743c00000| PB 0x0000000743c00000| Untracked 
|  31|0x0000000743e00000, 0x0000000743ff9900, 0x0000000744000000| 98%| O|  |TAMS 0x0000000743e00000| PB 0x0000000743e00000| Untracked 
|  32|0x0000000744000000, 0x0000000744200000, 0x0000000744200000|100%| O|  |TAMS 0x0000000744000000| PB 0x0000000744000000| Untracked 
|  33|0x0000000744200000, 0x0000000744400000, 0x0000000744400000|100%| O|  |TAMS 0x0000000744200000| PB 0x0000000744200000| Untracked 
|  34|0x0000000744400000, 0x00000007445fffe8, 0x0000000744600000| 99%| O|  |TAMS 0x0000000744400000| PB 0x0000000744400000| Untracked 
|  35|0x0000000744600000, 0x00000007447ffff0, 0x0000000744800000| 99%| O|  |TAMS 0x0000000744600000| PB 0x0000000744600000| Untracked 
|  36|0x0000000744800000, 0x0000000744a00000, 0x0000000744a00000|100%| O|  |TAMS 0x0000000744800000| PB 0x0000000744800000| Untracked 
|  37|0x0000000744a00000, 0x0000000744c00000, 0x0000000744c00000|100%|HS|  |TAMS 0x0000000744a00000| PB 0x0000000744a00000| Complete 
|  38|0x0000000744c00000, 0x0000000744e00000, 0x0000000744e00000|100%|HC|  |TAMS 0x0000000744c00000| PB 0x0000000744c00000| Complete 
|  39|0x0000000744e00000, 0x0000000744edf550, 0x0000000745000000| 43%| O|  |TAMS 0x0000000744e00000| PB 0x0000000744e00000| Untracked 
|  40|0x0000000745000000, 0x0000000745200000, 0x0000000745200000|100%| O|  |TAMS 0x0000000745000000| PB 0x0000000745000000| Untracked 
|  41|0x0000000745200000, 0x00000007453ff5a8, 0x0000000745400000| 99%| O|  |TAMS 0x0000000745200000| PB 0x0000000745200000| Untracked 
|  42|0x0000000745400000, 0x00000007455b32e8, 0x0000000745600000| 84%| O|  |TAMS 0x0000000745400000| PB 0x0000000745400000| Untracked 
|  43|0x0000000745600000, 0x0000000745800000, 0x0000000745800000|100%| O|  |TAMS 0x0000000745600000| PB 0x0000000745600000| Untracked 
|  44|0x0000000745800000, 0x0000000745a00000, 0x0000000745a00000|100%| O|  |TAMS 0x0000000745800000| PB 0x0000000745800000| Untracked 
|  45|0x0000000745a00000, 0x0000000745c00000, 0x0000000745c00000|100%| O|  |TAMS 0x0000000745a00000| PB 0x0000000745a00000| Untracked 
|  46|0x0000000745c00000, 0x0000000745c00000, 0x0000000745e00000|  0%| F|  |TAMS 0x0000000745c00000| PB 0x0000000745c00000| Untracked 
|  47|0x0000000745e00000, 0x0000000746000000, 0x0000000746000000|100%| O|  |TAMS 0x0000000745e00000| PB 0x0000000745e00000| Untracked 
|  48|0x0000000746000000, 0x0000000746200000, 0x0000000746200000|100%| O|  |TAMS 0x0000000746000000| PB 0x0000000746000000| Untracked 
|  49|0x0000000746200000, 0x00000007462d07a0, 0x0000000746400000| 40%| O|Cm|TAMS 0x0000000746200000| PB 0x0000000746200000| Complete 
|  50|0x0000000746400000, 0x0000000746521e18, 0x0000000746600000| 56%| O|  |TAMS 0x0000000746400000| PB 0x0000000746400000| Untracked 
|  51|0x0000000746600000, 0x0000000746800000, 0x0000000746800000|100%| O|  |TAMS 0x0000000746600000| PB 0x0000000746600000| Untracked 
|  52|0x0000000746800000, 0x0000000746a00000, 0x0000000746a00000|100%| O|  |TAMS 0x0000000746800000| PB 0x0000000746800000| Untracked 
|  53|0x0000000746a00000, 0x0000000746c00000, 0x0000000746c00000|100%| O|  |TAMS 0x0000000746a00000| PB 0x0000000746a00000| Untracked 
|  54|0x0000000746c00000, 0x0000000746e00000, 0x0000000746e00000|100%| O|  |TAMS 0x0000000746c00000| PB 0x0000000746c00000| Untracked 
|  55|0x0000000746e00000, 0x0000000747000000, 0x0000000747000000|100%| O|  |TAMS 0x0000000746e00000| PB 0x0000000746e00000| Untracked 
|  56|0x0000000747000000, 0x0000000747000000, 0x0000000747200000|  0%| F|  |TAMS 0x0000000747000000| PB 0x0000000747000000| Untracked 
|  57|0x0000000747200000, 0x0000000747400000, 0x0000000747400000|100%| O|  |TAMS 0x0000000747200000| PB 0x0000000747200000| Untracked 
|  58|0x0000000747400000, 0x0000000747600000, 0x0000000747600000|100%| O|  |TAMS 0x0000000747400000| PB 0x0000000747400000| Untracked 
|  59|0x0000000747600000, 0x0000000747800000, 0x0000000747800000|100%| O|Cm|TAMS 0x0000000747600000| PB 0x0000000747600000| Complete 
|  60|0x0000000747800000, 0x0000000747800000, 0x0000000747a00000|  0%| F|  |TAMS 0x0000000747800000| PB 0x0000000747800000| Untracked 
|  61|0x0000000747a00000, 0x0000000747a00000, 0x0000000747c00000|  0%| F|  |TAMS 0x0000000747a00000| PB 0x0000000747a00000| Untracked 
|  62|0x0000000747c00000, 0x0000000747c00000, 0x0000000747e00000|  0%| F|  |TAMS 0x0000000747c00000| PB 0x0000000747c00000| Untracked 
|  63|0x0000000747e00000, 0x0000000748000000, 0x0000000748000000|100%|HS|  |TAMS 0x0000000747e00000| PB 0x0000000747e00000| Complete 
|  64|0x0000000748000000, 0x0000000748000000, 0x0000000748200000|  0%| F|  |TAMS 0x0000000748000000| PB 0x0000000748000000| Untracked 
|  65|0x0000000748200000, 0x0000000748200000, 0x0000000748400000|  0%| F|  |TAMS 0x0000000748200000| PB 0x0000000748200000| Untracked 
|  66|0x0000000748400000, 0x0000000748400000, 0x0000000748600000|  0%| F|  |TAMS 0x0000000748400000| PB 0x0000000748400000| Untracked 
|  67|0x0000000748600000, 0x0000000748600000, 0x0000000748800000|  0%| F|  |TAMS 0x0000000748600000| PB 0x0000000748600000| Untracked 
|  68|0x0000000748800000, 0x0000000748800000, 0x0000000748a00000|  0%| F|  |TAMS 0x0000000748800000| PB 0x0000000748800000| Untracked 
|  69|0x0000000748a00000, 0x0000000748a00000, 0x0000000748c00000|  0%| F|  |TAMS 0x0000000748a00000| PB 0x0000000748a00000| Untracked 
|  70|0x0000000748c00000, 0x0000000748c00000, 0x0000000748e00000|  0%| F|  |TAMS 0x0000000748c00000| PB 0x0000000748c00000| Untracked 
|  71|0x0000000748e00000, 0x0000000748e00000, 0x0000000749000000|  0%| F|  |TAMS 0x0000000748e00000| PB 0x0000000748e00000| Untracked 
|  72|0x0000000749000000, 0x0000000749000000, 0x0000000749200000|  0%| F|  |TAMS 0x0000000749000000| PB 0x0000000749000000| Untracked 
|  73|0x0000000749200000, 0x0000000749200000, 0x0000000749400000|  0%| F|  |TAMS 0x0000000749200000| PB 0x0000000749200000| Untracked 
|  74|0x0000000749400000, 0x0000000749400000, 0x0000000749600000|  0%| F|  |TAMS 0x0000000749400000| PB 0x0000000749400000| Untracked 
|  75|0x0000000749600000, 0x0000000749600000, 0x0000000749800000|  0%| F|  |TAMS 0x0000000749600000| PB 0x0000000749600000| Untracked 
|  76|0x0000000749800000, 0x0000000749800000, 0x0000000749a00000|  0%| F|  |TAMS 0x0000000749800000| PB 0x0000000749800000| Untracked 
|  77|0x0000000749a00000, 0x0000000749a00000, 0x0000000749c00000|  0%| F|  |TAMS 0x0000000749a00000| PB 0x0000000749a00000| Untracked 
|  78|0x0000000749c00000, 0x0000000749c00000, 0x0000000749e00000|  0%| F|  |TAMS 0x0000000749c00000| PB 0x0000000749c00000| Untracked 
|  79|0x0000000749e00000, 0x0000000749e00000, 0x000000074a000000|  0%| F|  |TAMS 0x0000000749e00000| PB 0x0000000749e00000| Untracked 
|  80|0x000000074a000000, 0x000000074a000000, 0x000000074a200000|  0%| F|  |TAMS 0x000000074a000000| PB 0x000000074a000000| Untracked 
|  81|0x000000074a200000, 0x000000074a400000, 0x000000074a400000|100%| O|  |TAMS 0x000000074a200000| PB 0x000000074a200000| Untracked 
|  82|0x000000074a400000, 0x000000074a600000, 0x000000074a600000|100%| O|  |TAMS 0x000000074a400000| PB 0x000000074a400000| Untracked 
|  83|0x000000074a600000, 0x000000074a600000, 0x000000074a800000|  0%| F|  |TAMS 0x000000074a600000| PB 0x000000074a600000| Untracked 
|  84|0x000000074a800000, 0x000000074a800000, 0x000000074aa00000|  0%| F|  |TAMS 0x000000074a800000| PB 0x000000074a800000| Untracked 
|  85|0x000000074aa00000, 0x000000074aa00000, 0x000000074ac00000|  0%| F|  |TAMS 0x000000074aa00000| PB 0x000000074aa00000| Untracked 
|  86|0x000000074ac00000, 0x000000074ac00000, 0x000000074ae00000|  0%| F|  |TAMS 0x000000074ac00000| PB 0x000000074ac00000| Untracked 
|  87|0x000000074ae00000, 0x000000074ae00000, 0x000000074b000000|  0%| F|  |TAMS 0x000000074ae00000| PB 0x000000074ae00000| Untracked 
|  88|0x000000074b000000, 0x000000074b000000, 0x000000074b200000|  0%| F|  |TAMS 0x000000074b000000| PB 0x000000074b000000| Untracked 
|  89|0x000000074b200000, 0x000000074b200000, 0x000000074b400000|  0%| F|  |TAMS 0x000000074b200000| PB 0x000000074b200000| Untracked 
|  90|0x000000074b400000, 0x000000074b400000, 0x000000074b600000|  0%| F|  |TAMS 0x000000074b400000| PB 0x000000074b400000| Untracked 
|  91|0x000000074b600000, 0x000000074b600000, 0x000000074b800000|  0%| F|  |TAMS 0x000000074b600000| PB 0x000000074b600000| Untracked 
|  92|0x000000074b800000, 0x000000074b800000, 0x000000074ba00000|  0%| F|  |TAMS 0x000000074b800000| PB 0x000000074b800000| Untracked 
|  93|0x000000074ba00000, 0x000000074ba00000, 0x000000074bc00000|  0%| F|  |TAMS 0x000000074ba00000| PB 0x000000074ba00000| Untracked 
|  94|0x000000074bc00000, 0x000000074bc00000, 0x000000074be00000|  0%| F|  |TAMS 0x000000074bc00000| PB 0x000000074bc00000| Untracked 
|  95|0x000000074be00000, 0x000000074be00000, 0x000000074c000000|  0%| F|  |TAMS 0x000000074be00000| PB 0x000000074be00000| Untracked 
|  96|0x000000074c000000, 0x000000074c000000, 0x000000074c200000|  0%| F|  |TAMS 0x000000074c000000| PB 0x000000074c000000| Untracked 
|  97|0x000000074c200000, 0x000000074c200000, 0x000000074c400000|  0%| F|  |TAMS 0x000000074c200000| PB 0x000000074c200000| Untracked 
|  98|0x000000074c400000, 0x000000074c400000, 0x000000074c600000|  0%| F|  |TAMS 0x000000074c400000| PB 0x000000074c400000| Untracked 
|  99|0x000000074c600000, 0x000000074c600000, 0x000000074c800000|  0%| F|  |TAMS 0x000000074c600000| PB 0x000000074c600000| Untracked 
| 100|0x000000074c800000, 0x000000074c800000, 0x000000074ca00000|  0%| F|  |TAMS 0x000000074c800000| PB 0x000000074c800000| Untracked 
| 101|0x000000074ca00000, 0x000000074ca00000, 0x000000074cc00000|  0%| F|  |TAMS 0x000000074ca00000| PB 0x000000074ca00000| Untracked 
| 102|0x000000074cc00000, 0x000000074cc00000, 0x000000074ce00000|  0%| F|  |TAMS 0x000000074cc00000| PB 0x000000074cc00000| Untracked 
| 103|0x000000074ce00000, 0x000000074ce00000, 0x000000074d000000|  0%| F|  |TAMS 0x000000074ce00000| PB 0x000000074ce00000| Untracked 
| 104|0x000000074d000000, 0x000000074d000000, 0x000000074d200000|  0%| F|  |TAMS 0x000000074d000000| PB 0x000000074d000000| Untracked 
| 105|0x000000074d200000, 0x000000074d200000, 0x000000074d400000|  0%| F|  |TAMS 0x000000074d200000| PB 0x000000074d200000| Untracked 
| 106|0x000000074d400000, 0x000000074d400000, 0x000000074d600000|  0%| F|  |TAMS 0x000000074d400000| PB 0x000000074d400000| Untracked 
| 107|0x000000074d600000, 0x000000074d600000, 0x000000074d800000|  0%| F|  |TAMS 0x000000074d600000| PB 0x000000074d600000| Untracked 
| 108|0x000000074d800000, 0x000000074d800000, 0x000000074da00000|  0%| F|  |TAMS 0x000000074d800000| PB 0x000000074d800000| Untracked 
| 109|0x000000074da00000, 0x000000074da00000, 0x000000074dc00000|  0%| F|  |TAMS 0x000000074da00000| PB 0x000000074da00000| Untracked 
| 110|0x000000074dc00000, 0x000000074dc00000, 0x000000074de00000|  0%| F|  |TAMS 0x000000074dc00000| PB 0x000000074dc00000| Untracked 
| 111|0x000000074de00000, 0x000000074de00000, 0x000000074e000000|  0%| F|  |TAMS 0x000000074de00000| PB 0x000000074de00000| Untracked 
| 112|0x000000074e000000, 0x000000074e000000, 0x000000074e200000|  0%| F|  |TAMS 0x000000074e000000| PB 0x000000074e000000| Untracked 
| 113|0x000000074e200000, 0x000000074e200000, 0x000000074e400000|  0%| F|  |TAMS 0x000000074e200000| PB 0x000000074e200000| Untracked 
| 114|0x000000074e400000, 0x000000074e400000, 0x000000074e600000|  0%| F|  |TAMS 0x000000074e400000| PB 0x000000074e400000| Untracked 
| 115|0x000000074e600000, 0x000000074e600000, 0x000000074e800000|  0%| F|  |TAMS 0x000000074e600000| PB 0x000000074e600000| Untracked 
| 116|0x000000074e800000, 0x000000074e800000, 0x000000074ea00000|  0%| F|  |TAMS 0x000000074e800000| PB 0x000000074e800000| Untracked 
| 117|0x000000074ea00000, 0x000000074ea00000, 0x000000074ec00000|  0%| F|  |TAMS 0x000000074ea00000| PB 0x000000074ea00000| Untracked 
| 118|0x000000074ec00000, 0x000000074ec00000, 0x000000074ee00000|  0%| F|  |TAMS 0x000000074ec00000| PB 0x000000074ec00000| Untracked 
| 119|0x000000074ee00000, 0x000000074ee00000, 0x000000074f000000|  0%| F|  |TAMS 0x000000074ee00000| PB 0x000000074ee00000| Untracked 
| 120|0x000000074f000000, 0x000000074f000000, 0x000000074f200000|  0%| F|  |TAMS 0x000000074f000000| PB 0x000000074f000000| Untracked 
| 121|0x000000074f200000, 0x000000074f200000, 0x000000074f400000|  0%| F|  |TAMS 0x000000074f200000| PB 0x000000074f200000| Untracked 
| 122|0x000000074f400000, 0x000000074f400000, 0x000000074f600000|  0%| F|  |TAMS 0x000000074f400000| PB 0x000000074f400000| Untracked 
| 123|0x000000074f600000, 0x000000074f600000, 0x000000074f800000|  0%| F|  |TAMS 0x000000074f600000| PB 0x000000074f600000| Untracked 
| 124|0x000000074f800000, 0x000000074f800000, 0x000000074fa00000|  0%| F|  |TAMS 0x000000074f800000| PB 0x000000074f800000| Untracked 
| 125|0x000000074fa00000, 0x000000074fa00000, 0x000000074fc00000|  0%| F|  |TAMS 0x000000074fa00000| PB 0x000000074fa00000| Untracked 
| 126|0x000000074fc00000, 0x000000074fc00000, 0x000000074fe00000|  0%| F|  |TAMS 0x000000074fc00000| PB 0x000000074fc00000| Untracked 
| 127|0x000000074fe00000, 0x000000074fe00000, 0x0000000750000000|  0%| F|  |TAMS 0x000000074fe00000| PB 0x000000074fe00000| Untracked 
| 128|0x0000000750000000, 0x0000000750000000, 0x0000000750200000|  0%| F|  |TAMS 0x0000000750000000| PB 0x0000000750000000| Untracked 
| 129|0x0000000750200000, 0x0000000750200000, 0x0000000750400000|  0%| F|  |TAMS 0x0000000750200000| PB 0x0000000750200000| Untracked 
| 130|0x0000000750400000, 0x0000000750400000, 0x0000000750600000|  0%| F|  |TAMS 0x0000000750400000| PB 0x0000000750400000| Untracked 
| 131|0x0000000750600000, 0x0000000750600000, 0x0000000750800000|  0%| F|  |TAMS 0x0000000750600000| PB 0x0000000750600000| Untracked 
| 132|0x0000000750800000, 0x0000000750800000, 0x0000000750a00000|  0%| F|  |TAMS 0x0000000750800000| PB 0x0000000750800000| Untracked 
| 133|0x0000000750a00000, 0x0000000750a00000, 0x0000000750c00000|  0%| F|  |TAMS 0x0000000750a00000| PB 0x0000000750a00000| Untracked 
| 134|0x0000000750c00000, 0x0000000750c00000, 0x0000000750e00000|  0%| F|  |TAMS 0x0000000750c00000| PB 0x0000000750c00000| Untracked 
| 135|0x0000000750e00000, 0x0000000750e00000, 0x0000000751000000|  0%| F|  |TAMS 0x0000000750e00000| PB 0x0000000750e00000| Untracked 
| 136|0x0000000751000000, 0x0000000751000000, 0x0000000751200000|  0%| F|  |TAMS 0x0000000751000000| PB 0x0000000751000000| Untracked 
| 137|0x0000000751200000, 0x0000000751200000, 0x0000000751400000|  0%| F|  |TAMS 0x0000000751200000| PB 0x0000000751200000| Untracked 
| 138|0x0000000751400000, 0x0000000751400000, 0x0000000751600000|  0%| F|  |TAMS 0x0000000751400000| PB 0x0000000751400000| Untracked 
| 139|0x0000000751600000, 0x0000000751600000, 0x0000000751800000|  0%| F|  |TAMS 0x0000000751600000| PB 0x0000000751600000| Untracked 
| 140|0x0000000751800000, 0x0000000751800000, 0x0000000751a00000|  0%| F|  |TAMS 0x0000000751800000| PB 0x0000000751800000| Untracked 
| 141|0x0000000751a00000, 0x0000000751a00000, 0x0000000751c00000|  0%| F|  |TAMS 0x0000000751a00000| PB 0x0000000751a00000| Untracked 
| 142|0x0000000751c00000, 0x0000000751c00000, 0x0000000751e00000|  0%| F|  |TAMS 0x0000000751c00000| PB 0x0000000751c00000| Untracked 
| 143|0x0000000751e00000, 0x0000000751e00000, 0x0000000752000000|  0%| F|  |TAMS 0x0000000751e00000| PB 0x0000000751e00000| Untracked 
| 144|0x0000000752000000, 0x0000000752000000, 0x0000000752200000|  0%| F|  |TAMS 0x0000000752000000| PB 0x0000000752000000| Untracked 
| 145|0x0000000752200000, 0x0000000752200000, 0x0000000752400000|  0%| F|  |TAMS 0x0000000752200000| PB 0x0000000752200000| Untracked 
| 146|0x0000000752400000, 0x0000000752400000, 0x0000000752600000|  0%| F|  |TAMS 0x0000000752400000| PB 0x0000000752400000| Untracked 
| 147|0x0000000752600000, 0x0000000752600000, 0x0000000752800000|  0%| F|  |TAMS 0x0000000752600000| PB 0x0000000752600000| Untracked 
| 148|0x0000000752800000, 0x0000000752800000, 0x0000000752a00000|  0%| F|  |TAMS 0x0000000752800000| PB 0x0000000752800000| Untracked 
| 149|0x0000000752a00000, 0x0000000752a00000, 0x0000000752c00000|  0%| F|  |TAMS 0x0000000752a00000| PB 0x0000000752a00000| Untracked 
| 150|0x0000000752c00000, 0x0000000752c00000, 0x0000000752e00000|  0%| F|  |TAMS 0x0000000752c00000| PB 0x0000000752c00000| Untracked 
| 151|0x0000000752e00000, 0x0000000752e00000, 0x0000000753000000|  0%| F|  |TAMS 0x0000000752e00000| PB 0x0000000752e00000| Untracked 
| 152|0x0000000753000000, 0x0000000753000000, 0x0000000753200000|  0%| F|  |TAMS 0x0000000753000000| PB 0x0000000753000000| Untracked 
| 153|0x0000000753200000, 0x0000000753200000, 0x0000000753400000|  0%| F|  |TAMS 0x0000000753200000| PB 0x0000000753200000| Untracked 
| 154|0x0000000753400000, 0x0000000753400000, 0x0000000753600000|  0%| F|  |TAMS 0x0000000753400000| PB 0x0000000753400000| Untracked 
| 155|0x0000000753600000, 0x0000000753600000, 0x0000000753800000|  0%| F|  |TAMS 0x0000000753600000| PB 0x0000000753600000| Untracked 
| 156|0x0000000753800000, 0x0000000753800000, 0x0000000753a00000|  0%| F|  |TAMS 0x0000000753800000| PB 0x0000000753800000| Untracked 
| 157|0x0000000753a00000, 0x0000000753a00000, 0x0000000753c00000|  0%| F|  |TAMS 0x0000000753a00000| PB 0x0000000753a00000| Untracked 
| 158|0x0000000753c00000, 0x0000000753c00000, 0x0000000753e00000|  0%| F|  |TAMS 0x0000000753c00000| PB 0x0000000753c00000| Untracked 
| 159|0x0000000753e00000, 0x0000000753e00000, 0x0000000754000000|  0%| F|  |TAMS 0x0000000753e00000| PB 0x0000000753e00000| Untracked 
| 160|0x0000000754000000, 0x0000000754000000, 0x0000000754200000|  0%| F|  |TAMS 0x0000000754000000| PB 0x0000000754000000| Untracked 
| 161|0x0000000754200000, 0x0000000754200000, 0x0000000754400000|  0%| F|  |TAMS 0x0000000754200000| PB 0x0000000754200000| Untracked 
| 162|0x0000000754400000, 0x0000000754400000, 0x0000000754600000|  0%| F|  |TAMS 0x0000000754400000| PB 0x0000000754400000| Untracked 
| 163|0x0000000754600000, 0x0000000754600000, 0x0000000754800000|  0%| F|  |TAMS 0x0000000754600000| PB 0x0000000754600000| Untracked 
| 164|0x0000000754800000, 0x0000000754800000, 0x0000000754a00000|  0%| F|  |TAMS 0x0000000754800000| PB 0x0000000754800000| Untracked 
| 165|0x0000000754a00000, 0x0000000754a00000, 0x0000000754c00000|  0%| F|  |TAMS 0x0000000754a00000| PB 0x0000000754a00000| Untracked 
| 166|0x0000000754c00000, 0x0000000754c00000, 0x0000000754e00000|  0%| F|  |TAMS 0x0000000754c00000| PB 0x0000000754c00000| Untracked 
| 167|0x0000000754e00000, 0x0000000754e00000, 0x0000000755000000|  0%| F|  |TAMS 0x0000000754e00000| PB 0x0000000754e00000| Untracked 
| 168|0x0000000755000000, 0x0000000755000000, 0x0000000755200000|  0%| F|  |TAMS 0x0000000755000000| PB 0x0000000755000000| Untracked 
| 169|0x0000000755200000, 0x0000000755200000, 0x0000000755400000|  0%| F|  |TAMS 0x0000000755200000| PB 0x0000000755200000| Untracked 
| 170|0x0000000755400000, 0x0000000755400000, 0x0000000755600000|  0%| F|  |TAMS 0x0000000755400000| PB 0x0000000755400000| Untracked 
| 171|0x0000000755600000, 0x0000000755600000, 0x0000000755800000|  0%| F|  |TAMS 0x0000000755600000| PB 0x0000000755600000| Untracked 
| 172|0x0000000755800000, 0x0000000755800000, 0x0000000755a00000|  0%| F|  |TAMS 0x0000000755800000| PB 0x0000000755800000| Untracked 
| 173|0x0000000755a00000, 0x0000000755a00000, 0x0000000755c00000|  0%| F|  |TAMS 0x0000000755a00000| PB 0x0000000755a00000| Untracked 
| 174|0x0000000755c00000, 0x0000000755c00000, 0x0000000755e00000|  0%| F|  |TAMS 0x0000000755c00000| PB 0x0000000755c00000| Untracked 
| 175|0x0000000755e00000, 0x0000000755e00000, 0x0000000756000000|  0%| F|  |TAMS 0x0000000755e00000| PB 0x0000000755e00000| Untracked 
| 176|0x0000000756000000, 0x0000000756000000, 0x0000000756200000|  0%| F|  |TAMS 0x0000000756000000| PB 0x0000000756000000| Untracked 
| 177|0x0000000756200000, 0x0000000756200000, 0x0000000756400000|  0%| F|  |TAMS 0x0000000756200000| PB 0x0000000756200000| Untracked 
| 178|0x0000000756400000, 0x0000000756400000, 0x0000000756600000|  0%| F|  |TAMS 0x0000000756400000| PB 0x0000000756400000| Untracked 
| 179|0x0000000756600000, 0x0000000756600000, 0x0000000756800000|  0%| F|  |TAMS 0x0000000756600000| PB 0x0000000756600000| Untracked 
| 180|0x0000000756800000, 0x0000000756800000, 0x0000000756a00000|  0%| F|  |TAMS 0x0000000756800000| PB 0x0000000756800000| Untracked 
| 181|0x0000000756a00000, 0x0000000756a00000, 0x0000000756c00000|  0%| F|  |TAMS 0x0000000756a00000| PB 0x0000000756a00000| Untracked 
| 182|0x0000000756c00000, 0x0000000756c00000, 0x0000000756e00000|  0%| F|  |TAMS 0x0000000756c00000| PB 0x0000000756c00000| Untracked 
| 183|0x0000000756e00000, 0x0000000756e00000, 0x0000000757000000|  0%| F|  |TAMS 0x0000000756e00000| PB 0x0000000756e00000| Untracked 
| 184|0x0000000757000000, 0x0000000757000000, 0x0000000757200000|  0%| F|  |TAMS 0x0000000757000000| PB 0x0000000757000000| Untracked 
| 185|0x0000000757200000, 0x0000000757200000, 0x0000000757400000|  0%| F|  |TAMS 0x0000000757200000| PB 0x0000000757200000| Untracked 
| 186|0x0000000757400000, 0x0000000757400000, 0x0000000757600000|  0%| F|  |TAMS 0x0000000757400000| PB 0x0000000757400000| Untracked 
| 187|0x0000000757600000, 0x0000000757600000, 0x0000000757800000|  0%| F|  |TAMS 0x0000000757600000| PB 0x0000000757600000| Untracked 
| 188|0x0000000757800000, 0x0000000757800000, 0x0000000757a00000|  0%| F|  |TAMS 0x0000000757800000| PB 0x0000000757800000| Untracked 
| 189|0x0000000757a00000, 0x0000000757a00000, 0x0000000757c00000|  0%| F|  |TAMS 0x0000000757a00000| PB 0x0000000757a00000| Untracked 
| 190|0x0000000757c00000, 0x0000000757c00000, 0x0000000757e00000|  0%| F|  |TAMS 0x0000000757c00000| PB 0x0000000757c00000| Untracked 
| 191|0x0000000757e00000, 0x0000000757e00000, 0x0000000758000000|  0%| F|  |TAMS 0x0000000757e00000| PB 0x0000000757e00000| Untracked 
| 192|0x0000000758000000, 0x0000000758000000, 0x0000000758200000|  0%| F|  |TAMS 0x0000000758000000| PB 0x0000000758000000| Untracked 
| 193|0x0000000758200000, 0x0000000758200000, 0x0000000758400000|  0%| F|  |TAMS 0x0000000758200000| PB 0x0000000758200000| Untracked 
| 194|0x0000000758400000, 0x0000000758400000, 0x0000000758600000|  0%| F|  |TAMS 0x0000000758400000| PB 0x0000000758400000| Untracked 
| 195|0x0000000758600000, 0x0000000758600000, 0x0000000758800000|  0%| F|  |TAMS 0x0000000758600000| PB 0x0000000758600000| Untracked 
| 196|0x0000000758800000, 0x0000000758800000, 0x0000000758a00000|  0%| F|  |TAMS 0x0000000758800000| PB 0x0000000758800000| Untracked 
| 197|0x0000000758a00000, 0x0000000758a00000, 0x0000000758c00000|  0%| F|  |TAMS 0x0000000758a00000| PB 0x0000000758a00000| Untracked 
| 198|0x0000000758c00000, 0x0000000758d109e0, 0x0000000758e00000| 53%| S|CS|TAMS 0x0000000758c00000| PB 0x0000000758c00000| Complete 
| 199|0x0000000758e00000, 0x0000000758e00000, 0x0000000759000000|  0%| F|  |TAMS 0x0000000758e00000| PB 0x0000000758e00000| Untracked 
| 200|0x0000000759000000, 0x0000000759200000, 0x0000000759200000|100%| S|CS|TAMS 0x0000000759000000| PB 0x0000000759000000| Complete 
| 201|0x0000000759200000, 0x0000000759200000, 0x0000000759400000|  0%| F|  |TAMS 0x0000000759200000| PB 0x0000000759200000| Untracked 
| 202|0x0000000759400000, 0x0000000759400000, 0x0000000759600000|  0%| F|  |TAMS 0x0000000759400000| PB 0x0000000759400000| Untracked 
| 203|0x0000000759600000, 0x0000000759600000, 0x0000000759800000|  0%| F|  |TAMS 0x0000000759600000| PB 0x0000000759600000| Untracked 
| 204|0x0000000759800000, 0x0000000759800000, 0x0000000759a00000|  0%| F|  |TAMS 0x0000000759800000| PB 0x0000000759800000| Untracked 
| 205|0x0000000759a00000, 0x0000000759a00000, 0x0000000759c00000|  0%| F|  |TAMS 0x0000000759a00000| PB 0x0000000759a00000| Untracked 
| 206|0x0000000759c00000, 0x0000000759c00000, 0x0000000759e00000|  0%| F|  |TAMS 0x0000000759c00000| PB 0x0000000759c00000| Untracked 
| 207|0x0000000759e00000, 0x0000000759e00000, 0x000000075a000000|  0%| F|  |TAMS 0x0000000759e00000| PB 0x0000000759e00000| Untracked 
|1534|0x00000007ffc00000, 0x00000007ffc00000, 0x00000007ffe00000|  0%| F|  |TAMS 0x00000007ffc00000| PB 0x00000007ffc00000| Untracked 
|1535|0x00000007ffe00000, 0x00000007ffe00000, 0x0000000800000000|  0%| F|  |TAMS 0x00000007ffe00000| PB 0x00000007ffe00000| Untracked 

Card table byte_map: [0x00000202a1a20000,0x00000202a2020000] _byte_map_base: 0x000002029e020000

Marking Bits: (CMBitMap*) 0x0000020289d420d0
 Bits: [0x00000202a2020000, 0x00000202a5020000)

Polling page: 0x0000020287ce0000

Metaspace:

Usage:
  Non-class:    130.92 MB used.
      Class:     19.51 MB used.
       Both:    150.44 MB used.

Virtual space:
  Non-class space:      192.00 MB reserved,     131.81 MB ( 69%) committed,  3 nodes.
      Class space:        1.00 GB reserved,      20.44 MB (  2%) committed,  1 nodes.
             Both:        1.19 GB reserved,     152.25 MB ( 13%) committed. 

Chunk freelists:
   Non-Class:  11.39 MB
       Class:  11.61 MB
        Both:  23.00 MB

MaxMetaspaceSize: unlimited
CompressedClassSpaceSize: 1.00 GB
Initial GC threshold: 21.00 MB
Current GC threshold: 245.44 MB
CDS: on
 - commit_granule_bytes: 65536.
 - commit_granule_words: 8192.
 - virtual_space_node_default_size: 8388608.
 - enlarge_chunks_in_place: 1.
 - use_allocation_guard: 0.


Internal statistics:

num_allocs_failed_limit: 6.
num_arena_births: 6460.
num_arena_deaths: 3410.
num_vsnodes_births: 4.
num_vsnodes_deaths: 0.
num_space_committed: 2435.
num_space_uncommitted: 1.
num_chunks_returned_to_freelist: 4301.
num_chunks_taken_from_freelist: 15714.
num_chunk_merges: 1418.
num_chunk_splits: 8607.
num_chunks_enlarged: 4985.
num_inconsistent_stats: 0.

CodeHeap 'non-profiled nmethods': size=120000Kb used=10680Kb max_used=18821Kb free=109319Kb
 bounds [0x0000020299ef0000, 0x000002029b160000, 0x00000202a1420000]
CodeHeap 'profiled nmethods': size=120000Kb used=22797Kb max_used=37190Kb free=97202Kb
 bounds [0x0000020292420000, 0x00000202948f0000, 0x0000020299950000]
CodeHeap 'non-nmethods': size=5760Kb used=2175Kb max_used=2214Kb free=3584Kb
 bounds [0x0000020299950000, 0x0000020299bc0000, 0x0000020299ef0000]
CodeCache: size=245760Kb, used=35652Kb, max_used=58225Kb, free=210105Kb
 total_blobs=12882, nmethods=11875, adapters=909, full_count=0
Compilation: enabled, stopped_count=0, restarted_count=0

Compilation events (20 events):
Event: 11071.752 Thread 0x00000202a74aff70 nmethod 31010 0x000002029a6e6110 code [0x000002029a6e62a0, 0x000002029a6e6368]
Event: 11071.752 Thread 0x00000202a74aff70 31003       2       kotlin.reflect.jvm.internal.impl.metadata.ProtoBuf$Function::getAnnotationCount (10 bytes)
Event: 11071.753 Thread 0x00000202a74aff70 nmethod 31003 0x0000020293e2e090 code [0x0000020293e2e240, 0x0000020293e2e378]
Event: 11071.753 Thread 0x00000202a74aff70 31004       2       kotlin.reflect.jvm.internal.impl.metadata.ProtoBuf$Function::getExtensionReceiverAnnotationCount (10 bytes)
Event: 11071.754 Thread 0x00000202a74aff70 nmethod 31004 0x0000020293e78010 code [0x0000020293e781c0, 0x0000020293e782f8]
Event: 11071.763 Thread 0x00000202a74aff70 31011       2       kotlin.reflect.jvm.internal.impl.metadata.jvm.JvmProtoBuf$JvmMethodSignature::newBuilder (4 bytes)
Event: 11071.764 Thread 0x00000202a74aff70 nmethod 31011 0x000002029322cf10 code [0x000002029322d0c0, 0x000002029322d278]
Event: 11071.764 Thread 0x00000202a74aff70 31016       2       kotlin.reflect.jvm.internal.impl.metadata.jvm.JvmProtoBuf$JvmMethodSignature$Builder::mergeFrom (59 bytes)
Event: 11071.765 Thread 0x00000202a74aff70 nmethod 31016 0x0000020292b07310 code [0x0000020292b074c0, 0x0000020292b07718]
Event: 11071.765 Thread 0x00000202a74aff70 31012       2       kotlin.reflect.jvm.internal.impl.metadata.jvm.JvmProtoBuf$JvmMethodSignature$Builder::access$1800 (4 bytes)
Event: 11071.765 Thread 0x00000202a74aff70 nmethod 31012 0x000002029325bd90 code [0x000002029325bf40, 0x000002029325c0f0]
Event: 11071.765 Thread 0x00000202a74aff70 31013       2       kotlin.reflect.jvm.internal.impl.metadata.jvm.JvmProtoBuf$JvmMethodSignature$Builder::create (8 bytes)
Event: 11071.765 Thread 0x00000202a74aff70 nmethod 31013 0x0000020293326490 code [0x0000020293326640, 0x00000202933267f0]
Event: 11071.766 Thread 0x00000202a74aff70 31014       2       kotlin.reflect.jvm.internal.impl.metadata.jvm.JvmProtoBuf$JvmMethodSignature$Builder::<init> (9 bytes)
Event: 11071.766 Thread 0x00000202a74aff70 nmethod 31014 0x0000020293e92410 code [0x0000020293e925c0, 0x0000020293e92728]
Event: 11071.766 Thread 0x00000202a74aff70 31015       2       kotlin.reflect.jvm.internal.impl.metadata.jvm.JvmProtoBuf$JvmMethodSignature$Builder::maybeForceBuilderInitialization (1 bytes)
Event: 11071.766 Thread 0x00000202a74aff70 nmethod 31015 0x0000020292d23210 code [0x0000020292d233a0, 0x0000020292d234a8]
Event: 11071.770 Thread 0x00000202a74aff70 31017       2       kotlin.reflect.jvm.internal.impl.metadata.jvm.JvmProtoBuf$JvmMethodSignature::access$2002 (7 bytes)
Event: 11071.771 Thread 0x00000202a74aff70 nmethod 31017 0x0000020293ece410 code [0x0000020293ece5a0, 0x0000020293ece690]
Event: 11071.771 Thread 0x00000202a74aff70 31020       2       kotlin.reflect.jvm.internal.impl.protobuf.FieldSet::isInitialized (133 bytes)

GC Heap History (20 events):
Event: 10114.832 GC heap after
{Heap after GC invocations=96 (full 1):
 garbage-first heap   total 430080K, used 126534K [0x0000000740000000, 0x0000000800000000)
  region size 2048K, 2 young (4096K), 2 survivors (4096K)
 Metaspace       used 144812K, committed 146816K, reserved 1179648K
  class space    used 18903K, committed 19968K, reserved 1048576K
}
Event: 10990.006 GC heap before
{Heap before GC invocations=97 (full 1):
 garbage-first heap   total 430080K, used 177734K [0x0000000740000000, 0x0000000800000000)
  region size 2048K, 28 young (57344K), 2 survivors (4096K)
 Metaspace       used 145698K, committed 147840K, reserved 1179648K
  class space    used 19033K, committed 20160K, reserved 1048576K
}
Event: 10990.404 GC heap after
{Heap after GC invocations=98 (full 1):
 garbage-first heap   total 430080K, used 129800K [0x0000000740000000, 0x0000000800000000)
  region size 2048K, 3 young (6144K), 3 survivors (6144K)
 Metaspace       used 145698K, committed 147840K, reserved 1179648K
  class space    used 19033K, committed 20160K, reserved 1048576K
}
Event: 10997.087 GC heap before
{Heap before GC invocations=98 (full 1):
 garbage-first heap   total 430080K, used 144136K [0x0000000740000000, 0x0000000800000000)
  region size 2048K, 10 young (20480K), 3 survivors (6144K)
 Metaspace       used 145715K, committed 147840K, reserved 1179648K
  class space    used 19035K, committed 20160K, reserved 1048576K
}
Event: 10997.154 GC heap after
{Heap after GC invocations=99 (full 1):
 garbage-first heap   total 430080K, used 129381K [0x0000000740000000, 0x0000000800000000)
  region size 2048K, 1 young (2048K), 1 survivors (2048K)
 Metaspace       used 145715K, committed 147840K, reserved 1179648K
  class space    used 19035K, committed 20160K, reserved 1048576K
}
Event: 11028.822 GC heap before
{Heap before GC invocations=99 (full 1):
 garbage-first heap   total 430080K, used 145765K [0x0000000740000000, 0x0000000800000000)
  region size 2048K, 10 young (20480K), 1 survivors (2048K)
 Metaspace       used 145963K, committed 148096K, reserved 1179648K
  class space    used 19035K, committed 20160K, reserved 1048576K
}
Event: 11029.517 GC heap after
{Heap after GC invocations=100 (full 1):
 garbage-first heap   total 430080K, used 129403K [0x0000000740000000, 0x0000000800000000)
  region size 2048K, 2 young (4096K), 2 survivors (4096K)
 Metaspace       used 145963K, committed 148096K, reserved 1179648K
  class space    used 19035K, committed 20160K, reserved 1048576K
}
Event: 11059.472 GC heap before
{Heap before GC invocations=100 (full 1):
 garbage-first heap   total 430080K, used 145787K [0x0000000740000000, 0x0000000800000000)
  region size 2048K, 10 young (20480K), 2 survivors (4096K)
 Metaspace       used 146187K, committed 148288K, reserved 1179648K
  class space    used 19057K, committed 20160K, reserved 1048576K
}
Event: 11059.496 GC heap after
{Heap after GC invocations=101 (full 1):
 garbage-first heap   total 430080K, used 128285K [0x0000000740000000, 0x0000000800000000)
  region size 2048K, 1 young (2048K), 1 survivors (2048K)
 Metaspace       used 146187K, committed 148288K, reserved 1179648K
  class space    used 19057K, committed 20160K, reserved 1048576K
}
Event: 11062.095 GC heap before
{Heap before GC invocations=101 (full 1):
 garbage-first heap   total 430080K, used 146717K [0x0000000740000000, 0x0000000800000000)
  region size 2048K, 10 young (20480K), 1 survivors (2048K)
 Metaspace       used 147612K, committed 149696K, reserved 1179648K
  class space    used 19227K, committed 20352K, reserved 1048576K
}
Event: 11062.147 GC heap after
{Heap after GC invocations=102 (full 1):
 garbage-first heap   total 430080K, used 128577K [0x0000000740000000, 0x0000000800000000)
  region size 2048K, 1 young (2048K), 1 survivors (2048K)
 Metaspace       used 147612K, committed 149696K, reserved 1179648K
  class space    used 19227K, committed 20352K, reserved 1048576K
}
Event: 11065.826 GC heap before
{Heap before GC invocations=103 (full 1):
 garbage-first heap   total 430080K, used 147009K [0x0000000740000000, 0x0000000800000000)
  region size 2048K, 10 young (20480K), 1 survivors (2048K)
 Metaspace       used 147730K, committed 150912K, reserved 1245184K
  class space    used 19189K, committed 20480K, reserved 1048576K
}
Event: 11065.833 GC heap after
{Heap after GC invocations=104 (full 1):
 garbage-first heap   total 430080K, used 128968K [0x0000000740000000, 0x0000000800000000)
  region size 2048K, 1 young (2048K), 1 survivors (2048K)
 Metaspace       used 147730K, committed 150912K, reserved 1245184K
  class space    used 19189K, committed 20480K, reserved 1048576K
}
Event: 11066.977 GC heap before
{Heap before GC invocations=104 (full 1):
 garbage-first heap   total 430080K, used 145352K [0x0000000740000000, 0x0000000800000000)
  region size 2048K, 10 young (20480K), 1 survivors (2048K)
 Metaspace       used 149819K, committed 152064K, reserved 1245184K
  class space    used 19399K, committed 20480K, reserved 1048576K
}
Event: 11066.984 GC heap after
{Heap after GC invocations=105 (full 1):
 garbage-first heap   total 430080K, used 127076K [0x0000000740000000, 0x0000000800000000)
  region size 2048K, 1 young (2048K), 1 survivors (2048K)
 Metaspace       used 149819K, committed 152064K, reserved 1245184K
  class space    used 19399K, committed 20480K, reserved 1048576K
}
Event: 11067.908 GC heap before
{Heap before GC invocations=105 (full 1):
 garbage-first heap   total 430080K, used 145508K [0x0000000740000000, 0x0000000800000000)
  region size 2048K, 10 young (20480K), 1 survivors (2048K)
 Metaspace       used 151778K, committed 153728K, reserved 1245184K
  class space    used 19592K, committed 20608K, reserved 1048576K
}
Event: 11067.918 GC heap after
{Heap after GC invocations=106 (full 1):
 garbage-first heap   total 430080K, used 125971K [0x0000000740000000, 0x0000000800000000)
  region size 2048K, 2 young (4096K), 2 survivors (4096K)
 Metaspace       used 151778K, committed 153728K, reserved 1245184K
  class space    used 19592K, committed 20608K, reserved 1048576K
}
Event: 11069.209 GC heap before
{Heap before GC invocations=106 (full 1):
 garbage-first heap   total 430080K, used 140307K [0x0000000740000000, 0x0000000800000000)
  region size 2048K, 10 young (20480K), 2 survivors (4096K)
 Metaspace       used 153064K, committed 154880K, reserved 1245184K
  class space    used 19831K, committed 20736K, reserved 1048576K
}
Event: 11069.221 GC heap after
{Heap after GC invocations=107 (full 1):
 garbage-first heap   total 430080K, used 124576K [0x0000000740000000, 0x0000000800000000)
  region size 2048K, 2 young (4096K), 2 survivors (4096K)
 Metaspace       used 153064K, committed 154880K, reserved 1245184K
  class space    used 19831K, committed 20736K, reserved 1048576K
}
Event: 11071.772 GC heap before
{Heap before GC invocations=107 (full 1):
 garbage-first heap   total 430080K, used 140960K [0x0000000740000000, 0x0000000800000000)
  region size 2048K, 10 young (20480K), 2 survivors (4096K)
 Metaspace       used 154046K, committed 155904K, reserved 1245184K
  class space    used 19979K, committed 20928K, reserved 1048576K
}

Dll operation events (16 events):
Event: 0.050 Loaded shared library C:\Users\isaac\.gradle\jdks\amazon_com_inc_-21-amd64-windows.2\bin\java.dll
Event: 0.201 Loaded shared library C:\Users\isaac\.gradle\jdks\amazon_com_inc_-21-amd64-windows.2\bin\jsvml.dll
Event: 0.357 Loaded shared library C:\Users\isaac\.gradle\jdks\amazon_com_inc_-21-amd64-windows.2\bin\zip.dll
Event: 0.372 Loaded shared library C:\Users\isaac\.gradle\jdks\amazon_com_inc_-21-amd64-windows.2\bin\instrument.dll
Event: 0.391 Loaded shared library C:\Users\isaac\.gradle\jdks\amazon_com_inc_-21-amd64-windows.2\bin\net.dll
Event: 0.407 Loaded shared library C:\Users\isaac\.gradle\jdks\amazon_com_inc_-21-amd64-windows.2\bin\nio.dll
Event: 0.419 Loaded shared library C:\Users\isaac\.gradle\jdks\amazon_com_inc_-21-amd64-windows.2\bin\zip.dll
Event: 1.571 Loaded shared library C:\Users\isaac\.gradle\jdks\amazon_com_inc_-21-amd64-windows.2\bin\jimage.dll
Event: 2.886 Loaded shared library C:\Users\isaac\.gradle\jdks\amazon_com_inc_-21-amd64-windows.2\bin\verify.dll
Event: 3.018 Loaded shared library C:\Users\isaac\.gradle\native\660c5614fbf4a5f2a75b1949f50a0caf5cd603558e7d8a26e50b933a0cfb79d1\windows-amd64\native-platform.dll
Event: 3.081 Loaded shared library C:\Users\isaac\.gradle\native\0.2.8\x86_64-windows-gnu\gradle-fileevents.dll
Event: 11.405 Loaded shared library C:\Users\isaac\.gradle\jdks\amazon_com_inc_-21-amd64-windows.2\bin\management.dll
Event: 11.733 Loaded shared library C:\Users\isaac\.gradle\jdks\amazon_com_inc_-21-amd64-windows.2\bin\management_ext.dll
Event: 12.921 Loaded shared library C:\Users\isaac\.gradle\jdks\amazon_com_inc_-21-amd64-windows.2\bin\extnet.dll
Event: 13.759 Loaded shared library C:\Users\isaac\.gradle\jdks\amazon_com_inc_-21-amd64-windows.2\bin\sunmscapi.dll
Event: 84.897 Loaded shared library C:\Users\isaac\.gradle\jdks\amazon_com_inc_-21-amd64-windows.2\bin\rmi.dll

Deoptimization events (20 events):
Event: 11069.391 Thread 0x00000202f0384840 Uncommon trap: trap_request=0xffffffde fr.pc=0x000002029adb2988 relative=0x0000000000001308
Event: 11069.391 Thread 0x00000202f0384840 Uncommon trap: reason=class_check action=maybe_recompile pc=0x000002029adb2988 method=org.gradle.api.internal.provider.ValidatingMapEntryCollector.add(Ljava/lang/Object;Ljava/lang/Object;Ljava/util/Map;)V @ 44 c2
Event: 11069.392 Thread 0x00000202f0384840 DEOPT PACKING pc=0x000002029adb2988 sp=0x000000ad98df63f0
Event: 11069.393 Thread 0x00000202f0384840 DEOPT UNPACKING pc=0x00000202999a4422 sp=0x000000ad98df63e8 mode 2
Event: 11069.721 Thread 0x00000202f0384840 Uncommon trap: trap_request=0xffffffde fr.pc=0x000002029adb2988 relative=0x0000000000001308
Event: 11069.721 Thread 0x00000202f0384840 Uncommon trap: reason=class_check action=maybe_recompile pc=0x000002029adb2988 method=org.gradle.api.internal.provider.ValidatingMapEntryCollector.add(Ljava/lang/Object;Ljava/lang/Object;Ljava/util/Map;)V @ 44 c2
Event: 11069.721 Thread 0x00000202f0384840 DEOPT PACKING pc=0x000002029adb2988 sp=0x000000ad98df64a0
Event: 11069.721 Thread 0x00000202f0384840 DEOPT UNPACKING pc=0x00000202999a4422 sp=0x000000ad98df6498 mode 2
Event: 11069.721 Thread 0x00000202f0384840 Uncommon trap: trap_request=0xffffffde fr.pc=0x000002029adb2988 relative=0x0000000000001308
Event: 11069.721 Thread 0x00000202f0384840 Uncommon trap: reason=class_check action=maybe_recompile pc=0x000002029adb2988 method=org.gradle.api.internal.provider.ValidatingMapEntryCollector.add(Ljava/lang/Object;Ljava/lang/Object;Ljava/util/Map;)V @ 44 c2
Event: 11069.722 Thread 0x00000202f0384840 DEOPT PACKING pc=0x000002029adb2988 sp=0x000000ad98df64a0
Event: 11069.722 Thread 0x00000202f0384840 DEOPT UNPACKING pc=0x00000202999a4422 sp=0x000000ad98df6498 mode 2
Event: 11069.722 Thread 0x00000202f0384840 Uncommon trap: trap_request=0xffffffde fr.pc=0x000002029adb2988 relative=0x0000000000001308
Event: 11069.722 Thread 0x00000202f0384840 Uncommon trap: reason=class_check action=maybe_recompile pc=0x000002029adb2988 method=org.gradle.api.internal.provider.ValidatingMapEntryCollector.add(Ljava/lang/Object;Ljava/lang/Object;Ljava/util/Map;)V @ 44 c2
Event: 11069.722 Thread 0x00000202f0384840 DEOPT PACKING pc=0x000002029adb2988 sp=0x000000ad98df64a0
Event: 11069.722 Thread 0x00000202f0384840 DEOPT UNPACKING pc=0x00000202999a4422 sp=0x000000ad98df6498 mode 2
Event: 11070.864 Thread 0x00000202f0384840 Uncommon trap: trap_request=0xffffff45 fr.pc=0x000002029a485360 relative=0x0000000000000220
Event: 11070.864 Thread 0x00000202f0384840 Uncommon trap: reason=unstable_if action=reinterpret pc=0x000002029a485360 method=java.util.concurrent.atomic.AtomicReferenceFieldUpdater$AtomicReferenceFieldUpdaterImpl.valueCheck(Ljava/lang/Object;)V @ 1 c2
Event: 11070.864 Thread 0x00000202f0384840 DEOPT PACKING pc=0x000002029a485360 sp=0x000000ad98df6220
Event: 11070.892 Thread 0x00000202f0384840 DEOPT UNPACKING pc=0x00000202999a4422 sp=0x000000ad98df6108 mode 2

Classes loaded (20 events):
Event: 10116.468 Loading class java/util/AbstractCollectionCustomizer
Event: 10116.468 Loading class java/util/AbstractCollectionCustomizer done
Event: 10116.778 Loading class java/time/Ser
Event: 10116.782 Loading class java/time/Ser done
Event: 10117.170 Loading class java/lang/Throwable$PrintStreamOrWriter
Event: 10117.170 Loading class java/lang/Throwable$PrintStreamOrWriter done
Event: 10117.233 Loading class java/util/Collections$EmptyListIterator
Event: 10117.237 Loading class java/util/Collections$EmptyListIterator done
Event: 10117.562 Loading class java/nio/file/attribute/DosFileAttributeView
Event: 10117.566 Loading class java/nio/file/attribute/DosFileAttributeView done
Event: 10117.567 Loading class sun/nio/fs/WindowsFileAttributeViews$Dos
Event: 10117.568 Loading class sun/nio/fs/WindowsFileAttributeViews$Dos done
Event: 10117.959 Loading class java/net/UrlDeserializedState
Event: 10117.960 Loading class java/net/UrlDeserializedState done
Event: 10117.972 Loading class java/io/PrintWriter$1
Event: 10117.972 Loading class jdk/internal/access/JavaIOPrintWriterAccess
Event: 10117.973 Loading class jdk/internal/access/JavaIOPrintWriterAccess done
Event: 10117.973 Loading class java/io/PrintWriter$1 done
Event: 10117.974 Loading class java/lang/Throwable$WrappedPrintWriter
Event: 10117.974 Loading class java/lang/Throwable$WrappedPrintWriter done

Classes unloaded (20 events):
Event: 11063.661 Thread 0x00000202a747b0b0 Unloading class 0x00000202a9681000 'java/lang/invoke/LambdaForm$MH+0x00000202a9681000'
Event: 11063.661 Thread 0x00000202a747b0b0 Unloading class 0x00000202a9680400 'java/lang/invoke/LambdaForm$MH+0x00000202a9680400'
Event: 11063.661 Thread 0x00000202a747b0b0 Unloading class 0x00000202a967dc00 'jdk/internal/reflect/GeneratedSerializationConstructorAccessor44'
Event: 11063.661 Thread 0x00000202a747b0b0 Unloading class 0x00000202a9672800 'jdk/internal/reflect/GeneratedSerializationConstructorAccessor43'
Event: 11063.661 Thread 0x00000202a747b0b0 Unloading class 0x00000202a9672400 'jdk/internal/reflect/GeneratedSerializationConstructorAccessor42'
Event: 11063.661 Thread 0x00000202a747b0b0 Unloading class 0x00000202a957ac00 'jdk/internal/reflect/GeneratedSerializationConstructorAccessor41'
Event: 11063.661 Thread 0x00000202a747b0b0 Unloading class 0x00000202a957a800 'jdk/internal/reflect/GeneratedSerializationConstructorAccessor40'
Event: 11063.661 Thread 0x00000202a747b0b0 Unloading class 0x00000202a957a400 'jdk/internal/reflect/GeneratedSerializationConstructorAccessor39'
Event: 11063.662 Thread 0x00000202a747b0b0 Unloading class 0x00000202a957a000 'jdk/internal/reflect/GeneratedSerializationConstructorAccessor38'
Event: 11063.662 Thread 0x00000202a747b0b0 Unloading class 0x00000202a9579800 'jdk/internal/reflect/GeneratedSerializationConstructorAccessor37'
Event: 11063.662 Thread 0x00000202a747b0b0 Unloading class 0x00000202a9578c00 'jdk/internal/reflect/GeneratedSerializationConstructorAccessor36'
Event: 11063.662 Thread 0x00000202a747b0b0 Unloading class 0x00000202a9578800 'jdk/internal/reflect/GeneratedSerializationConstructorAccessor35'
Event: 11063.663 Thread 0x00000202a747b0b0 Unloading class 0x00000202a9578400 'jdk/internal/reflect/GeneratedSerializationConstructorAccessor34'
Event: 11063.663 Thread 0x00000202a747b0b0 Unloading class 0x00000202a9578000 'jdk/internal/reflect/GeneratedSerializationConstructorAccessor33'
Event: 11063.663 Thread 0x00000202a747b0b0 Unloading class 0x00000202a9573c00 'jdk/internal/reflect/GeneratedSerializationConstructorAccessor32'
Event: 11063.663 Thread 0x00000202a747b0b0 Unloading class 0x00000202a9573800 'jdk/internal/reflect/GeneratedSerializationConstructorAccessor31'
Event: 11063.663 Thread 0x00000202a747b0b0 Unloading class 0x00000202a9573400 'jdk/internal/reflect/GeneratedSerializationConstructorAccessor30'
Event: 11063.663 Thread 0x00000202a747b0b0 Unloading class 0x00000202a9573000 'jdk/internal/reflect/GeneratedSerializationConstructorAccessor29'
Event: 11063.664 Thread 0x00000202a747b0b0 Unloading class 0x00000202a9572c00 'jdk/internal/reflect/GeneratedSerializationConstructorAccessor28'
Event: 11063.664 Thread 0x00000202a747b0b0 Unloading class 0x00000202a9567400 'jdk/internal/reflect/GeneratedSerializationConstructorAccessor27'

Classes redefined (0 events):
No events

Internal exceptions (20 events):
Event: 10991.905 Thread 0x00000202f0384840 Exception <a 'sun/nio/fs/WindowsException'{0x00000007ffea8868}> (0x00000007ffea8868) 
thrown [s\src\hotspot\share\prims\jni.cpp, line 520]
Event: 10991.934 Thread 0x00000202f0384840 Exception <a 'sun/nio/fs/WindowsException'{0x00000007ffea9d20}> (0x00000007ffea9d20) 
thrown [s\src\hotspot\share\prims\jni.cpp, line 520]
Event: 10991.946 Thread 0x00000202f0384840 Exception <a 'sun/nio/fs/WindowsException'{0x00000007ffeab1c8}> (0x00000007ffeab1c8) 
thrown [s\src\hotspot\share\prims\jni.cpp, line 520]
Event: 10991.962 Thread 0x00000202f0384840 Exception <a 'sun/nio/fs/WindowsException'{0x00000007ffeac650}> (0x00000007ffeac650) 
thrown [s\src\hotspot\share\prims\jni.cpp, line 520]
Event: 10996.033 Thread 0x00000202f0384840 Exception <a 'sun/nio/fs/WindowsException'{0x0000000759681a28}> (0x0000000759681a28) 
thrown [s\src\hotspot\share\prims\jni.cpp, line 520]
Event: 10996.039 Thread 0x00000202f0384840 Exception <a 'sun/nio/fs/WindowsException'{0x00000007596837f8}> (0x00000007596837f8) 
thrown [s\src\hotspot\share\prims\jni.cpp, line 520]
Event: 10996.048 Thread 0x00000202f0384840 Exception <a 'sun/nio/fs/WindowsException'{0x0000000759685b88}> (0x0000000759685b88) 
thrown [s\src\hotspot\share\prims\jni.cpp, line 520]
Event: 11058.706 Thread 0x00000202f0384840 Exception <a 'java/lang/ClassNotFoundException'{0x0000000759405ee8}: org/gradle/api/internal/plugins/DefaultObjectConfigurationActionBeanInfo> (0x0000000759405ee8) 
thrown [s\src\hotspot\share\classfile\systemDictionary.cpp, line 313]
Event: 11058.716 Thread 0x00000202f0384840 Exception <a 'java/lang/ClassNotFoundException'{0x000000075941ce38}: org/gradle/api/internal/plugins/DefaultObjectConfigurationActionCustomizer> (0x000000075941ce38) 
thrown [s\src\hotspot\share\classfile\systemDictionary.cpp, line 313]
Event: 11061.424 Thread 0x00000202f0384840 Implicit null exception at 0x000002029a05064e to 0x000002029a050990
Event: 11065.840 Thread 0x00000202f0384840 Implicit null exception at 0x000002029a895578 to 0x000002029a89654c
Event: 11069.777 Thread 0x00000202f0384840 Exception <a 'java/lang/NoSuchMethodError'{0x0000000759f50160}: static Lorg/jetbrains/kotlin/gradle/plugin/internal/DefaultProjectIsolationStartParameterAccessor$Factory;.<clinit>()V> (0x0000000759f50160) 
thrown [s\src\hotspot\share\prims\jni.cpp, line 1111]
Event: 11069.803 Thread 0x00000202f0384840 Exception <a 'java/lang/NoSuchMethodError'{0x0000000759f73d20}: static Lorg/jetbrains/kotlin/gradle/plugin/internal/DefaultJavaExecTaskParametersCompatibility$Factory;.<clinit>()V> (0x0000000759f73d20) 
thrown [s\src\hotspot\share\prims\jni.cpp, line 1111]
Event: 11069.812 Thread 0x00000202f0384840 Exception <a 'java/lang/NoSuchMethodError'{0x0000000759f956d8}: static Lorg/jetbrains/kotlin/gradle/plugin/internal/DefaultCopySpecAccessor$Factory;.<clinit>()V> (0x0000000759f956d8) 
thrown [s\src\hotspot\share\prims\jni.cpp, line 1111]
Event: 11069.823 Thread 0x00000202f0384840 Exception <a 'java/lang/NoSuchMethodError'{0x0000000759fb8c18}: static Lorg/jetbrains/kotlin/gradle/plugin/internal/DefaultProjectDependencyAccessor$Factory;.<clinit>()V> (0x0000000759fb8c18) 
thrown [s\src\hotspot\share\prims\jni.cpp, line 1111]
Event: 11069.849 Thread 0x00000202f0384840 Exception <a 'java/lang/NoSuchMethodError'{0x0000000759feae48}: static Lorg/jetbrains/kotlin/gradle/plugin/internal/DefaultMavenPublicationComponentAccessorFactory;.<clinit>()V> (0x0000000759feae48) 
thrown [s\src\hotspot\share\prims\jni.cpp, line 1111]
Event: 11069.864 Thread 0x00000202f0384840 Exception <a 'java/lang/NoSuchMethodError'{0x0000000759c0a178}: static Lorg/jetbrains/kotlin/gradle/plugin/diagnostics/DefaultProblemsReporter$Factory;.<clinit>()V> (0x0000000759c0a178) 
thrown [s\src\hotspot\share\prims\jni.cpp, line 1111]
Event: 11069.887 Thread 0x00000202f0384840 Exception <a 'java/lang/NoSuchMethodError'{0x0000000759c37b38}: static Lorg/jetbrains/kotlin/gradle/plugin/internal/DefaultCompatibilityConventionRegistrar$Factory;.<clinit>()V> (0x0000000759c37b38) 
thrown [s\src\hotspot\share\prims\jni.cpp, line 1111]
Event: 11069.896 Thread 0x00000202f0384840 Exception <a 'java/lang/NoSuchMethodError'{0x0000000759c59f60}: static Lorg/jetbrains/kotlin/gradle/plugin/internal/DefaultConfigurationCacheStartParameterAccessorVariantFactory;.<clinit>()V> (0x0000000759c59f60) 
thrown [s\src\hotspot\share\prims\jni.cpp, line 1111]
Event: 11069.902 Thread 0x00000202f0384840 Exception <a 'java/lang/NoSuchMethodError'{0x0000000759c7d610}: static Lorg/jetbrains/kotlin/gradle/plugin/internal/DefaultBuildIdentifierAccessor$Factory;.<clinit>()V> (0x0000000759c7d610) 
thrown [s\src\hotspot\share\prims\jni.cpp, line 1111]

ZGC Phase Switch (0 events):
No events

VM Operations (20 events):
Event: 11062.147 Executing safepoint VM operation: G1CollectForAllocation (G1 Evacuation Pause) done
Event: 11063.148 Executing safepoint VM operation: Cleanup
Event: 11063.150 Executing safepoint VM operation: Cleanup done
Event: 11063.570 Executing safepoint VM operation: G1PauseRemark
Event: 11064.895 Executing safepoint VM operation: G1PauseRemark done
Event: 11065.206 Executing safepoint VM operation: G1PauseCleanup
Event: 11065.207 Executing safepoint VM operation: G1PauseCleanup done
Event: 11065.826 Executing safepoint VM operation: G1CollectForAllocation (G1 Evacuation Pause)
Event: 11065.833 Executing safepoint VM operation: G1CollectForAllocation (G1 Evacuation Pause) done
Event: 11066.977 Executing safepoint VM operation: G1CollectForAllocation (G1 Evacuation Pause)
Event: 11066.984 Executing safepoint VM operation: G1CollectForAllocation (G1 Evacuation Pause) done
Event: 11067.601 Executing non-safepoint VM operation: HandshakeAllThreads (Deoptimize)
Event: 11067.601 Executing non-safepoint VM operation: HandshakeAllThreads (Deoptimize) done
Event: 11067.907 Executing safepoint VM operation: G1CollectForAllocation (G1 Evacuation Pause)
Event: 11067.918 Executing safepoint VM operation: G1CollectForAllocation (G1 Evacuation Pause) done
Event: 11069.209 Executing safepoint VM operation: G1CollectForAllocation (G1 Evacuation Pause)
Event: 11069.221 Executing safepoint VM operation: G1CollectForAllocation (G1 Evacuation Pause) done
Event: 11070.222 Executing safepoint VM operation: Cleanup
Event: 11070.222 Executing safepoint VM operation: Cleanup done
Event: 11071.772 Executing safepoint VM operation: G1CollectForAllocation (G1 Evacuation Pause)

Memory protections (0 events):
No events

Nmethod flushes (20 events):
Event: 11064.849 Thread 0x00000202a747b0b0 flushing  nmethod 0x00000202947e3290
Event: 11064.849 Thread 0x00000202a747b0b0 flushing  nmethod 0x00000202947e3b10
Event: 11064.849 Thread 0x00000202a747b0b0 flushing  nmethod 0x00000202947e3e10
Event: 11064.849 Thread 0x00000202a747b0b0 flushing  nmethod 0x0000020294801b90
Event: 11064.849 Thread 0x00000202a747b0b0 flushing  nmethod 0x0000020294804510
Event: 11064.849 Thread 0x00000202a747b0b0 flushing  nmethod 0x0000020294805a10
Event: 11064.849 Thread 0x00000202a747b0b0 flushing  nmethod 0x0000020294806210
Event: 11064.849 Thread 0x00000202a747b0b0 flushing  nmethod 0x0000020294806a10
Event: 11064.849 Thread 0x00000202a747b0b0 flushing  nmethod 0x0000020294806f10
Event: 11064.849 Thread 0x00000202a747b0b0 flushing  nmethod 0x0000020294807710
Event: 11064.849 Thread 0x00000202a747b0b0 flushing  nmethod 0x0000020294807b10
Event: 11064.849 Thread 0x00000202a747b0b0 flushing  nmethod 0x0000020294808610
Event: 11064.849 Thread 0x00000202a747b0b0 flushing  nmethod 0x0000020294809710
Event: 11064.849 Thread 0x00000202a747b0b0 flushing  nmethod 0x000002029480a310
Event: 11064.849 Thread 0x00000202a747b0b0 flushing  nmethod 0x000002029480aa10
Event: 11064.849 Thread 0x00000202a747b0b0 flushing  nmethod 0x000002029480c610
Event: 11064.849 Thread 0x00000202a747b0b0 flushing  nmethod 0x000002029480ca90
Event: 11064.849 Thread 0x00000202a747b0b0 flushing  nmethod 0x000002029480d810
Event: 11064.849 Thread 0x00000202a747b0b0 flushing  nmethod 0x000002029480dd10
Event: 11064.849 Thread 0x00000202a747b0b0 flushing  nmethod 0x0000020294850c10

Events (20 events):
Event: 10870.246 Thread 0x00000202f0380d30 Thread added: 0x00000202f0382e00
Event: 10870.929 Thread 0x00000202f0380d30 Thread added: 0x00000202f0383b20
Event: 10871.175 Thread 0x00000202f0380d30 Thread added: 0x00000202f0384840
Event: 10871.487 Thread 0x00000202f0384840 Thread added: 0x00000202f0384ed0
Event: 10871.608 Thread 0x00000202f0384840 Thread added: 0x00000202f0381a50
Event: 10871.621 Thread 0x00000202f0384840 Thread added: 0x00000202f0385560
Event: 10895.042 Thread 0x00000202f0384840 Thread added: 0x00000202f0386910
Event: 10895.568 Thread 0x00000202f0384840 Thread added: 0x00000202f0387630
Event: 10896.335 Thread 0x00000202f0384840 Thread added: 0x00000202f0387cc0
Event: 10941.821 Thread 0x00000202a74aff70 Thread added: 0x00000202f0689c00
Event: 10951.947 Thread 0x00000202f0689c00 Thread exited: 0x00000202f0689c00
Event: 10975.541 Thread 0x00000202f0384840 Thread added: 0x00000202f9fb6930
Event: 10975.990 Thread 0x00000202f0384840 Thread added: 0x00000202f9fb4ef0
Event: 10981.086 Thread 0x00000202f0384840 Thread added: 0x00000202f9fb6fc0
Event: 10981.109 Thread 0x00000202f0384840 Thread added: 0x00000202f9fb3b40
Event: 10981.151 Thread 0x00000202f0384840 Thread added: 0x00000202f9fb7650
Event: 10989.921 Thread 0x00000202f0384840 Thread added: 0x00000202f9fb41d0
Event: 10996.223 Thread 0x00000202f0384840 Thread added: 0x00000202f2213660
Event: 11066.870 Thread 0x00000202f0384840 Thread added: 0x00000202f1a1a250
Event: 11069.662 Thread 0x00000202f0384840 Thread added: 0x00000202f1a18ea0


Dynamic libraries:
0x00007ff70a2a0000 - 0x00007ff70a2ae000 	C:\Users\isaac\.gradle\jdks\amazon_com_inc_-21-amd64-windows.2\bin\java.exe
0x00007ff8f8ec0000 - 0x00007ff8f9126000 	C:\WINDOWS\SYSTEM32\ntdll.dll
0x00007ff8f7bf0000 - 0x00007ff8f7cb9000 	C:\WINDOWS\System32\KERNEL32.DLL
0x00007ff8f6830000 - 0x00007ff8f6c2a000 	C:\WINDOWS\System32\KERNELBASE.dll
0x00007ff8f6330000 - 0x00007ff8f647c000 	C:\WINDOWS\System32\ucrtbase.dll
0x00007ff8ab790000 - 0x00007ff8ab7ae000 	C:\Users\isaac\.gradle\jdks\amazon_com_inc_-21-amd64-windows.2\bin\VCRUNTIME140.dll
0x00007ff8ad6e0000 - 0x00007ff8ad6f8000 	C:\Users\isaac\.gradle\jdks\amazon_com_inc_-21-amd64-windows.2\bin\jli.dll
0x00007ff8e5b30000 - 0x00007ff8e5dc2000 	C:\WINDOWS\WinSxS\amd64_microsoft.windows.common-controls_6595b64144ccf1df_6.0.26100.8521_none_3e08b75ce33403b3\COMCTL32.dll
0x00007ff8f7a20000 - 0x00007ff8f7be7000 	C:\WINDOWS\System32\USER32.dll
0x00007ff8f65f0000 - 0x00007ff8f6617000 	C:\WINDOWS\System32\win32u.dll
0x00007ff8f7820000 - 0x00007ff8f78c9000 	C:\WINDOWS\System32\msvcrt.dll
0x00007ff8f7760000 - 0x00007ff8f778b000 	C:\WINDOWS\System32\GDI32.dll
0x00007ff8f6200000 - 0x00007ff8f632b000 	C:\WINDOWS\System32\gdi32full.dll
0x00007ff8f6150000 - 0x00007ff8f61f3000 	C:\WINDOWS\System32\msvcp_win.dll
0x00007ff8f7720000 - 0x00007ff8f7752000 	C:\WINDOWS\System32\IMM32.DLL
0x00007ff8e6670000 - 0x00007ff8e667c000 	C:\Users\isaac\.gradle\jdks\amazon_com_inc_-21-amd64-windows.2\bin\vcruntime140_1.dll
0x00007ff86dd90000 - 0x00007ff86de19000 	C:\Users\isaac\.gradle\jdks\amazon_com_inc_-21-amd64-windows.2\bin\msvcp140.dll
0x00007fff5d8a0000 - 0x00007fff5e648000 	C:\Users\isaac\.gradle\jdks\amazon_com_inc_-21-amd64-windows.2\bin\server\jvm.dll
0x00007ff8f80d0000 - 0x00007ff8f8186000 	C:\WINDOWS\System32\ADVAPI32.dll
0x00007ff8f8d40000 - 0x00007ff8f8dea000 	C:\WINDOWS\System32\sechost.dll
0x00007ff8f7dd0000 - 0x00007ff8f7ee8000 	C:\WINDOWS\System32\RPCRT4.dll
0x00007ff8f84f0000 - 0x00007ff8f8570000 	C:\WINDOWS\System32\WS2_32.dll
0x00007ff8f5fd0000 - 0x00007ff8f602e000 	C:\WINDOWS\SYSTEM32\POWRPROF.dll
0x00007ff8ef520000 - 0x00007ff8ef556000 	C:\WINDOWS\SYSTEM32\WINMM.dll
0x00007ff8ef560000 - 0x00007ff8ef56b000 	C:\WINDOWS\SYSTEM32\VERSION.dll
0x00007ff8f5fb0000 - 0x00007ff8f5fc4000 	C:\WINDOWS\SYSTEM32\UMPDC.dll
0x00007ff8f4ea0000 - 0x00007ff8f4ebb000 	C:\WINDOWS\SYSTEM32\kernel.appcore.dll
0x00007ff8c65a0000 - 0x00007ff8c65aa000 	C:\Users\isaac\.gradle\jdks\amazon_com_inc_-21-amd64-windows.2\bin\jimage.dll
0x00007ff8e8040000 - 0x00007ff8e8282000 	C:\WINDOWS\SYSTEM32\DBGHELP.DLL
0x00007ff8f7390000 - 0x00007ff8f7713000 	C:\WINDOWS\System32\combase.dll
0x00007ff8f8190000 - 0x00007ff8f8269000 	C:\WINDOWS\System32\OLEAUT32.dll
0x00007ff8d8250000 - 0x00007ff8d828b000 	C:\WINDOWS\SYSTEM32\dbgcore.DLL
0x00007ff8f6480000 - 0x00007ff8f6528000 	C:\WINDOWS\System32\bcryptPrimitives.dll
0x00007ff8e6bc0000 - 0x00007ff8e6bd0000 	C:\Users\isaac\.gradle\jdks\amazon_com_inc_-21-amd64-windows.2\bin\instrument.dll
0x00007ff89e9a0000 - 0x00007ff89e9c1000 	C:\Users\isaac\.gradle\jdks\amazon_com_inc_-21-amd64-windows.2\bin\java.dll
0x00007ff8f8580000 - 0x00007ff8f8d04000 	C:\WINDOWS\System32\SHELL32.dll
0x00007ff8f3cf0000 - 0x00007ff8f4570000 	C:\WINDOWS\SYSTEM32\windows.storage.dll
0x00007ff8f78d0000 - 0x00007ff8f79c6000 	C:\WINDOWS\System32\SHCORE.dll
0x00007ff8f77b0000 - 0x00007ff8f7817000 	C:\WINDOWS\System32\shlwapi.dll
0x00007ff8f6070000 - 0x00007ff8f6099000 	C:\WINDOWS\SYSTEM32\profapi.dll
0x00007ff86dcb0000 - 0x00007ff86dd87000 	C:\Users\isaac\.gradle\jdks\amazon_com_inc_-21-amd64-windows.2\bin\jsvml.dll
0x00007ff89e980000 - 0x00007ff89e998000 	C:\Users\isaac\.gradle\jdks\amazon_com_inc_-21-amd64-windows.2\bin\zip.dll
0x00007ff89e960000 - 0x00007ff89e971000 	C:\Users\isaac\.gradle\jdks\amazon_com_inc_-21-amd64-windows.2\bin\net.dll
0x00007ff8eba60000 - 0x00007ff8ebb89000 	C:\WINDOWS\SYSTEM32\WINHTTP.dll
0x00007ff8f53f0000 - 0x00007ff8f545c000 	C:\WINDOWS\system32\mswsock.dll
0x00007ff89e1d0000 - 0x00007ff89e1e6000 	C:\Users\isaac\.gradle\jdks\amazon_com_inc_-21-amd64-windows.2\bin\nio.dll
0x00007ff89e1c0000 - 0x00007ff89e1d0000 	C:\Users\isaac\.gradle\jdks\amazon_com_inc_-21-amd64-windows.2\bin\verify.dll
0x00007ff8ab7b0000 - 0x00007ff8ab7d7000 	C:\Users\isaac\.gradle\native\660c5614fbf4a5f2a75b1949f50a0caf5cd603558e7d8a26e50b933a0cfb79d1\windows-amd64\native-platform.dll
0x00007fff5e650000 - 0x00007fff5e6c7000 	C:\Users\isaac\.gradle\native\0.2.8\x86_64-windows-gnu\gradle-fileevents.dll
0x00007ff89dba0000 - 0x00007ff89dbaa000 	C:\Users\isaac\.gradle\jdks\amazon_com_inc_-21-amd64-windows.2\bin\management.dll
0x00007ff89db90000 - 0x00007ff89db9c000 	C:\Users\isaac\.gradle\jdks\amazon_com_inc_-21-amd64-windows.2\bin\management_ext.dll
0x00007ff8f8280000 - 0x00007ff8f8288000 	C:\WINDOWS\System32\PSAPI.DLL
0x00007ff8f4930000 - 0x00007ff8f4963000 	C:\WINDOWS\SYSTEM32\IPHLPAPI.DLL
0x00007ff8f7380000 - 0x00007ff8f738a000 	C:\WINDOWS\System32\NSI.dll
0x00007ff89db80000 - 0x00007ff89db89000 	C:\Users\isaac\.gradle\jdks\amazon_com_inc_-21-amd64-windows.2\bin\extnet.dll
0x00007ff8f5880000 - 0x00007ff8f589b000 	C:\WINDOWS\SYSTEM32\CRYPTSP.dll
0x00007ff8f4e00000 - 0x00007ff8f4e39000 	C:\WINDOWS\system32\rsaenh.dll
0x00007ff8f54a0000 - 0x00007ff8f54d3000 	C:\WINDOWS\SYSTEM32\USERENV.dll
0x00007ff8f6040000 - 0x00007ff8f606a000 	C:\WINDOWS\SYSTEM32\bcrypt.dll
0x00007ff8f5650000 - 0x00007ff8f565c000 	C:\WINDOWS\SYSTEM32\CRYPTBASE.dll
0x00007ff8e65d0000 - 0x00007ff8e65de000 	C:\Users\isaac\.gradle\jdks\amazon_com_inc_-21-amd64-windows.2\bin\sunmscapi.dll
0x00007ff8f6620000 - 0x00007ff8f6798000 	C:\WINDOWS\System32\CRYPT32.dll
0x00007ff8f5830000 - 0x00007ff8f5860000 	C:\WINDOWS\SYSTEM32\ncrypt.dll
0x00007ff8f57e0000 - 0x00007ff8f581f000 	C:\WINDOWS\SYSTEM32\NTASN1.dll
0x00007ff8debb0000 - 0x00007ff8debb8000 	C:\WINDOWS\system32\wshunix.dll
0x00007ff8c3b10000 - 0x00007ff8c3b17000 	C:\Users\isaac\.gradle\jdks\amazon_com_inc_-21-amd64-windows.2\bin\rmi.dll
0x00007ff8f4fc0000 - 0x00007ff8f4ff6000 	C:\WINDOWS\SYSTEM32\ntmarta.dll
0x00007ff8f4970000 - 0x00007ff8f4aba000 	C:\WINDOWS\SYSTEM32\DNSAPI.dll
0x00007ff8f5210000 - 0x00007ff8f521d000 	C:\WINDOWS\SYSTEM32\DSPARSE.dll
0x00007ff8ed160000 - 0x00007ff8ed16b000 	C:\Windows\System32\rasadhlp.dll
0x00007ff8e7770000 - 0x00007ff8e77f6000 	C:\WINDOWS\System32\fwpuclnt.dll

JVMTI agents:
C:\Users\isaac\.gradle\wrapper\dists\gradle-9.4.1-bin\arn2x92ynaizyzdaamcbpbhtj\gradle-9.4.1\lib\agents\gradle-instrumentation-agent-9.4.1.jar path:C:\Users\isaac\.gradle\jdks\amazon_com_inc_-21-amd64-windows.2\bin\instrument.dll, loaded, initialized, instrumentlib options:none

dbghelp: loaded successfully - version: 4.0.5 - missing functions: none
symbol engine: initialized successfully - sym options: 0x614 - pdb path: .;C:\Users\isaac\.gradle\jdks\amazon_com_inc_-21-amd64-windows.2\bin;C:\WINDOWS\SYSTEM32;C:\WINDOWS\WinSxS\amd64_microsoft.windows.common-controls_6595b64144ccf1df_6.0.26100.8521_none_3e08b75ce33403b3;C:\Users\isaac\.gradle\jdks\amazon_com_inc_-21-amd64-windows.2\bin\server;C:\Users\isaac\.gradle\native\660c5614fbf4a5f2a75b1949f50a0caf5cd603558e7d8a26e50b933a0cfb79d1\windows-amd64;C:\Users\isaac\.gradle\native\0.2.8\x86_64-windows-gnu

VM Arguments:
jvm_args: --add-opens=java.base/java.lang=ALL-UNNAMED --add-opens=java.base/java.lang.invoke=ALL-UNNAMED --add-opens=java.base/java.util=ALL-UNNAMED --add-opens=java.prefs/java.util.prefs=ALL-UNNAMED --add-exports=jdk.compiler/com.sun.tools.javac.api=ALL-UNNAMED --add-exports=jdk.compiler/com.sun.tools.javac.util=ALL-UNNAMED --add-opens=java.base/java.util=ALL-UNNAMED --add-opens=java.prefs/java.util.prefs=ALL-UNNAMED --add-opens=java.base/java.nio.charset=ALL-UNNAMED --add-opens=java.base/java.net=ALL-UNNAMED --add-opens=java.base/java.util.concurrent=ALL-UNNAMED --add-opens=java.base/java.util.concurrent.atomic=ALL-UNNAMED --add-opens=java.xml/javax.xml.namespace=ALL-UNNAMED --add-opens=java.base/java.time=ALL-UNNAMED -Xmx3072M -Dfile.encoding=UTF-8 -Duser.country=MX -Duser.language=es -Duser.variant -javaagent:C:\Users\isaac\.gradle\wrapper\dists\gradle-9.4.1-bin\arn2x92ynaizyzdaamcbpbhtj\gradle-9.4.1\lib\agents\gradle-instrumentation-agent-9.4.1.jar 
java_command: org.gradle.launcher.daemon.bootstrap.GradleDaemon 9.4.1
java_class_path (initial): C:\Users\isaac\.gradle\wrapper\dists\gradle-9.4.1-bin\arn2x92ynaizyzdaamcbpbhtj\gradle-9.4.1\lib\gradle-daemon-main-9.4.1.jar
Launcher Type: SUN_STANDARD

[Global flags]
     intx CICompilerCount                          = 3                                         {product} {ergonomic}
     uint ConcGCThreads                            = 1                                         {product} {ergonomic}
     uint G1ConcRefinementThreads                  = 4                                         {product} {ergonomic}
   size_t G1HeapRegionSize                         = 2097152                                   {product} {ergonomic}
    uintx GCDrainStackTargetSize                   = 64                                        {product} {ergonomic}
   size_t InitialHeapSize                          = 100663296                                 {product} {ergonomic}
   size_t MarkStackSize                            = 4194304                                   {product} {ergonomic}
   size_t MaxHeapSize                              = 3221225472                                {product} {command line}
   size_t MaxNewSize                               = 1931476992                                {product} {ergonomic}
   size_t MinHeapDeltaBytes                        = 2097152                                   {product} {ergonomic}
   size_t MinHeapSize                              = 8388608                                   {product} {ergonomic}
    uintx NonNMethodCodeHeapSize                   = 5832780                                {pd product} {ergonomic}
    uintx NonProfiledCodeHeapSize                  = 122912730                              {pd product} {ergonomic}
    uintx ProfiledCodeHeapSize                     = 122912730                              {pd product} {ergonomic}
    uintx ReservedCodeCacheSize                    = 251658240                              {pd product} {ergonomic}
     bool SegmentedCodeCache                       = true                                      {product} {ergonomic}
   size_t SoftMaxHeapSize                          = 3221225472                             {manageable} {ergonomic}
     bool UseCompressedOops                        = true                           {product lp64_product} {ergonomic}
     bool UseG1GC                                  = true                                      {product} {ergonomic}
     bool UseLargePagesIndividualAllocation        = false                                  {pd product} {ergonomic}

Logging:
Log output configuration:
 #0: stdout all=warning uptime,level,tags foldmultilines=false
 #1: stderr all=off uptime,level,tags foldmultilines=false

Release file:
IMPLEMENTOR="Amazon.com Inc." 
IMPLEMENTOR_VERSION="Corretto-21.0.11.10.1" 
JAVA_RUNTIME_VERSION="21.0.11+10-LTS" 
JAVA_VERSION="21.0.11" 
JAVA_VERSION_DATE="2026-04-21" 
LIBC="default" 
MODULES="java.base java.compiler java.datatransfer java.xml java.prefs java.desktop java.instrument java.logging java.management java.security.sasl java.naming java.rmi java.management.rmi java.net.http java.scripting java.security.jgss java.transaction.xa java.sql java.sql.rowset java.xml.crypto java.se java.smartcardio jdk.accessibility jdk.internal.jvmstat jdk.attach jdk.charsets jdk.internal.opt jdk.zipfs jdk.compiler jdk.crypto.ec jdk.crypto.cryptoki jdk.crypto.mscapi jdk.dynalink jdk.internal.ed jdk.editpad jdk.hotspot.agent jdk.httpserver jdk.incubator.vector jdk.internal.le jdk.internal.vm.ci jdk.internal.vm.compiler jdk.internal.vm.compiler.management jdk.jartool jdk.javadoc jdk.jcmd jdk.management jdk.management.agent jdk.jconsole jdk.jdeps jdk.jdwp.agent jdk.jdi jdk.jfr jdk.jlink jdk.jpackage jdk.jshell jdk.jsobject jdk.jstatd jdk.localedata jdk.management.jfr jdk.naming.dns jdk.naming.rmi jdk.net jdk.nio.mapmode jdk.random jdk.sctp jdk.security.auth jdk.security.jgss jdk.unsupported jdk.unsupported.desktop jdk.xml.dom" 
OS_ARCH="x86_64" 
OS_NAME="Windows" 
SOURCE="" 

Environment Variables:
PATH=C:\Program Files\Microsoft\jdk-11.0.12.7-hotspot\bin;C:\Program Files\Common Files\Oracle\Java\javapath;C:\windows\system32;C:\windows;C:\windows\System32\Wbem;C:\windows\System32\WindowsPowerShell\v1.0\;C:\windows\System32\OpenSSH\;C:\Program Files\dotnet\;C:\WINDOWS\system32;C:\WINDOWS;C:\WINDOWS\System32\Wbem;C:\WINDOWS\System32\WindowsPowerShell\v1.0\;C:\WINDOWS\System32\OpenSSH\;C:\Program Files (x86)\Microsoft SQL Server\160\Tools\Binn\;C:\Program Files\Microsoft SQL Server\160\Tools\Binn\;C:\Program Files\Microsoft SQL Server\Client SDK\ODBC\170\Tools\Binn\;C:\Program Files\Microsoft SQL Server\160\DTS\Binn\;C:\Program Files (x86)\Microsoft SQL Server\160\DTS\Binn\;C:\Program Files\Microsoft SQL Server\150\Tools\Binn\;C:\Program Files\nodejs\;C:\Program Files\Git\cmd;C:\Program Files (x86)\Windows Kits\10\Windows Performance Toolkit\;C:\Users\isaac\AppData\Local\Microsoft\WindowsApps;C:\Users\isaac\AppData\Local\Programs\Microsoft VS Code\bin;C:\Users\isaac\.dotnet\tools;C:\Users\isaac\AppData\Local\Programs\MiKTeX\miktex\bin\x64\;C:\Users\isaac\AppData\Roaming\npm
USERNAME=isaac
OS=Windows_NT
PROCESSOR_IDENTIFIER=AMD64 Family 23 Model 24 Stepping 1, AuthenticAMD
TMP=C:\Users\isaac\AppData\Local\Temp
TEMP=C:\Users\isaac\AppData\Local\Temp




Periodic native trim disabled

---------------  S Y S T E M  ---------------

OS:
 Windows 11 , 64 bit Build 26100 (10.0.26100.8521)
OS uptime: 3 days 10:09 hours
Hyper-V role detected

CPU: total 4 (initial active 4) (4 cores per cpu, 2 threads per core) family 23 model 24 stepping 1 microcode 0x8108109, cx8, cmov, fxsr, ht, mmx, 3dnowpref, sse, sse2, sse3, ssse3, sse4a, sse4.1, sse4.2, popcnt, lzcnt, tsc, tscinvbit, avx, avx2, aes, clmul, bmi1, bmi2, adx, sha, fma, vzeroupper, clflush, clflushopt, hv, rdtscp, f16c
Processor Information for the first 4 processors :
  Max Mhz: 2600, Current Mhz: 2600, Mhz Limit: 2600

Memory: 4k page, system-wide physical 6059M (329M free)
TotalPageFile size 24491M (AvailPageFile size 86M)
current process WorkingSet (physical memory assigned to process): 419M, peak: 533M
current process commit charge ("private bytes"): 841M, peak: 925M

vm_info: OpenJDK 64-Bit Server VM (21.0.11+10-LTS) for windows-amd64 JRE (21.0.11+10-LTS), built on 2026-04-18T07:30:30Z by "Administrator" with MS VC++ 17.14 (VS2022)

END.
